#
# There is insufficient memory for the Java Runtime Environment to continue.
# Native memory allocation (malloc) failed to allocate 1108096 bytes. Error detail: Chunk::new
# Possible reasons:
#   The system is out of physical RAM or swap space
#   This process is running with CompressedOops enabled, and the Java Heap may be blocking the growth of the native heap
# Possible solutions:
#   Reduce memory load on the system
#   Increase physical memory or swap space
#   Check if swap backing store is full
#   Decrease Java heap size (-Xmx/-Xms)
#   Decrease number of Java threads
#   Decrease Java thread stack sizes (-Xss)
#   Set larger code cache with -XX:ReservedCodeCacheSize=
#   JVM is running with Unscaled Compressed Oops mode in which the Java heap is
#     placed in the first 4GB address space. The Java Heap base address is the
#     maximum limit for the native heap growth. Please use -XX:HeapBaseMinAddress
#     to set the Java Heap base and to place the Java Heap above 4GB virtual address.
# This output file may be truncated or incomplete.
#
#  Out of Memory Error (arena.cpp:168), pid=18756, tid=22164
#
# JRE version: OpenJDK Runtime Environment Temurin-21.0.12.1+1 (21.0.12.1+1) (build 21.0.12.1+1-LTS)
# Java VM: OpenJDK 64-Bit Server VM Temurin-21.0.12.1+1 (21.0.12.1+1-LTS, mixed mode, sharing, tiered, compressed oops, compressed class ptrs, g1 gc, windows-amd64)
# No core dump will be written. Minidumps are not enabled by default on client versions of Windows
#

---------------  S U M M A R Y ------------

Command Line: --add-opens=java.base/java.lang=ALL-UNNAMED --add-opens=java.base/java.lang.invoke=ALL-UNNAMED --add-opens=java.base/java.util=ALL-UNNAMED --add-opens=java.prefs/java.util.prefs=ALL-UNNAMED --add-exports=jdk.compiler/com.sun.tools.javac.api=ALL-UNNAMED --add-exports=jdk.compiler/com.sun.tools.javac.util=ALL-UNNAMED --add-opens=java.base/java.util=ALL-UNNAMED --add-opens=java.prefs/java.util.prefs=ALL-UNNAMED --add-opens=java.base/java.nio.charset=ALL-UNNAMED --add-opens=java.base/java.net=ALL-UNNAMED --add-opens=java.base/java.util.concurrent=ALL-UNNAMED --add-opens=java.base/java.util.concurrent.atomic=ALL-UNNAMED --add-opens=java.xml/javax.xml.namespace=ALL-UNNAMED --add-opens=java.base/java.time=ALL-UNNAMED -Xmx2048m -Dfile.encoding=UTF-8 -Duser.country=CO -Duser.language=es -Duser.variant -javaagent:C:\Users\Cesde\.gradle\wrapper\dists\gradle-9.4.1-bin\arn2x92ynaizyzdaamcbpbhtj\gradle-9.4.1\lib\agents\gradle-instrumentation-agent-9.4.1.jar org.gradle.launcher.daemon.bootstrap.GradleDaemon 9.4.1

Host: 11th Gen Intel(R) Core(TM) i7-1165G7 @ 2.80GHz, 8 cores, 15G,  Windows 11 , 64 bit Build 26100 (10.0.26100.9444)
Time: Wed Sep 16 18:52:39 2026 Hora est. Pacífico, Sudamérica elapsed time: 259.185686 seconds (0d 0h 4m 19s)

---------------  T H R E A D  ---------------

Current thread (0x0000029455a3b2f0):  JavaThread "C2 CompilerThread0" daemon [_thread_in_native, id=22164, stack(0x000000fca2700000,0x000000fca2800000) (1024K)]


Current CompileTask:
C2:259185 2931       4       java.lang.invoke.MethodType::makeImpl (109 bytes)

Stack: [0x000000fca2700000,0x000000fca2800000]
Native frames: (J=compiled Java code, j=interpreted, Vv=VM code, C=native code)
V  [jvm.dll+0x6d83e9]
V  [jvm.dll+0x8b5736]
V  [jvm.dll+0x8b7cee]
V  [jvm.dll+0x8b83d3]
V  [jvm.dll+0x284596]
V  [jvm.dll+0xc685d]
V  [jvm.dll+0xc6da1]
V  [jvm.dll+0x2fb5ae]
V  [jvm.dll+0x5fee94]
V  [jvm.dll+0x255d67]
V  [jvm.dll+0x25612d]
V  [jvm.dll+0x24e6a0]
V  [jvm.dll+0x24bbe6]
V  [jvm.dll+0x1cb4ae]
V  [jvm.dll+0x25baad]
V  [jvm.dll+0x25a03a]
V  [jvm.dll+0x3f8aae]
V  [jvm.dll+0x8600cd]
V  [jvm.dll+0x6d6c1d]
C  [ucrtbase.dll+0x2cd30]
C  [KERNEL32.DLL+0x2cd87]
C  [ntdll.dll+0xacaec]


---------------  P R O C E S S  ---------------

Threads class SMR info:
_java_thread_list=0x000002949c9c3850, length=25, elements={
0x000002943bf27930, 0x0000029455a31620, 0x0000029455a32da0, 0x0000029455a38640,
0x0000029455a390a0, 0x0000029455a39b00, 0x0000029455a3a560, 0x0000029455a3b2f0,
0x0000029455a42110, 0x0000029455c1ca80, 0x0000029455c4f060, 0x000002949b43e010,
0x000002949c983910, 0x000002949cbcf4e0, 0x000002949cbee450, 0x000002949c5467c0,
0x000002949ca9ef60, 0x000002949c8f1600, 0x000002949c8efbc0, 0x000002949c8f0f70,
0x000002949c8f1c90, 0x000002949c8f2320, 0x000002949c8f08e0, 0x000002949c8eeea0,
0x000002949c8f0250
}

Java Threads: ( => current thread )
  0x000002943bf27930 JavaThread "main"                              [_thread_blocked, id=18552, stack(0x000000fca1800000,0x000000fca1900000) (1024K)]
  0x0000029455a31620 JavaThread "Reference Handler"          daemon [_thread_blocked, id=22140, stack(0x000000fca2100000,0x000000fca2200000) (1024K)]
  0x0000029455a32da0 JavaThread "Finalizer"                  daemon [_thread_blocked, id=22144, stack(0x000000fca2200000,0x000000fca2300000) (1024K)]
  0x0000029455a38640 JavaThread "Signal Dispatcher"          daemon [_thread_blocked, id=22148, stack(0x000000fca2300000,0x000000fca2400000) (1024K)]
  0x0000029455a390a0 JavaThread "Attach Listener"            daemon [_thread_blocked, id=22152, stack(0x000000fca2400000,0x000000fca2500000) (1024K)]
  0x0000029455a39b00 JavaThread "Service Thread"             daemon [_thread_blocked, id=22156, stack(0x000000fca2500000,0x000000fca2600000) (1024K)]
  0x0000029455a3a560 JavaThread "Monitor Deflation Thread"   daemon [_thread_blocked, id=22160, stack(0x000000fca2600000,0x000000fca2700000) (1024K)]
=>0x0000029455a3b2f0 JavaThread "C2 CompilerThread0"         daemon [_thread_in_native, id=22164, stack(0x000000fca2700000,0x000000fca2800000) (1024K)]
  0x0000029455a42110 JavaThread "C1 CompilerThread0"         daemon [_thread_blocked, id=22176, stack(0x000000fca2800000,0x000000fca2900000) (1024K)]
  0x0000029455c1ca80 JavaThread "Common-Cleaner"             daemon [_thread_blocked, id=23160, stack(0x000000fca2900000,0x000000fca2a00000) (1024K)]
  0x0000029455c4f060 JavaThread "Notification Thread"        daemon [_thread_blocked, id=23484, stack(0x000000fca2a00000,0x000000fca2b00000) (1024K)]
  0x000002949b43e010 JavaThread "Daemon health stats"               [_thread_blocked, id=33836, stack(0x000000fca3100000,0x000000fca3200000) (1024K)]
  0x000002949c983910 JavaThread "Incoming local TCP Connector on port 65048"        [_thread_in_native, id=36664, stack(0x000000fca2e00000,0x000000fca2f00000) (1024K)]
  0x000002949cbcf4e0 JavaThread "Daemon periodic checks"            [_thread_blocked, id=33828, stack(0x000000fca3200000,0x000000fca3300000) (1024K)]
  0x000002949cbee450 JavaThread "Daemon"                            [_thread_blocked, id=34740, stack(0x000000fca3300000,0x000000fca3400000) (1024K)]
  0x000002949c5467c0 JavaThread "Handler for socket connection from /127.0.0.1:65048 to /127.0.0.1:65068"        [_thread_in_native, id=33600, stack(0x000000fca3400000,0x000000fca3500000) (1024K)]
  0x000002949ca9ef60 JavaThread "Cancel handler"                    [_thread_blocked, id=4320, stack(0x000000fca3500000,0x000000fca3600000) (1024K)]
  0x000002949c8f1600 JavaThread "Daemon worker"                     [_thread_blocked, id=29968, stack(0x000000fca3600000,0x000000fca3700000) (1024K)]
  0x000002949c8efbc0 JavaThread "Asynchronous log dispatcher for DefaultDaemonConnection: socket connection from /127.0.0.1:65048 to /127.0.0.1:65068"        [_thread_blocked, id=15424, stack(0x000000fca3700000,0x000000fca3800000) (1024K)]
  0x000002949c8f0f70 JavaThread "Stdin handler"                     [_thread_blocked, id=17036, stack(0x000000fca3800000,0x000000fca3900000) (1024K)]
  0x000002949c8f1c90 JavaThread "Daemon client event forwarder"        [_thread_blocked, id=15404, stack(0x000000fca3900000,0x000000fca3a00000) (1024K)]
  0x000002949c8f2320 JavaThread "Cache worker for journal cache (C:\Users\Cesde\.gradle\caches\journal-1)"        [_thread_blocked, id=33572, stack(0x000000fca3a00000,0x000000fca3b00000) (1024K)]
  0x000002949c8f08e0 JavaThread "File lock request listener"        [_thread_in_native, id=27620, stack(0x000000fca3b00000,0x000000fca3c00000) (1024K)]
  0x000002949c8eeea0 JavaThread "File lock release action executor"        [_thread_new, id=29136, stack(0x0000000000000000,0x0000000000000000) (0B)]
  0x000002949c8f0250 JavaThread "Cache worker for file hash cache (C:\Users\Cesde\.gradle\caches\9.4.1\fileHashes)"        [_thread_blocked, id=29176, stack(0x000000fca3d00000,0x000000fca3e00000) (1024K)]
Total: 25

Other Threads:
  0x0000029455a0e1c0 VMThread "VM Thread"                           [id=21816, stack(0x000000fca2000000,0x000000fca2100000) (1024K)]
  0x00000294559f98e0 WatcherThread "VM Periodic Task Thread"        [id=21696, stack(0x000000fca1f00000,0x000000fca2000000) (1024K)]
  0x000002943c3d7de0 WorkerThread "GC Thread#0"                     [id=21660, stack(0x000000fca1a00000,0x000000fca1b00000) (1024K)]
  0x000002949b5ba770 WorkerThread "GC Thread#1"                     [id=27032, stack(0x000000fca1700000,0x000000fca1800000) (1024K)]
  0x0000029455bf6c40 WorkerThread "GC Thread#2"                     [id=27036, stack(0x000000fca1900000,0x000000fca1a00000) (1024K)]
  0x0000029455bf6ff0 WorkerThread "GC Thread#3"                     [id=27040, stack(0x000000fca2b00000,0x000000fca2c00000) (1024K)]
  0x0000029455bf73a0 WorkerThread "GC Thread#4"                     [id=27044, stack(0x000000fca2c00000,0x000000fca2d00000) (1024K)]
  0x0000029455bf7750 WorkerThread "GC Thread#5"                     [id=27048, stack(0x000000fca2d00000,0x000000fca2e00000) (1024K)]
  0x000002943c3e8ce0 ConcurrentGCThread "G1 Main Marker"            [id=21664, stack(0x000000fca1b00000,0x000000fca1c00000) (1024K)]
  0x000002943c3ea580 WorkerThread "G1 Conc#0"                       [id=21668, stack(0x000000fca1c00000,0x000000fca1d00000) (1024K)]
  0x00000294558cc700 ConcurrentGCThread "G1 Refine#0"               [id=21672, stack(0x000000fca1d00000,0x000000fca1e00000) (1024K)]
  0x00000294558ccf30 ConcurrentGCThread "G1 Service"                [id=21676, stack(0x000000fca1e00000,0x000000fca1f00000) (1024K)]
Total: 12

Threads with active compile tasks:
C2 CompilerThread0  259221 2931       4       java.lang.invoke.MethodType::makeImpl (109 bytes)
Total: 1

VM state: not at safepoint (normal execution)

VM Mutex/Monitor currently owned by a thread: None

Heap address: 0x0000000080000000, size: 2048 MB, Compressed Oops mode: 32-bit

CDS archive(s) mapped at: [0x0000029456000000-0x0000029456ba0000-0x0000029456ba0000), size 12189696, SharedBaseAddress: 0x0000029456000000, ArchiveRelocationMode: 1.
Compressed class space mapped at: 0x0000029457000000-0x0000029497000000, reserved size: 1073741824
Narrow klass base: 0x0000029456000000, Narrow klass shift: 0, Narrow klass range: 0x100000000

GC Precious Log:
 CardTable entry size: 512
 Card Set container configuration: InlinePtr #cards 5 size 8 Array Of Cards #cards 12 size 40 Howl #buckets 4 coarsen threshold 1843 Howl Bitmap #cards 512 size 80 coarsen threshold 460 Card regions per heap region 1 cards per card region 2048
 CPUs: 8 total, 8 available
 Memory: 16082M
 Large Page Support: Disabled
 NUMA Support: Disabled
 Compressed Oops: Enabled (32-bit)
 Heap Region Size: 1M
 Heap Min Capacity: 8M
 Heap Initial Capacity: 252M
 Heap Max Capacity: 2G
 Pre-touch: Disabled
 Parallel Workers: 8
 Concurrent Workers: 2
 Concurrent Refinement Workers: 8
 Periodic GC: Disabled

Heap:
 garbage-first heap   total 258048K, used 89711K [0x0000000080000000, 0x0000000100000000)
  region size 1024K, 77 young (78848K), 4 survivors (4096K)
 Metaspace       used 16128K, committed 16512K, reserved 1114112K
  class space    used 2196K, committed 2368K, reserved 1048576K

Heap Regions: E=young(eden), S=young(survivor), O=old, HS=humongous(starts), HC=humongous(continues), CS=collection set, F=free, TAMS=top-at-mark-start, PB=parsable bottom
|   0|0x0000000080000000, 0x0000000080100000, 0x0000000080100000|100%|HS|  |TAMS 0x0000000080000000| PB 0x0000000080000000| Complete 
|   1|0x0000000080100000, 0x0000000080200000, 0x0000000080200000|100%|HC|  |TAMS 0x0000000080100000| PB 0x0000000080100000| Complete 
|   2|0x0000000080200000, 0x0000000080300000, 0x0000000080300000|100%|HC|  |TAMS 0x0000000080200000| PB 0x0000000080200000| Complete 
|   3|0x0000000080300000, 0x0000000080400000, 0x0000000080400000|100%|HC|  |TAMS 0x0000000080300000| PB 0x0000000080300000| Complete 
|   4|0x0000000080400000, 0x0000000080500000, 0x0000000080500000|100%| O|  |TAMS 0x0000000080400000| PB 0x0000000080400000| Untracked 
|   5|0x0000000080500000, 0x0000000080600000, 0x0000000080600000|100%| O|  |TAMS 0x0000000080500000| PB 0x0000000080500000| Untracked 
|   6|0x0000000080600000, 0x0000000080700000, 0x0000000080700000|100%| O|  |TAMS 0x0000000080600000| PB 0x0000000080600000| Untracked 
|   7|0x0000000080700000, 0x0000000080800000, 0x0000000080800000|100%| O|  |TAMS 0x0000000080700000| PB 0x0000000080700000| Untracked 
|   8|0x0000000080800000, 0x0000000080900000, 0x0000000080900000|100%|HS|  |TAMS 0x0000000080800000| PB 0x0000000080800000| Complete 
|   9|0x0000000080900000, 0x0000000080900000, 0x0000000080a00000|  0%| F|  |TAMS 0x0000000080900000| PB 0x0000000080900000| Untracked 
|  10|0x0000000080a00000, 0x0000000080b00000, 0x0000000080b00000|100%| O|  |TAMS 0x0000000080a00000| PB 0x0000000080a00000| Untracked 
|  11|0x0000000080b00000, 0x0000000080c00000, 0x0000000080c00000|100%| O|  |TAMS 0x0000000080b00000| PB 0x0000000080b00000| Untracked 
|  12|0x0000000080c00000, 0x0000000080ce7018, 0x0000000080d00000| 90%| O|  |TAMS 0x0000000080c00000| PB 0x0000000080c00000| Untracked 
|  13|0x0000000080d00000, 0x0000000080d00000, 0x0000000080e00000|  0%| F|  |TAMS 0x0000000080d00000| PB 0x0000000080d00000| Untracked 
|  14|0x0000000080e00000, 0x0000000080e00000, 0x0000000080f00000|  0%| F|  |TAMS 0x0000000080e00000| PB 0x0000000080e00000| Untracked 
|  15|0x0000000080f00000, 0x0000000080f00000, 0x0000000081000000|  0%| F|  |TAMS 0x0000000080f00000| PB 0x0000000080f00000| Untracked 
|  16|0x0000000081000000, 0x0000000081000000, 0x0000000081100000|  0%| F|  |TAMS 0x0000000081000000| PB 0x0000000081000000| Untracked 
|  17|0x0000000081100000, 0x0000000081100000, 0x0000000081200000|  0%| F|  |TAMS 0x0000000081100000| PB 0x0000000081100000| Untracked 
|  18|0x0000000081200000, 0x0000000081200000, 0x0000000081300000|  0%| F|  |TAMS 0x0000000081200000| PB 0x0000000081200000| Untracked 
|  19|0x0000000081300000, 0x0000000081300000, 0x0000000081400000|  0%| F|  |TAMS 0x0000000081300000| PB 0x0000000081300000| Untracked 
|  20|0x0000000081400000, 0x0000000081400000, 0x0000000081500000|  0%| F|  |TAMS 0x0000000081400000| PB 0x0000000081400000| Untracked 
|  21|0x0000000081500000, 0x0000000081500000, 0x0000000081600000|  0%| F|  |TAMS 0x0000000081500000| PB 0x0000000081500000| Untracked 
|  22|0x0000000081600000, 0x0000000081600000, 0x0000000081700000|  0%| F|  |TAMS 0x0000000081600000| PB 0x0000000081600000| Untracked 
|  23|0x0000000081700000, 0x0000000081700000, 0x0000000081800000|  0%| F|  |TAMS 0x0000000081700000| PB 0x0000000081700000| Untracked 
|  24|0x0000000081800000, 0x0000000081800000, 0x0000000081900000|  0%| F|  |TAMS 0x0000000081800000| PB 0x0000000081800000| Untracked 
|  25|0x0000000081900000, 0x0000000081900000, 0x0000000081a00000|  0%| F|  |TAMS 0x0000000081900000| PB 0x0000000081900000| Untracked 
|  26|0x0000000081a00000, 0x0000000081a00000, 0x0000000081b00000|  0%| F|  |TAMS 0x0000000081a00000| PB 0x0000000081a00000| Untracked 
|  27|0x0000000081b00000, 0x0000000081b00000, 0x0000000081c00000|  0%| F|  |TAMS 0x0000000081b00000| PB 0x0000000081b00000| Untracked 
|  28|0x0000000081c00000, 0x0000000081c00000, 0x0000000081d00000|  0%| F|  |TAMS 0x0000000081c00000| PB 0x0000000081c00000| Untracked 
|  29|0x0000000081d00000, 0x0000000081d00000, 0x0000000081e00000|  0%| F|  |TAMS 0x0000000081d00000| PB 0x0000000081d00000| Untracked 
|  30|0x0000000081e00000, 0x0000000081e00000, 0x0000000081f00000|  0%| F|  |TAMS 0x0000000081e00000| PB 0x0000000081e00000| Untracked 
|  31|0x0000000081f00000, 0x0000000081f00000, 0x0000000082000000|  0%| F|  |TAMS 0x0000000081f00000| PB 0x0000000081f00000| Untracked 
|  32|0x0000000082000000, 0x0000000082000000, 0x0000000082100000|  0%| F|  |TAMS 0x0000000082000000| PB 0x0000000082000000| Untracked 
|  33|0x0000000082100000, 0x0000000082100000, 0x0000000082200000|  0%| F|  |TAMS 0x0000000082100000| PB 0x0000000082100000| Untracked 
|  34|0x0000000082200000, 0x0000000082200000, 0x0000000082300000|  0%| F|  |TAMS 0x0000000082200000| PB 0x0000000082200000| Untracked 
|  35|0x0000000082300000, 0x0000000082300000, 0x0000000082400000|  0%| F|  |TAMS 0x0000000082300000| PB 0x0000000082300000| Untracked 
|  36|0x0000000082400000, 0x0000000082400000, 0x0000000082500000|  0%| F|  |TAMS 0x0000000082400000| PB 0x0000000082400000| Untracked 
|  37|0x0000000082500000, 0x0000000082500000, 0x0000000082600000|  0%| F|  |TAMS 0x0000000082500000| PB 0x0000000082500000| Untracked 
|  38|0x0000000082600000, 0x0000000082600000, 0x0000000082700000|  0%| F|  |TAMS 0x0000000082600000| PB 0x0000000082600000| Untracked 
|  39|0x0000000082700000, 0x0000000082700000, 0x0000000082800000|  0%| F|  |TAMS 0x0000000082700000| PB 0x0000000082700000| Untracked 
|  40|0x0000000082800000, 0x0000000082800000, 0x0000000082900000|  0%| F|  |TAMS 0x0000000082800000| PB 0x0000000082800000| Untracked 
|  41|0x0000000082900000, 0x0000000082900000, 0x0000000082a00000|  0%| F|  |TAMS 0x0000000082900000| PB 0x0000000082900000| Untracked 
|  42|0x0000000082a00000, 0x0000000082a00000, 0x0000000082b00000|  0%| F|  |TAMS 0x0000000082a00000| PB 0x0000000082a00000| Untracked 
|  43|0x0000000082b00000, 0x0000000082b00000, 0x0000000082c00000|  0%| F|  |TAMS 0x0000000082b00000| PB 0x0000000082b00000| Untracked 
|  44|0x0000000082c00000, 0x0000000082c00000, 0x0000000082d00000|  0%| F|  |TAMS 0x0000000082c00000| PB 0x0000000082c00000| Untracked 
|  45|0x0000000082d00000, 0x0000000082d00000, 0x0000000082e00000|  0%| F|  |TAMS 0x0000000082d00000| PB 0x0000000082d00000| Untracked 
|  46|0x0000000082e00000, 0x0000000082e00000, 0x0000000082f00000|  0%| F|  |TAMS 0x0000000082e00000| PB 0x0000000082e00000| Untracked 
|  47|0x0000000082f00000, 0x0000000082f00000, 0x0000000083000000|  0%| F|  |TAMS 0x0000000082f00000| PB 0x0000000082f00000| Untracked 
|  48|0x0000000083000000, 0x0000000083000000, 0x0000000083100000|  0%| F|  |TAMS 0x0000000083000000| PB 0x0000000083000000| Untracked 
|  49|0x0000000083100000, 0x0000000083100000, 0x0000000083200000|  0%| F|  |TAMS 0x0000000083100000| PB 0x0000000083100000| Untracked 
|  50|0x0000000083200000, 0x0000000083200000, 0x0000000083300000|  0%| F|  |TAMS 0x0000000083200000| PB 0x0000000083200000| Untracked 
|  51|0x0000000083300000, 0x0000000083300000, 0x0000000083400000|  0%| F|  |TAMS 0x0000000083300000| PB 0x0000000083300000| Untracked 
|  52|0x0000000083400000, 0x0000000083400000, 0x0000000083500000|  0%| F|  |TAMS 0x0000000083400000| PB 0x0000000083400000| Untracked 
|  53|0x0000000083500000, 0x0000000083500000, 0x0000000083600000|  0%| F|  |TAMS 0x0000000083500000| PB 0x0000000083500000| Untracked 
|  54|0x0000000083600000, 0x0000000083600000, 0x0000000083700000|  0%| F|  |TAMS 0x0000000083600000| PB 0x0000000083600000| Untracked 
|  55|0x0000000083700000, 0x0000000083700000, 0x0000000083800000|  0%| F|  |TAMS 0x0000000083700000| PB 0x0000000083700000| Untracked 
|  56|0x0000000083800000, 0x0000000083800000, 0x0000000083900000|  0%| F|  |TAMS 0x0000000083800000| PB 0x0000000083800000| Untracked 
|  57|0x0000000083900000, 0x0000000083900000, 0x0000000083a00000|  0%| F|  |TAMS 0x0000000083900000| PB 0x0000000083900000| Untracked 
|  58|0x0000000083a00000, 0x0000000083a00000, 0x0000000083b00000|  0%| F|  |TAMS 0x0000000083a00000| PB 0x0000000083a00000| Untracked 
|  59|0x0000000083b00000, 0x0000000083b00000, 0x0000000083c00000|  0%| F|  |TAMS 0x0000000083b00000| PB 0x0000000083b00000| Untracked 
|  60|0x0000000083c00000, 0x0000000083c00000, 0x0000000083d00000|  0%| F|  |TAMS 0x0000000083c00000| PB 0x0000000083c00000| Untracked 
|  61|0x0000000083d00000, 0x0000000083d00000, 0x0000000083e00000|  0%| F|  |TAMS 0x0000000083d00000| PB 0x0000000083d00000| Untracked 
|  62|0x0000000083e00000, 0x0000000083e00000, 0x0000000083f00000|  0%| F|  |TAMS 0x0000000083e00000| PB 0x0000000083e00000| Untracked 
|  63|0x0000000083f00000, 0x0000000083f00000, 0x0000000084000000|  0%| F|  |TAMS 0x0000000083f00000| PB 0x0000000083f00000| Untracked 
|  64|0x0000000084000000, 0x0000000084000000, 0x0000000084100000|  0%| F|  |TAMS 0x0000000084000000| PB 0x0000000084000000| Untracked 
|  65|0x0000000084100000, 0x0000000084100000, 0x0000000084200000|  0%| F|  |TAMS 0x0000000084100000| PB 0x0000000084100000| Untracked 
|  66|0x0000000084200000, 0x0000000084200000, 0x0000000084300000|  0%| F|  |TAMS 0x0000000084200000| PB 0x0000000084200000| Untracked 
|  67|0x0000000084300000, 0x0000000084300000, 0x0000000084400000|  0%| F|  |TAMS 0x0000000084300000| PB 0x0000000084300000| Untracked 
|  68|0x0000000084400000, 0x0000000084400000, 0x0000000084500000|  0%| F|  |TAMS 0x0000000084400000| PB 0x0000000084400000| Untracked 
|  69|0x0000000084500000, 0x0000000084500000, 0x0000000084600000|  0%| F|  |TAMS 0x0000000084500000| PB 0x0000000084500000| Untracked 
|  70|0x0000000084600000, 0x0000000084600000, 0x0000000084700000|  0%| F|  |TAMS 0x0000000084600000| PB 0x0000000084600000| Untracked 
|  71|0x0000000084700000, 0x0000000084700000, 0x0000000084800000|  0%| F|  |TAMS 0x0000000084700000| PB 0x0000000084700000| Untracked 
|  72|0x0000000084800000, 0x0000000084800000, 0x0000000084900000|  0%| F|  |TAMS 0x0000000084800000| PB 0x0000000084800000| Untracked 
|  73|0x0000000084900000, 0x0000000084900000, 0x0000000084a00000|  0%| F|  |TAMS 0x0000000084900000| PB 0x0000000084900000| Untracked 
|  74|0x0000000084a00000, 0x0000000084a00000, 0x0000000084b00000|  0%| F|  |TAMS 0x0000000084a00000| PB 0x0000000084a00000| Untracked 
|  75|0x0000000084b00000, 0x0000000084b00000, 0x0000000084c00000|  0%| F|  |TAMS 0x0000000084b00000| PB 0x0000000084b00000| Untracked 
|  76|0x0000000084c00000, 0x0000000084c00000, 0x0000000084d00000|  0%| F|  |TAMS 0x0000000084c00000| PB 0x0000000084c00000| Untracked 
|  77|0x0000000084d00000, 0x0000000084d00000, 0x0000000084e00000|  0%| F|  |TAMS 0x0000000084d00000| PB 0x0000000084d00000| Untracked 
|  78|0x0000000084e00000, 0x0000000084e00000, 0x0000000084f00000|  0%| F|  |TAMS 0x0000000084e00000| PB 0x0000000084e00000| Untracked 
|  79|0x0000000084f00000, 0x0000000084f00000, 0x0000000085000000|  0%| F|  |TAMS 0x0000000084f00000| PB 0x0000000084f00000| Untracked 
|  80|0x0000000085000000, 0x0000000085000000, 0x0000000085100000|  0%| F|  |TAMS 0x0000000085000000| PB 0x0000000085000000| Untracked 
|  81|0x0000000085100000, 0x0000000085100000, 0x0000000085200000|  0%| F|  |TAMS 0x0000000085100000| PB 0x0000000085100000| Untracked 
|  82|0x0000000085200000, 0x0000000085200000, 0x0000000085300000|  0%| F|  |TAMS 0x0000000085200000| PB 0x0000000085200000| Untracked 
|  83|0x0000000085300000, 0x0000000085300000, 0x0000000085400000|  0%| F|  |TAMS 0x0000000085300000| PB 0x0000000085300000| Untracked 
|  84|0x0000000085400000, 0x0000000085400000, 0x0000000085500000|  0%| F|  |TAMS 0x0000000085400000| PB 0x0000000085400000| Untracked 
|  85|0x0000000085500000, 0x0000000085500000, 0x0000000085600000|  0%| F|  |TAMS 0x0000000085500000| PB 0x0000000085500000| Untracked 
|  86|0x0000000085600000, 0x0000000085600000, 0x0000000085700000|  0%| F|  |TAMS 0x0000000085600000| PB 0x0000000085600000| Untracked 
|  87|0x0000000085700000, 0x0000000085700000, 0x0000000085800000|  0%| F|  |TAMS 0x0000000085700000| PB 0x0000000085700000| Untracked 
|  88|0x0000000085800000, 0x0000000085800000, 0x0000000085900000|  0%| F|  |TAMS 0x0000000085800000| PB 0x0000000085800000| Untracked 
|  89|0x0000000085900000, 0x0000000085900000, 0x0000000085a00000|  0%| F|  |TAMS 0x0000000085900000| PB 0x0000000085900000| Untracked 
|  90|0x0000000085a00000, 0x0000000085a00000, 0x0000000085b00000|  0%| F|  |TAMS 0x0000000085a00000| PB 0x0000000085a00000| Untracked 
|  91|0x0000000085b00000, 0x0000000085b00000, 0x0000000085c00000|  0%| F|  |TAMS 0x0000000085b00000| PB 0x0000000085b00000| Untracked 
|  92|0x0000000085c00000, 0x0000000085c00000, 0x0000000085d00000|  0%| F|  |TAMS 0x0000000085c00000| PB 0x0000000085c00000| Untracked 
|  93|0x0000000085d00000, 0x0000000085d00000, 0x0000000085e00000|  0%| F|  |TAMS 0x0000000085d00000| PB 0x0000000085d00000| Untracked 
|  94|0x0000000085e00000, 0x0000000085e00000, 0x0000000085f00000|  0%| F|  |TAMS 0x0000000085e00000| PB 0x0000000085e00000| Untracked 
|  95|0x0000000085f00000, 0x0000000085f00000, 0x0000000086000000|  0%| F|  |TAMS 0x0000000085f00000| PB 0x0000000085f00000| Untracked 
|  96|0x0000000086000000, 0x0000000086000000, 0x0000000086100000|  0%| F|  |TAMS 0x0000000086000000| PB 0x0000000086000000| Untracked 
|  97|0x0000000086100000, 0x0000000086100000, 0x0000000086200000|  0%| F|  |TAMS 0x0000000086100000| PB 0x0000000086100000| Untracked 
|  98|0x0000000086200000, 0x0000000086200000, 0x0000000086300000|  0%| F|  |TAMS 0x0000000086200000| PB 0x0000000086200000| Untracked 
|  99|0x0000000086300000, 0x0000000086300000, 0x0000000086400000|  0%| F|  |TAMS 0x0000000086300000| PB 0x0000000086300000| Untracked 
| 100|0x0000000086400000, 0x0000000086400000, 0x0000000086500000|  0%| F|  |TAMS 0x0000000086400000| PB 0x0000000086400000| Untracked 
| 101|0x0000000086500000, 0x0000000086500000, 0x0000000086600000|  0%| F|  |TAMS 0x0000000086500000| PB 0x0000000086500000| Untracked 
| 102|0x0000000086600000, 0x0000000086600000, 0x0000000086700000|  0%| F|  |TAMS 0x0000000086600000| PB 0x0000000086600000| Untracked 
| 103|0x0000000086700000, 0x0000000086700000, 0x0000000086800000|  0%| F|  |TAMS 0x0000000086700000| PB 0x0000000086700000| Untracked 
| 104|0x0000000086800000, 0x0000000086800000, 0x0000000086900000|  0%| F|  |TAMS 0x0000000086800000| PB 0x0000000086800000| Untracked 
| 105|0x0000000086900000, 0x0000000086900000, 0x0000000086a00000|  0%| F|  |TAMS 0x0000000086900000| PB 0x0000000086900000| Untracked 
| 106|0x0000000086a00000, 0x0000000086a00000, 0x0000000086b00000|  0%| F|  |TAMS 0x0000000086a00000| PB 0x0000000086a00000| Untracked 
| 107|0x0000000086b00000, 0x0000000086b00000, 0x0000000086c00000|  0%| F|  |TAMS 0x0000000086b00000| PB 0x0000000086b00000| Untracked 
| 108|0x0000000086c00000, 0x0000000086c00000, 0x0000000086d00000|  0%| F|  |TAMS 0x0000000086c00000| PB 0x0000000086c00000| Untracked 
| 109|0x0000000086d00000, 0x0000000086d00000, 0x0000000086e00000|  0%| F|  |TAMS 0x0000000086d00000| PB 0x0000000086d00000| Untracked 
| 110|0x0000000086e00000, 0x0000000086e00000, 0x0000000086f00000|  0%| F|  |TAMS 0x0000000086e00000| PB 0x0000000086e00000| Untracked 
| 111|0x0000000086f00000, 0x0000000086f00000, 0x0000000087000000|  0%| F|  |TAMS 0x0000000086f00000| PB 0x0000000086f00000| Untracked 
| 112|0x0000000087000000, 0x0000000087000000, 0x0000000087100000|  0%| F|  |TAMS 0x0000000087000000| PB 0x0000000087000000| Untracked 
| 113|0x0000000087100000, 0x0000000087100000, 0x0000000087200000|  0%| F|  |TAMS 0x0000000087100000| PB 0x0000000087100000| Untracked 
| 114|0x0000000087200000, 0x0000000087200000, 0x0000000087300000|  0%| F|  |TAMS 0x0000000087200000| PB 0x0000000087200000| Untracked 
| 115|0x0000000087300000, 0x0000000087300000, 0x0000000087400000|  0%| F|  |TAMS 0x0000000087300000| PB 0x0000000087300000| Untracked 
| 116|0x0000000087400000, 0x0000000087400000, 0x0000000087500000|  0%| F|  |TAMS 0x0000000087400000| PB 0x0000000087400000| Untracked 
| 117|0x0000000087500000, 0x0000000087500000, 0x0000000087600000|  0%| F|  |TAMS 0x0000000087500000| PB 0x0000000087500000| Untracked 
| 118|0x0000000087600000, 0x0000000087600000, 0x0000000087700000|  0%| F|  |TAMS 0x0000000087600000| PB 0x0000000087600000| Untracked 
| 119|0x0000000087700000, 0x0000000087700000, 0x0000000087800000|  0%| F|  |TAMS 0x0000000087700000| PB 0x0000000087700000| Untracked 
| 120|0x0000000087800000, 0x0000000087800000, 0x0000000087900000|  0%| F|  |TAMS 0x0000000087800000| PB 0x0000000087800000| Untracked 
| 121|0x0000000087900000, 0x0000000087900000, 0x0000000087a00000|  0%| F|  |TAMS 0x0000000087900000| PB 0x0000000087900000| Untracked 
| 122|0x0000000087a00000, 0x0000000087a00000, 0x0000000087b00000|  0%| F|  |TAMS 0x0000000087a00000| PB 0x0000000087a00000| Untracked 
| 123|0x0000000087b00000, 0x0000000087b00000, 0x0000000087c00000|  0%| F|  |TAMS 0x0000000087b00000| PB 0x0000000087b00000| Untracked 
| 124|0x0000000087c00000, 0x0000000087c00000, 0x0000000087d00000|  0%| F|  |TAMS 0x0000000087c00000| PB 0x0000000087c00000| Untracked 
| 125|0x0000000087d00000, 0x0000000087d00000, 0x0000000087e00000|  0%| F|  |TAMS 0x0000000087d00000| PB 0x0000000087d00000| Untracked 
| 126|0x0000000087e00000, 0x0000000087e00000, 0x0000000087f00000|  0%| F|  |TAMS 0x0000000087e00000| PB 0x0000000087e00000| Untracked 
| 127|0x0000000087f00000, 0x0000000087f00000, 0x0000000088000000|  0%| F|  |TAMS 0x0000000087f00000| PB 0x0000000087f00000| Untracked 
| 128|0x0000000088000000, 0x0000000088000000, 0x0000000088100000|  0%| F|  |TAMS 0x0000000088000000| PB 0x0000000088000000| Untracked 
| 129|0x0000000088100000, 0x0000000088100000, 0x0000000088200000|  0%| F|  |TAMS 0x0000000088100000| PB 0x0000000088100000| Untracked 
| 130|0x0000000088200000, 0x0000000088200000, 0x0000000088300000|  0%| F|  |TAMS 0x0000000088200000| PB 0x0000000088200000| Untracked 
| 131|0x0000000088300000, 0x0000000088300000, 0x0000000088400000|  0%| F|  |TAMS 0x0000000088300000| PB 0x0000000088300000| Untracked 
| 132|0x0000000088400000, 0x0000000088400000, 0x0000000088500000|  0%| F|  |TAMS 0x0000000088400000| PB 0x0000000088400000| Untracked 
| 133|0x0000000088500000, 0x0000000088500000, 0x0000000088600000|  0%| F|  |TAMS 0x0000000088500000| PB 0x0000000088500000| Untracked 
| 134|0x0000000088600000, 0x0000000088600000, 0x0000000088700000|  0%| F|  |TAMS 0x0000000088600000| PB 0x0000000088600000| Untracked 
| 135|0x0000000088700000, 0x0000000088700000, 0x0000000088800000|  0%| F|  |TAMS 0x0000000088700000| PB 0x0000000088700000| Untracked 
| 136|0x0000000088800000, 0x0000000088800000, 0x0000000088900000|  0%| F|  |TAMS 0x0000000088800000| PB 0x0000000088800000| Untracked 
| 137|0x0000000088900000, 0x0000000088900000, 0x0000000088a00000|  0%| F|  |TAMS 0x0000000088900000| PB 0x0000000088900000| Untracked 
| 138|0x0000000088a00000, 0x0000000088a00000, 0x0000000088b00000|  0%| F|  |TAMS 0x0000000088a00000| PB 0x0000000088a00000| Untracked 
| 139|0x0000000088b00000, 0x0000000088b00000, 0x0000000088c00000|  0%| F|  |TAMS 0x0000000088b00000| PB 0x0000000088b00000| Untracked 
| 140|0x0000000088c00000, 0x0000000088c00000, 0x0000000088d00000|  0%| F|  |TAMS 0x0000000088c00000| PB 0x0000000088c00000| Untracked 
| 141|0x0000000088d00000, 0x0000000088d00000, 0x0000000088e00000|  0%| F|  |TAMS 0x0000000088d00000| PB 0x0000000088d00000| Untracked 
| 142|0x0000000088e00000, 0x0000000088e00000, 0x0000000088f00000|  0%| F|  |TAMS 0x0000000088e00000| PB 0x0000000088e00000| Untracked 
| 143|0x0000000088f00000, 0x0000000088f00000, 0x0000000089000000|  0%| F|  |TAMS 0x0000000088f00000| PB 0x0000000088f00000| Untracked 
| 144|0x0000000089000000, 0x0000000089000000, 0x0000000089100000|  0%| F|  |TAMS 0x0000000089000000| PB 0x0000000089000000| Untracked 
| 145|0x0000000089100000, 0x0000000089100000, 0x0000000089200000|  0%| F|  |TAMS 0x0000000089100000| PB 0x0000000089100000| Untracked 
| 146|0x0000000089200000, 0x0000000089200000, 0x0000000089300000|  0%| F|  |TAMS 0x0000000089200000| PB 0x0000000089200000| Untracked 
| 147|0x0000000089300000, 0x0000000089300000, 0x0000000089400000|  0%| F|  |TAMS 0x0000000089300000| PB 0x0000000089300000| Untracked 
| 148|0x0000000089400000, 0x0000000089400000, 0x0000000089500000|  0%| F|  |TAMS 0x0000000089400000| PB 0x0000000089400000| Untracked 
| 149|0x0000000089500000, 0x0000000089500000, 0x0000000089600000|  0%| F|  |TAMS 0x0000000089500000| PB 0x0000000089500000| Untracked 
| 150|0x0000000089600000, 0x0000000089600000, 0x0000000089700000|  0%| F|  |TAMS 0x0000000089600000| PB 0x0000000089600000| Untracked 
| 151|0x0000000089700000, 0x0000000089700000, 0x0000000089800000|  0%| F|  |TAMS 0x0000000089700000| PB 0x0000000089700000| Untracked 
| 152|0x0000000089800000, 0x0000000089800000, 0x0000000089900000|  0%| F|  |TAMS 0x0000000089800000| PB 0x0000000089800000| Untracked 
| 153|0x0000000089900000, 0x0000000089900000, 0x0000000089a00000|  0%| F|  |TAMS 0x0000000089900000| PB 0x0000000089900000| Untracked 
| 154|0x0000000089a00000, 0x0000000089a00000, 0x0000000089b00000|  0%| F|  |TAMS 0x0000000089a00000| PB 0x0000000089a00000| Untracked 
| 155|0x0000000089b00000, 0x0000000089b00000, 0x0000000089c00000|  0%| F|  |TAMS 0x0000000089b00000| PB 0x0000000089b00000| Untracked 
| 156|0x0000000089c00000, 0x0000000089c00000, 0x0000000089d00000|  0%| F|  |TAMS 0x0000000089c00000| PB 0x0000000089c00000| Untracked 
| 157|0x0000000089d00000, 0x0000000089d00000, 0x0000000089e00000|  0%| F|  |TAMS 0x0000000089d00000| PB 0x0000000089d00000| Untracked 
| 158|0x0000000089e00000, 0x0000000089e00000, 0x0000000089f00000|  0%| F|  |TAMS 0x0000000089e00000| PB 0x0000000089e00000| Untracked 
| 159|0x0000000089f00000, 0x0000000089f00000, 0x000000008a000000|  0%| F|  |TAMS 0x0000000089f00000| PB 0x0000000089f00000| Untracked 
| 160|0x000000008a000000, 0x000000008a000000, 0x000000008a100000|  0%| F|  |TAMS 0x000000008a000000| PB 0x000000008a000000| Untracked 
| 161|0x000000008a100000, 0x000000008a100000, 0x000000008a200000|  0%| F|  |TAMS 0x000000008a100000| PB 0x000000008a100000| Untracked 
| 162|0x000000008a200000, 0x000000008a200000, 0x000000008a300000|  0%| F|  |TAMS 0x000000008a200000| PB 0x000000008a200000| Untracked 
| 163|0x000000008a300000, 0x000000008a300000, 0x000000008a400000|  0%| F|  |TAMS 0x000000008a300000| PB 0x000000008a300000| Untracked 
| 164|0x000000008a400000, 0x000000008a400000, 0x000000008a500000|  0%| F|  |TAMS 0x000000008a400000| PB 0x000000008a400000| Untracked 
| 165|0x000000008a500000, 0x000000008a500000, 0x000000008a600000|  0%| F|  |TAMS 0x000000008a500000| PB 0x000000008a500000| Untracked 
| 166|0x000000008a600000, 0x000000008a600000, 0x000000008a700000|  0%| F|  |TAMS 0x000000008a600000| PB 0x000000008a600000| Untracked 
| 167|0x000000008a700000, 0x000000008a700000, 0x000000008a800000|  0%| F|  |TAMS 0x000000008a700000| PB 0x000000008a700000| Untracked 
| 168|0x000000008a800000, 0x000000008a800000, 0x000000008a900000|  0%| F|  |TAMS 0x000000008a800000| PB 0x000000008a800000| Untracked 
| 169|0x000000008a900000, 0x000000008a900000, 0x000000008aa00000|  0%| F|  |TAMS 0x000000008a900000| PB 0x000000008a900000| Untracked 
| 170|0x000000008aa00000, 0x000000008aa00000, 0x000000008ab00000|  0%| F|  |TAMS 0x000000008aa00000| PB 0x000000008aa00000| Untracked 
| 171|0x000000008ab00000, 0x000000008ab00000, 0x000000008ac00000|  0%| F|  |TAMS 0x000000008ab00000| PB 0x000000008ab00000| Untracked 
| 172|0x000000008ac00000, 0x000000008ac00000, 0x000000008ad00000|  0%| F|  |TAMS 0x000000008ac00000| PB 0x000000008ac00000| Untracked 
| 173|0x000000008ad00000, 0x000000008ad00000, 0x000000008ae00000|  0%| F|  |TAMS 0x000000008ad00000| PB 0x000000008ad00000| Untracked 
| 174|0x000000008ae00000, 0x000000008ae00000, 0x000000008af00000|  0%| F|  |TAMS 0x000000008ae00000| PB 0x000000008ae00000| Untracked 
| 175|0x000000008af00000, 0x000000008b000000, 0x000000008b000000|100%| E|  |TAMS 0x000000008af00000| PB 0x000000008af00000| Complete 
| 176|0x000000008b000000, 0x000000008b100000, 0x000000008b100000|100%| E|CS|TAMS 0x000000008b000000| PB 0x000000008b000000| Complete 
| 177|0x000000008b100000, 0x000000008b200000, 0x000000008b200000|100%| E|CS|TAMS 0x000000008b100000| PB 0x000000008b100000| Complete 
| 178|0x000000008b200000, 0x000000008b300000, 0x000000008b300000|100%| E|CS|TAMS 0x000000008b200000| PB 0x000000008b200000| Complete 
| 179|0x000000008b300000, 0x000000008b400000, 0x000000008b400000|100%| E|CS|TAMS 0x000000008b300000| PB 0x000000008b300000| Complete 
| 180|0x000000008b400000, 0x000000008b500000, 0x000000008b500000|100%| E|CS|TAMS 0x000000008b400000| PB 0x000000008b400000| Complete 
| 181|0x000000008b500000, 0x000000008b600000, 0x000000008b600000|100%| E|CS|TAMS 0x000000008b500000| PB 0x000000008b500000| Complete 
| 182|0x000000008b600000, 0x000000008b700000, 0x000000008b700000|100%| E|CS|TAMS 0x000000008b600000| PB 0x000000008b600000| Complete 
| 183|0x000000008b700000, 0x000000008b800000, 0x000000008b800000|100%| E|CS|TAMS 0x000000008b700000| PB 0x000000008b700000| Complete 
| 184|0x000000008b800000, 0x000000008b900000, 0x000000008b900000|100%| E|CS|TAMS 0x000000008b800000| PB 0x000000008b800000| Complete 
| 185|0x000000008b900000, 0x000000008ba00000, 0x000000008ba00000|100%| E|CS|TAMS 0x000000008b900000| PB 0x000000008b900000| Complete 
| 186|0x000000008ba00000, 0x000000008bb00000, 0x000000008bb00000|100%| E|CS|TAMS 0x000000008ba00000| PB 0x000000008ba00000| Complete 
| 187|0x000000008bb00000, 0x000000008bc00000, 0x000000008bc00000|100%| E|CS|TAMS 0x000000008bb00000| PB 0x000000008bb00000| Complete 
| 188|0x000000008bc00000, 0x000000008bd00000, 0x000000008bd00000|100%| E|CS|TAMS 0x000000008bc00000| PB 0x000000008bc00000| Complete 
| 189|0x000000008bd00000, 0x000000008be00000, 0x000000008be00000|100%| E|CS|TAMS 0x000000008bd00000| PB 0x000000008bd00000| Complete 
| 190|0x000000008be00000, 0x000000008bf00000, 0x000000008bf00000|100%| E|CS|TAMS 0x000000008be00000| PB 0x000000008be00000| Complete 
| 191|0x000000008bf00000, 0x000000008c000000, 0x000000008c000000|100%| E|CS|TAMS 0x000000008bf00000| PB 0x000000008bf00000| Complete 
| 192|0x000000008c000000, 0x000000008c100000, 0x000000008c100000|100%| E|CS|TAMS 0x000000008c000000| PB 0x000000008c000000| Complete 
| 193|0x000000008c100000, 0x000000008c200000, 0x000000008c200000|100%| E|CS|TAMS 0x000000008c100000| PB 0x000000008c100000| Complete 
| 194|0x000000008c200000, 0x000000008c300000, 0x000000008c300000|100%| E|CS|TAMS 0x000000008c200000| PB 0x000000008c200000| Complete 
| 195|0x000000008c300000, 0x000000008c400000, 0x000000008c400000|100%| E|CS|TAMS 0x000000008c300000| PB 0x000000008c300000| Complete 
| 196|0x000000008c400000, 0x000000008c500000, 0x000000008c500000|100%| E|CS|TAMS 0x000000008c400000| PB 0x000000008c400000| Complete 
| 197|0x000000008c500000, 0x000000008c600000, 0x000000008c600000|100%| E|CS|TAMS 0x000000008c500000| PB 0x000000008c500000| Complete 
| 198|0x000000008c600000, 0x000000008c700000, 0x000000008c700000|100%| E|CS|TAMS 0x000000008c600000| PB 0x000000008c600000| Complete 
| 199|0x000000008c700000, 0x000000008c800000, 0x000000008c800000|100%| E|CS|TAMS 0x000000008c700000| PB 0x000000008c700000| Complete 
| 200|0x000000008c800000, 0x000000008c900000, 0x000000008c900000|100%| E|CS|TAMS 0x000000008c800000| PB 0x000000008c800000| Complete 
| 201|0x000000008c900000, 0x000000008ca00000, 0x000000008ca00000|100%| E|CS|TAMS 0x000000008c900000| PB 0x000000008c900000| Complete 
| 202|0x000000008ca00000, 0x000000008cb00000, 0x000000008cb00000|100%| E|CS|TAMS 0x000000008ca00000| PB 0x000000008ca00000| Complete 
| 203|0x000000008cb00000, 0x000000008cc00000, 0x000000008cc00000|100%| E|CS|TAMS 0x000000008cb00000| PB 0x000000008cb00000| Complete 
| 204|0x000000008cc00000, 0x000000008cd00000, 0x000000008cd00000|100%| E|CS|TAMS 0x000000008cc00000| PB 0x000000008cc00000| Complete 
| 205|0x000000008cd00000, 0x000000008ce00000, 0x000000008ce00000|100%| E|CS|TAMS 0x000000008cd00000| PB 0x000000008cd00000| Complete 
| 206|0x000000008ce00000, 0x000000008cf00000, 0x000000008cf00000|100%| E|CS|TAMS 0x000000008ce00000| PB 0x000000008ce00000| Complete 
| 207|0x000000008cf00000, 0x000000008d000000, 0x000000008d000000|100%| E|CS|TAMS 0x000000008cf00000| PB 0x000000008cf00000| Complete 
| 208|0x000000008d000000, 0x000000008d100000, 0x000000008d100000|100%| E|CS|TAMS 0x000000008d000000| PB 0x000000008d000000| Complete 
| 209|0x000000008d100000, 0x000000008d200000, 0x000000008d200000|100%| E|CS|TAMS 0x000000008d100000| PB 0x000000008d100000| Complete 
| 210|0x000000008d200000, 0x000000008d300000, 0x000000008d300000|100%| E|CS|TAMS 0x000000008d200000| PB 0x000000008d200000| Complete 
| 211|0x000000008d300000, 0x000000008d400000, 0x000000008d400000|100%| E|CS|TAMS 0x000000008d300000| PB 0x000000008d300000| Complete 
| 212|0x000000008d400000, 0x000000008d500000, 0x000000008d500000|100%| E|CS|TAMS 0x000000008d400000| PB 0x000000008d400000| Complete 
| 213|0x000000008d500000, 0x000000008d600000, 0x000000008d600000|100%| E|CS|TAMS 0x000000008d500000| PB 0x000000008d500000| Complete 
| 214|0x000000008d600000, 0x000000008d700000, 0x000000008d700000|100%| E|CS|TAMS 0x000000008d600000| PB 0x000000008d600000| Complete 
| 215|0x000000008d700000, 0x000000008d800000, 0x000000008d800000|100%| E|CS|TAMS 0x000000008d700000| PB 0x000000008d700000| Complete 
| 216|0x000000008d800000, 0x000000008d900000, 0x000000008d900000|100%| E|CS|TAMS 0x000000008d800000| PB 0x000000008d800000| Complete 
| 217|0x000000008d900000, 0x000000008da00000, 0x000000008da00000|100%| E|CS|TAMS 0x000000008d900000| PB 0x000000008d900000| Complete 
| 218|0x000000008da00000, 0x000000008dab4e90, 0x000000008db00000| 70%| S|CS|TAMS 0x000000008da00000| PB 0x000000008da00000| Complete 
| 219|0x000000008db00000, 0x000000008dc00000, 0x000000008dc00000|100%| S|CS|TAMS 0x000000008db00000| PB 0x000000008db00000| Complete 
| 220|0x000000008dc00000, 0x000000008dd00000, 0x000000008dd00000|100%| S|CS|TAMS 0x000000008dc00000| PB 0x000000008dc00000| Complete 
| 221|0x000000008dd00000, 0x000000008de00000, 0x000000008de00000|100%| S|CS|TAMS 0x000000008dd00000| PB 0x000000008dd00000| Complete 
| 222|0x000000008de00000, 0x000000008df00000, 0x000000008df00000|100%| E|CS|TAMS 0x000000008de00000| PB 0x000000008de00000| Complete 
| 223|0x000000008df00000, 0x000000008e000000, 0x000000008e000000|100%| E|CS|TAMS 0x000000008df00000| PB 0x000000008df00000| Complete 
| 224|0x000000008e000000, 0x000000008e100000, 0x000000008e100000|100%| E|CS|TAMS 0x000000008e000000| PB 0x000000008e000000| Complete 
| 225|0x000000008e100000, 0x000000008e200000, 0x000000008e200000|100%| E|CS|TAMS 0x000000008e100000| PB 0x000000008e100000| Complete 
| 226|0x000000008e200000, 0x000000008e300000, 0x000000008e300000|100%| E|CS|TAMS 0x000000008e200000| PB 0x000000008e200000| Complete 
| 227|0x000000008e300000, 0x000000008e400000, 0x000000008e400000|100%| E|CS|TAMS 0x000000008e300000| PB 0x000000008e300000| Complete 
| 228|0x000000008e400000, 0x000000008e500000, 0x000000008e500000|100%| E|CS|TAMS 0x000000008e400000| PB 0x000000008e400000| Complete 
| 229|0x000000008e500000, 0x000000008e600000, 0x000000008e600000|100%| E|CS|TAMS 0x000000008e500000| PB 0x000000008e500000| Complete 
| 230|0x000000008e600000, 0x000000008e700000, 0x000000008e700000|100%| E|CS|TAMS 0x000000008e600000| PB 0x000000008e600000| Complete 
| 231|0x000000008e700000, 0x000000008e800000, 0x000000008e800000|100%| E|CS|TAMS 0x000000008e700000| PB 0x000000008e700000| Complete 
| 232|0x000000008e800000, 0x000000008e900000, 0x000000008e900000|100%| E|CS|TAMS 0x000000008e800000| PB 0x000000008e800000| Complete 
| 233|0x000000008e900000, 0x000000008ea00000, 0x000000008ea00000|100%| E|CS|TAMS 0x000000008e900000| PB 0x000000008e900000| Complete 
| 234|0x000000008ea00000, 0x000000008eb00000, 0x000000008eb00000|100%| E|CS|TAMS 0x000000008ea00000| PB 0x000000008ea00000| Complete 
| 235|0x000000008eb00000, 0x000000008ec00000, 0x000000008ec00000|100%| E|CS|TAMS 0x000000008eb00000| PB 0x000000008eb00000| Complete 
| 236|0x000000008ec00000, 0x000000008ed00000, 0x000000008ed00000|100%| E|CS|TAMS 0x000000008ec00000| PB 0x000000008ec00000| Complete 
| 237|0x000000008ed00000, 0x000000008ee00000, 0x000000008ee00000|100%| E|CS|TAMS 0x000000008ed00000| PB 0x000000008ed00000| Complete 
| 238|0x000000008ee00000, 0x000000008ef00000, 0x000000008ef00000|100%| E|CS|TAMS 0x000000008ee00000| PB 0x000000008ee00000| Complete 
| 239|0x000000008ef00000, 0x000000008f000000, 0x000000008f000000|100%| E|CS|TAMS 0x000000008ef00000| PB 0x000000008ef00000| Complete 
| 240|0x000000008f000000, 0x000000008f100000, 0x000000008f100000|100%| E|CS|TAMS 0x000000008f000000| PB 0x000000008f000000| Complete 
| 241|0x000000008f100000, 0x000000008f200000, 0x000000008f200000|100%| E|CS|TAMS 0x000000008f100000| PB 0x000000008f100000| Complete 
| 242|0x000000008f200000, 0x000000008f300000, 0x000000008f300000|100%| E|CS|TAMS 0x000000008f200000| PB 0x000000008f200000| Complete 
| 243|0x000000008f300000, 0x000000008f400000, 0x000000008f400000|100%| E|CS|TAMS 0x000000008f300000| PB 0x000000008f300000| Complete 
| 244|0x000000008f400000, 0x000000008f500000, 0x000000008f500000|100%| E|CS|TAMS 0x000000008f400000| PB 0x000000008f400000| Complete 
| 245|0x000000008f500000, 0x000000008f600000, 0x000000008f600000|100%| E|CS|TAMS 0x000000008f500000| PB 0x000000008f500000| Complete 
| 246|0x000000008f600000, 0x000000008f700000, 0x000000008f700000|100%| E|CS|TAMS 0x000000008f600000| PB 0x000000008f600000| Complete 
| 247|0x000000008f700000, 0x000000008f800000, 0x000000008f800000|100%| E|CS|TAMS 0x000000008f700000| PB 0x000000008f700000| Complete 
| 248|0x000000008f800000, 0x000000008f900000, 0x000000008f900000|100%| E|CS|TAMS 0x000000008f800000| PB 0x000000008f800000| Complete 
| 249|0x000000008f900000, 0x000000008fa00000, 0x000000008fa00000|100%| E|CS|TAMS 0x000000008f900000| PB 0x000000008f900000| Complete 
| 250|0x000000008fa00000, 0x000000008fb00000, 0x000000008fb00000|100%| E|CS|TAMS 0x000000008fa00000| PB 0x000000008fa00000| Complete 
| 251|0x000000008fb00000, 0x000000008fc00000, 0x000000008fc00000|100%| E|CS|TAMS 0x000000008fb00000| PB 0x000000008fb00000| Complete 

Card table byte_map: [0x0000029450af0000,0x0000029450ef0000] _byte_map_base: 0x00000294506f0000

Marking Bits: (CMBitMap*) 0x000002943c3d8400
 Bits: [0x0000029450ef0000, 0x0000029452ef0000)

Polling page: 0x000002943c100000

Metaspace:

Usage:
  Non-class:     13.61 MB used.
      Class:      2.14 MB used.
       Both:     15.75 MB used.

Virtual space:
  Non-class space:       64.00 MB reserved,      13.81 MB ( 22%) committed,  1 nodes.
      Class space:        1.00 GB reserved,       2.31 MB ( <1%) committed,  1 nodes.
             Both:        1.06 GB reserved,      16.12 MB (  1%) committed. 

Chunk freelists:
   Non-Class:  1.83 MB
       Class:  13.70 MB
        Both:  15.52 MB

MaxMetaspaceSize: unlimited
CompressedClassSpaceSize: 1.00 GB
Initial GC threshold: 21.00 MB
Current GC threshold: 21.00 MB
CDS: on
 - commit_granule_bytes: 65536.
 - commit_granule_words: 8192.
 - virtual_space_node_default_size: 8388608.
 - enlarge_chunks_in_place: 1.
 - use_allocation_guard: 0.


Internal statistics:

num_allocs_failed_limit: 0.
num_arena_births: 522.
num_arena_deaths: 0.
num_vsnodes_births: 2.
num_vsnodes_deaths: 0.
num_space_committed: 258.
num_space_uncommitted: 0.
num_chunks_returned_to_freelist: 0.
num_chunks_taken_from_freelist: 1075.
num_chunk_merges: 0.
num_chunk_splits: 704.
num_chunks_enlarged: 493.
num_inconsistent_stats: 0.

CodeHeap 'non-profiled nmethods': size=120000Kb used=1375Kb max_used=1375Kb free=118624Kb
 bounds [0x0000029448750000, 0x00000294489c0000, 0x000002944fc80000]
CodeHeap 'profiled nmethods': size=120000Kb used=5704Kb max_used=5704Kb free=114295Kb
 bounds [0x0000029440c80000, 0x0000029441220000, 0x00000294481b0000]
CodeHeap 'non-nmethods': size=5760Kb used=1537Kb max_used=1584Kb free=4222Kb
 bounds [0x00000294481b0000, 0x0000029448420000, 0x0000029448750000]
CodeCache: size=245760Kb, used=8616Kb, max_used=8663Kb, free=237141Kb
 total_blobs=3492, nmethods=2930, adapters=466, full_count=0
Compilation: enabled, stopped_count=0, restarted_count=0

Compilation events (20 events):
Event: 259.059 Thread 0x0000029455a3b2f0 2931       4       java.lang.invoke.MethodType::makeImpl (109 bytes)
Event: 259.059 Thread 0x0000029455a42110 nmethod 2933 0x000002944120bd90 code [0x000002944120bf40, 0x000002944120c0d0]
Event: 259.071 Thread 0x0000029455a42110 2934       3       java.lang.invoke.MethodType::genericMethodType (6 bytes)
Event: 259.071 Thread 0x0000029455a42110 nmethod 2934 0x000002944120c190 code [0x000002944120c340, 0x000002944120c460]
Event: 259.083 Thread 0x0000029455a42110 2937       3       java.lang.invoke.LambdaFormBuffer::endEdit (313 bytes)
Event: 259.084 Thread 0x0000029455a42110 nmethod 2937 0x000002944120c510 code [0x000002944120c780, 0x000002944120d4f8]
Event: 259.084 Thread 0x0000029455a42110 2939       3       java.lang.invoke.LambdaFormBuffer::insertExpression (30 bytes)
Event: 259.085 Thread 0x0000029455a42110 nmethod 2939 0x000002944120d910 code [0x000002944120dac0, 0x000002944120dc18]
Event: 259.085 Thread 0x0000029455a42110 2938       3       java.lang.invoke.LambdaFormBuffer::replaceName (124 bytes)
Event: 259.085 Thread 0x0000029455a42110 nmethod 2938 0x000002944120dd10 code [0x000002944120dec0, 0x000002944120e078]
Event: 259.085 Thread 0x0000029455a42110 2935       1       java.lang.reflect.Method::getMethodAccessor (5 bytes)
Event: 259.085 Thread 0x0000029455a42110 nmethod 2935 0x00000294488a7990 code [0x00000294488a7b20, 0x00000294488a7be8]
Event: 259.085 Thread 0x0000029455a42110 2940       3       java.lang.reflect.Method::setMethodAccessor (20 bytes)
Event: 259.085 Thread 0x0000029455a42110 nmethod 2940 0x000002944120e190 code [0x000002944120e360, 0x000002944120e620]
Event: 259.130 Thread 0x0000029455a42110 2941   !   3       java.util.concurrent.LinkedBlockingQueue::poll (128 bytes)
Event: 259.132 Thread 0x0000029455a42110 nmethod 2941 0x000002944120e710 code [0x000002944120eb40, 0x0000029441210910]
Event: 259.147 Thread 0x0000029455a42110 2942       3       org.gradle.launcher.daemon.server.exec.DaemonConnectionBackedEventConsumer$ForwardEvents::moreMessagesToSend (35 bytes)
Event: 259.148 Thread 0x0000029455a42110 nmethod 2942 0x0000029441211610 code [0x00000294412117c0, 0x0000029441211a60]
Event: 259.148 Thread 0x0000029455a42110 2943   !   3       org.gradle.launcher.daemon.server.exec.DaemonConnectionBackedEventConsumer$ForwardEvents::getNextEvent (27 bytes)
Event: 259.148 Thread 0x0000029455a42110 nmethod 2943 0x0000029441211b90 code [0x0000029441211d40, 0x0000029441211fb8]

GC Heap History (4 events):
Event: 85.141 GC heap before
{Heap before GC invocations=0 (full 0):
 garbage-first heap   total 258048K, used 26624K [0x0000000080000000, 0x0000000100000000)
  region size 1024K, 23 young (23552K), 0 survivors (0K)
 Metaspace       used 3112K, committed 3264K, reserved 1114112K
  class space    used 375K, committed 448K, reserved 1048576K
}
Event: 85.400 GC heap after
{Heap after GC invocations=1 (full 0):
 garbage-first heap   total 258048K, used 11211K [0x0000000080000000, 0x0000000100000000)
  region size 1024K, 3 young (3072K), 3 survivors (3072K)
 Metaspace       used 3112K, committed 3264K, reserved 1114112K
  class space    used 375K, committed 448K, reserved 1048576K
}
Event: 127.290 GC heap before
{Heap before GC invocations=1 (full 0):
 garbage-first heap   total 258048K, used 39883K [0x0000000080000000, 0x0000000100000000)
  region size 1024K, 30 young (30720K), 3 survivors (3072K)
 Metaspace       used 4682K, committed 4864K, reserved 1114112K
  class space    used 593K, committed 704K, reserved 1048576K
}
Event: 127.297 GC heap after
{Heap after GC invocations=2 (full 0):
 garbage-first heap   total 258048K, used 15983K [0x0000000080000000, 0x0000000100000000)
  region size 1024K, 4 young (4096K), 4 survivors (4096K)
 Metaspace       used 4682K, committed 4864K, reserved 1114112K
  class space    used 593K, committed 704K, reserved 1048576K
}

Dll operation events (20 events):
Event: 2.495 Attempting to load shared library C:\Users\Cesde\.cursor\extensions\redhat.java-1.56.0-win32-x64\jre\21.0.12.1-win32-x86_64\bin\nio.dll
Event: 2.496 Loaded shared library C:\Users\Cesde\.cursor\extensions\redhat.java-1.56.0-win32-x64\jre\21.0.12.1-win32-x86_64\bin\nio.dll
Event: 2.579 Attempting to load shared library C:\Users\Cesde\.cursor\extensions\redhat.java-1.56.0-win32-x64\jre\21.0.12.1-win32-x86_64\bin\zip.dll
Event: 2.579 Loaded shared library C:\Users\Cesde\.cursor\extensions\redhat.java-1.56.0-win32-x64\jre\21.0.12.1-win32-x86_64\bin\zip.dll
Event: 27.438 Attempting to load shared library C:\Users\Cesde\.cursor\extensions\redhat.java-1.56.0-win32-x64\jre\21.0.12.1-win32-x86_64\bin\jimage.dll
Event: 27.438 Loaded shared library C:\Users\Cesde\.cursor\extensions\redhat.java-1.56.0-win32-x64\jre\21.0.12.1-win32-x86_64\bin\jimage.dll
Event: 67.942 Attempting to load shared library C:\Users\Cesde\.cursor\extensions\redhat.java-1.56.0-win32-x64\jre\21.0.12.1-win32-x86_64\bin\verify.dll
Event: 67.992 Loaded shared library C:\Users\Cesde\.cursor\extensions\redhat.java-1.56.0-win32-x64\jre\21.0.12.1-win32-x86_64\bin\verify.dll
Event: 77.379 Attempting to load shared library C:\Users\Cesde\.gradle\native\660c5614fbf4a5f2a75b1949f50a0caf5cd603558e7d8a26e50b933a0cfb79d1\windows-amd64\native-platform.dll
Event: 77.380 Loaded shared library C:\Users\Cesde\.gradle\native\660c5614fbf4a5f2a75b1949f50a0caf5cd603558e7d8a26e50b933a0cfb79d1\windows-amd64\native-platform.dll
Event: 77.717 Attempting to load shared library C:\Users\Cesde\.gradle\native\0.2.8\x86_64-windows-gnu\gradle-fileevents.dll
Event: 77.718 Loaded shared library C:\Users\Cesde\.gradle\native\0.2.8\x86_64-windows-gnu\gradle-fileevents.dll
Event: 162.287 Attempting to load shared library C:\Users\Cesde\.cursor\extensions\redhat.java-1.56.0-win32-x64\jre\21.0.12.1-win32-x86_64\bin\management.dll
Event: 162.499 Loaded shared library C:\Users\Cesde\.cursor\extensions\redhat.java-1.56.0-win32-x64\jre\21.0.12.1-win32-x86_64\bin\management.dll
Event: 162.816 Attempting to load shared library C:\Users\Cesde\.cursor\extensions\redhat.java-1.56.0-win32-x64\jre\21.0.12.1-win32-x86_64\bin\management_ext.dll
Event: 162.819 Loaded shared library C:\Users\Cesde\.cursor\extensions\redhat.java-1.56.0-win32-x64\jre\21.0.12.1-win32-x86_64\bin\management_ext.dll
Event: 193.642 Attempting to load shared library C:\Users\Cesde\.cursor\extensions\redhat.java-1.56.0-win32-x64\jre\21.0.12.1-win32-x86_64\bin\extnet.dll
Event: 193.643 Loaded shared library C:\Users\Cesde\.cursor\extensions\redhat.java-1.56.0-win32-x64\jre\21.0.12.1-win32-x86_64\bin\extnet.dll
Event: 232.997 Attempting to load shared library C:\Users\Cesde\.cursor\extensions\redhat.java-1.56.0-win32-x64\jre\21.0.12.1-win32-x86_64\bin\sunmscapi.dll
Event: 233.004 Loaded shared library C:\Users\Cesde\.cursor\extensions\redhat.java-1.56.0-win32-x64\jre\21.0.12.1-win32-x86_64\bin\sunmscapi.dll

Deoptimization events (20 events):
Event: 254.288 Thread 0x000002949c8f1600 DEOPT PACKING pc=0x0000029448878e1c sp=0x000000fca36fdf30
Event: 254.288 Thread 0x000002949c8f1600 DEOPT UNPACKING pc=0x0000029448207ba2 sp=0x000000fca36fdec0 mode 2
Event: 254.429 Thread 0x000002949c8f1600 Uncommon trap: trap_request=0xffffffde fr.pc=0x0000029448808564 relative=0x0000000000000304
Event: 254.429 Thread 0x000002949c8f1600 Uncommon trap: reason=class_check action=maybe_recompile pc=0x0000029448808564 method=java.util.regex.Pattern$BmpCharPropertyGreedy.match(Ljava/util/regex/Matcher;ILjava/lang/CharSequence;)Z @ 26 c2
Event: 254.429 Thread 0x000002949c8f1600 DEOPT PACKING pc=0x0000029448808564 sp=0x000000fca36fc130
Event: 254.429 Thread 0x000002949c8f1600 DEOPT UNPACKING pc=0x0000029448207ba2 sp=0x000000fca36fc0c8 mode 2
Event: 254.429 Thread 0x000002949c8f1600 Uncommon trap: trap_request=0xffffffde fr.pc=0x0000029448808564 relative=0x0000000000000304
Event: 254.429 Thread 0x000002949c8f1600 Uncommon trap: reason=class_check action=maybe_recompile pc=0x0000029448808564 method=java.util.regex.Pattern$BmpCharPropertyGreedy.match(Ljava/util/regex/Matcher;ILjava/lang/CharSequence;)Z @ 26 c2
Event: 254.429 Thread 0x000002949c8f1600 DEOPT PACKING pc=0x0000029448808564 sp=0x000000fca36fc080
Event: 254.429 Thread 0x000002949c8f1600 DEOPT UNPACKING pc=0x0000029448207ba2 sp=0x000000fca36fc038 mode 2
Event: 254.461 Thread 0x000002949c8f1600 Uncommon trap: trap_request=0xffffffde fr.pc=0x0000029448808564 relative=0x0000000000000304
Event: 254.461 Thread 0x000002949c8f1600 Uncommon trap: reason=class_check action=maybe_recompile pc=0x0000029448808564 method=java.util.regex.Pattern$BmpCharPropertyGreedy.match(Ljava/util/regex/Matcher;ILjava/lang/CharSequence;)Z @ 26 c2
Event: 254.461 Thread 0x000002949c8f1600 DEOPT PACKING pc=0x0000029448808564 sp=0x000000fca36fbc80
Event: 254.461 Thread 0x000002949c8f1600 DEOPT UNPACKING pc=0x0000029448207ba2 sp=0x000000fca36fbc18 mode 2
Event: 254.461 Thread 0x000002949c8f1600 Uncommon trap: trap_request=0xffffffde fr.pc=0x0000029448808564 relative=0x0000000000000304
Event: 254.461 Thread 0x000002949c8f1600 Uncommon trap: reason=class_check action=maybe_recompile pc=0x0000029448808564 method=java.util.regex.Pattern$BmpCharPropertyGreedy.match(Ljava/util/regex/Matcher;ILjava/lang/CharSequence;)Z @ 26 c2
Event: 254.461 Thread 0x000002949c8f1600 DEOPT PACKING pc=0x0000029448808564 sp=0x000000fca36fbbd0
Event: 254.461 Thread 0x000002949c8f1600 DEOPT UNPACKING pc=0x0000029448207ba2 sp=0x000000fca36fbb88 mode 2
Event: 254.464 Thread 0x000002949c8f1600 DEOPT PACKING pc=0x00000294410f46e1 sp=0x000000fca36faa60
Event: 254.464 Thread 0x000002949c8f1600 DEOPT UNPACKING pc=0x00000294482086e2 sp=0x000000fca36f9f70 mode 0

Classes loaded (20 events):
Event: 254.466 Loading class java/util/concurrent/ArrayBlockingQueue
Event: 254.467 Loading class java/util/concurrent/ArrayBlockingQueue done
Event: 254.467 Loading class java/util/concurrent/locks/ReentrantLock$FairSync
Event: 254.467 Loading class java/util/concurrent/locks/ReentrantLock$FairSync done
Event: 255.258 Loading class jdk/internal/event/ThreadSleepEvent
Event: 255.259 Loading class jdk/internal/event/ThreadSleepEvent done
Event: 256.429 Loading class sun/nio/ch/DatagramChannelImpl$DatagramPackets
Event: 256.429 Loading class sun/nio/ch/DatagramChannelImpl$DatagramPackets done
Event: 259.040 Loading class java/lang/Character$UnicodeBlock
Event: 259.041 Loading class java/lang/Character$Subset
Event: 259.041 Loading class java/lang/Character$Subset done
Event: 259.041 Loading class java/lang/Character$UnicodeBlock done
Event: 259.062 Loading class sun/security/provider/MD5
Event: 259.062 Loading class sun/security/provider/MD5 done
Event: 259.063 Loading class sun/security/provider/SHA5$SHA512
Event: 259.063 Loading class sun/security/provider/SHA5
Event: 259.063 Loading class sun/security/provider/SHA5 done
Event: 259.063 Loading class sun/security/provider/SHA5$SHA512 done
Event: 259.064 Loading class sun/security/provider/ByteArrayAccess$LE
Event: 259.064 Loading class sun/security/provider/ByteArrayAccess$LE done

Classes unloaded (0 events):
No events

Classes redefined (0 events):
No events

Internal exceptions (20 events):
Event: 221.074 Thread 0x000002943bf27930 Exception <a 'java/lang/NoSuchMethodError'{0x000000008d6d0630}: 'java.lang.Object java.lang.invoke.DirectMethodHandle$Holder.invokeStaticInit(java.lang.Object, java.lang.Object, int, int, int, int)'> (0x000000008d6d0630) 
thrown [s\src\hotspot\share\interpreter\linkResolver.cpp, line 773]
Event: 232.783 Thread 0x000002943bf27930 Exception <a 'java/io/IOException'{0x000000008d3e5ba8}> (0x000000008d3e5ba8) 
thrown [s\src\hotspot\share\prims\jni.cpp, line 520]
Event: 232.794 Thread 0x000002943bf27930 Implicit null exception at 0x0000029448798a20 to 0x000002944879902c
Event: 232.841 Thread 0x000002943bf27930 Exception <a 'java/lang/NoSuchMethodError'{0x000000008d256388}: 'java.lang.Object java.lang.invoke.DirectMethodHandle$Holder.newInvokeSpecial(java.lang.Object, java.lang.Object, java.lang.Object, java.lang.Object, java.lang.Object)'> (0x000000008d256388) 
thrown [s\src\hotspot\share\interpreter\linkResolver.cpp, line 773]
Event: 235.454 Thread 0x000002943bf27930 Exception <a 'java/lang/NoSuchMethodError'{0x000000008d278d60}: 'void java.lang.invoke.DirectMethodHandle$Holder.invokeSpecial(java.lang.Object, java.lang.Object, java.lang.Object)'> (0x000000008d278d60) 
thrown [s\src\hotspot\share\interpreter\linkResolver.cpp, line 773]
Event: 253.837 Thread 0x000002949c8f1600 Exception <a 'java/lang/NoSuchMethodError'{0x000000008c9a7fa8}: 'java.lang.Object java.lang.invoke.DirectMethodHandle$Holder.invokeVirtual(java.lang.Object, java.lang.Object, java.lang.Object, java.lang.Object, java.lang.Object, java.lang.Object, java.lang.Object)'> (0x000000008c9a7fa8) 
thrown [s\src\hotspot\share\interpreter\linkResolver.cpp, line 773]
Event: 253.850 Thread 0x000002949c8f1600 Exception <a 'java/lang/NoSuchMethodError'{0x000000008c846c90}: 'long java.lang.invoke.DirectMethodHandle$Holder.invokeInterface(java.lang.Object, java.lang.Object)'> (0x000000008c846c90) 
thrown [s\src\hotspot\share\interpreter\linkResolver.cpp, line 773]
Event: 253.964 Thread 0x000002949c8f1600 Exception <a 'java/lang/NoSuchMethodError'{0x000000008c415b80}: 'void java.lang.invoke.DirectMethodHandle$Holder.invokeStatic(java.lang.Object, java.lang.Object)'> (0x000000008c415b80) 
thrown [s\src\hotspot\share\interpreter\linkResolver.cpp, line 773]
Event: 253.987 Thread 0x000002949c8f1600 Exception <a 'java/lang/NoSuchMethodError'{0x000000008c466de0}: 'java.lang.Object java.lang.invoke.DirectMethodHandle$Holder.invokeVirtual(java.lang.Object, java.lang.Object, java.lang.Object, java.lang.Object, java.lang.Object, java.lang.Object, java.lang.Object, java.lang.Object, java.lang.Object, java.lang.Object, java.lang.Object, java.lang.Object)'> (0x000000008c466de0) 
thrown [s\src\hotspot\share\interpreter\linkResolver.cpp, line 773]
Event: 253.988 Thread 0x000002949c8f1600 Exception <a 'java/lang/NoSuchMethodError'{0x000000008c46be08}: 'java.lang.Object java.lang.invoke.DirectMethodHandle$Holder.invokeSpecial(java.lang.Object, java.lang.Object, java.lang.Object, java.lang.Object, java.lang.Object, java.lang.Object, java.lang.Object, java.lang.Object, java.lang.Object, java.lang.Object, java.lang.Object, java.lang.Object, java.lang.Object)'> (0x000000008c46be08) 
thrown [s\src\hotspot\share\interpreter\linkResolver.cpp, line 773]
Event: 254.019 Thread 0x000002949c8f1600 Exception <a 'java/lang/NoSuchMethodError'{0x000000008c3fd650}: 'void java.lang.invoke.DirectMethodHandle$Holder.invokeStatic(java.lang.Object, java.lang.Object, java.lang.Object, java.lang.Object)'> (0x000000008c3fd650) 
thrown [s\src\hotspot\share\interpreter\linkResolver.cpp, line 773]
Event: 254.039 Thread 0x000002949c8f1600 Exception <a 'java/lang/NoSuchMethodError'{0x000000008c2b5978}: 'int java.lang.invoke.DirectMethodHandle$Holder.invokeVirtual(java.lang.Object, java.lang.Object, java.lang.Object)'> (0x000000008c2b5978) 
thrown [s\src\hotspot\share\interpreter\linkResolver.cpp, line 773]
Event: 254.100 Thread 0x000002949c8f1600 Exception <a 'java/lang/NoSuchMethodError'{0x000000008bf2f4e8}: 'java.lang.Object java.lang.invoke.DirectMethodHandle$Holder.newInvokeSpecial(java.lang.Object, java.lang.Object, java.lang.Object, java.lang.Object, java.lang.Object, java.lang.Object)'> (0x000000008bf2f4e8) 
thrown [s\src\hotspot\share\interpreter\linkResolver.cpp, line 773]
Event: 254.201 Thread 0x000002949c8f1600 Exception <a 'java/lang/NoSuchMethodError'{0x000000008bd9ec88}: 'void java.lang.invoke.DelegatingMethodHandle$Holder.reinvoke_L(java.lang.Object, java.lang.Object, java.lang.Object, java.lang.Object, java.lang.Object, java.lang.Object, java.lang.Object, java.lang.Object, java.lang.Object, java.lang.Object)'> (0x000000008bd9ec88) 
thrown [s\src\hotspot\share\interpreter\linkResolver.cpp, line 773]
Event: 254.203 Thread 0x000002949c8f1600 Exception <a 'java/lang/NoSuchMethodError'{0x000000008bda6768}: 'java.lang.Object java.lang.invoke.Invokers$Holder.invoker(java.lang.Object, java.lang.Object, java.lang.Object, java.lang.Object, java.lang.Object, java.lang.Object, java.lang.Object, java.lang.Object, java.lang.Object, java.lang.Object)'> (0x000000008bda6768) 
thrown [s\src\hotspot\share\interpreter\linkResolver.cpp, line 773]
Event: 254.422 Thread 0x000002949c8f1600 Exception <a 'java/lang/NoSuchMethodError'{0x000000008b7ec198}: 'void java.lang.invoke.DirectMethodHandle$Holder.invokeInterface(java.lang.Object, java.lang.Object)'> (0x000000008b7ec198) 
thrown [s\src\hotspot\share\interpreter\linkResolver.cpp, line 773]
Event: 254.423 Thread 0x000002949c8f1600 Exception <a 'java/lang/IncompatibleClassChangeError'{0x000000008b7ef718}: Found class java.lang.Object, but interface was expected> (0x000000008b7ef718) 
thrown [s\src\hotspot\share\interpreter\linkResolver.cpp, line 840]
Event: 254.437 Thread 0x000002949c8f1600 Exception <a 'java/lang/NoSuchMethodError'{0x000000008b615288}: 'java.lang.Object java.lang.invoke.DirectMethodHandle$Holder.newInvokeSpecial(java.lang.Object, java.lang.Object, java.lang.Object, java.lang.Object, java.lang.Object, java.lang.Object, java.lang.Object, java.lang.Object)'> (0x000000008b615288) 
thrown [s\src\hotspot\share\interpreter\linkResolver.cpp, line 773]
Event: 255.267 Thread 0x000002949c8f1600 Exception <a 'java/lang/NoSuchMethodError'{0x000000008b52a5c8}: 'java.lang.Object java.lang.invoke.DirectMethodHandle$Holder.newInvokeSpecial(java.lang.Object, java.lang.Object, int)'> (0x000000008b52a5c8) 
thrown [s\src\hotspot\share\interpreter\linkResolver.cpp, line 773]
Event: 259.080 Thread 0x000002949c8f1600 Exception <a 'java/lang/NoSuchMethodError'{0x000000008b0fbf30}: 'java.lang.Object java.lang.invoke.DirectMethodHandle$Holder.invokeVirtual(java.lang.Object, java.lang.Object, java.lang.Object, java.lang.Object, java.lang.Object, java.lang.Object, java.lang.Object, java.lang.Object)'> (0x000000008b0fbf30) 
thrown [s\src\hotspot\share\interpreter\linkResolver.cpp, line 773]

ZGC Phase Switch (0 events):
No events

VM Operations (20 events):
Event: 241.957 Executing safepoint VM operation: Cleanup
Event: 242.454 Executing safepoint VM operation: Cleanup done
Event: 243.462 Executing safepoint VM operation: Cleanup
Event: 243.478 Executing safepoint VM operation: Cleanup done
Event: 245.514 Executing safepoint VM operation: Cleanup
Event: 245.514 Executing safepoint VM operation: Cleanup done
Event: 247.524 Executing safepoint VM operation: Cleanup
Event: 247.524 Executing safepoint VM operation: Cleanup done
Event: 249.554 Executing safepoint VM operation: Cleanup
Event: 249.554 Executing safepoint VM operation: Cleanup done
Event: 250.558 Executing safepoint VM operation: Cleanup
Event: 250.558 Executing safepoint VM operation: Cleanup done
Event: 254.468 Executing non-safepoint VM operation: HandshakeAllThreads (Deoptimize)
Event: 255.265 Executing non-safepoint VM operation: HandshakeAllThreads (Deoptimize) done
Event: 255.265 Executing safepoint VM operation: Cleanup
Event: 255.265 Executing safepoint VM operation: Cleanup done
Event: 257.290 Executing safepoint VM operation: Cleanup
Event: 257.305 Executing safepoint VM operation: Cleanup done
Event: 258.310 Executing safepoint VM operation: Cleanup
Event: 258.311 Executing safepoint VM operation: Cleanup done

Memory protections (0 events):
No events

Nmethod flushes (0 events):
No events

Events (20 events):
Event: 0.336 Thread 0x000002943bf27930 Thread added: 0x0000029455a39b00
Event: 0.336 Thread 0x000002943bf27930 Thread added: 0x0000029455a3a560
Event: 0.336 Thread 0x000002943bf27930 Thread added: 0x0000029455a3b2f0
Event: 0.361 Thread 0x000002943bf27930 Thread added: 0x0000029455a42110
Event: 2.428 Thread 0x000002943bf27930 Thread added: 0x0000029455c1ca80
Event: 4.133 Thread 0x000002943bf27930 Thread added: 0x0000029455c4f060
Event: 168.246 Thread 0x000002943bf27930 Thread added: 0x000002949b43e010
Event: 223.032 Thread 0x000002943bf27930 Thread added: 0x000002949c983910
Event: 235.455 Thread 0x000002943bf27930 Thread added: 0x000002949cbcf4e0
Event: 235.782 Thread 0x000002949c983910 Thread added: 0x000002949cbee450
Event: 239.247 Thread 0x000002949cbee450 Thread added: 0x000002949c5467c0
Event: 240.729 Thread 0x000002949cbee450 Thread added: 0x000002949ca9ef60
Event: 253.720 Thread 0x000002949cbee450 Thread added: 0x000002949c8f1600
Event: 253.756 Thread 0x000002949c8f1600 Thread added: 0x000002949c8efbc0
Event: 253.761 Thread 0x000002949c8f1600 Thread added: 0x000002949c8f0f70
Event: 253.769 Thread 0x000002949c8f1600 Thread added: 0x000002949c8f1c90
Event: 255.266 Thread 0x000002949c8f1600 Thread added: 0x000002949c8f2320
Event: 255.273 Thread 0x000002949c8f1600 Thread added: 0x000002949c8f08e0
Event: 259.036 Thread 0x000002949c8f08e0 Thread added: 0x000002949c8eeea0
Event: 259.088 Thread 0x000002949c8f1600 Thread added: 0x000002949c8f0250


Dynamic libraries:
0x00007ff762ca0000 - 0x00007ff762cae000 	C:\Users\Cesde\.cursor\extensions\redhat.java-1.56.0-win32-x64\jre\21.0.12.1-win32-x86_64\bin\java.exe
0x00007ffe87440000 - 0x00007ffe876a7000 	C:\WINDOWS\SYSTEM32\ntdll.dll
0x00007ffe86a10000 - 0x00007ffe86adb000 	C:\WINDOWS\System32\KERNEL32.DLL
0x00007ffe84bc0000 - 0x00007ffe84fc2000 	C:\WINDOWS\System32\KERNELBASE.dll
0x00007ffe84a60000 - 0x00007ffe84bac000 	C:\WINDOWS\System32\ucrtbase.dll
0x00007ffe7ee70000 - 0x00007ffe7ee88000 	C:\Users\Cesde\.cursor\extensions\redhat.java-1.56.0-win32-x64\jre\21.0.12.1-win32-x86_64\bin\jli.dll
0x00007ffe86f80000 - 0x00007ffe8714f000 	C:\WINDOWS\System32\USER32.dll
0x00007ffe84980000 - 0x00007ffe849a7000 	C:\WINDOWS\System32\win32u.dll
0x00007ffe86db0000 - 0x00007ffe86ddb000 	C:\WINDOWS\System32\GDI32.dll
0x00007ffe84640000 - 0x00007ffe84769000 	C:\WINDOWS\System32\gdi32full.dll
0x00007ffe849b0000 - 0x00007ffe84a53000 	C:\WINDOWS\System32\msvcp_win.dll
0x00007ffe7ee50000 - 0x00007ffe7ee6e000 	C:\Users\Cesde\.cursor\extensions\redhat.java-1.56.0-win32-x64\jre\21.0.12.1-win32-x86_64\bin\VCRUNTIME140.dll
0x00007ffe63d40000 - 0x00007ffe63fd0000 	C:\WINDOWS\WinSxS\amd64_microsoft.windows.common-controls_6595b64144ccf1df_6.0.26100.9278_none_3e0d1ba8e3303201\COMCTL32.dll
0x00007ffe856c0000 - 0x00007ffe85769000 	C:\WINDOWS\System32\msvcrt.dll
0x00007ffe872c0000 - 0x00007ffe872f1000 	C:\WINDOWS\System32\IMM32.DLL
0x00007ffe7ee40000 - 0x00007ffe7ee4c000 	C:\Users\Cesde\.cursor\extensions\redhat.java-1.56.0-win32-x64\jre\21.0.12.1-win32-x86_64\bin\vcruntime140_1.dll
0x00007ffe687d0000 - 0x00007ffe6885d000 	C:\Users\Cesde\.cursor\extensions\redhat.java-1.56.0-win32-x64\jre\21.0.12.1-win32-x86_64\bin\msvcp140.dll
0x00007ffe16a50000 - 0x00007ffe177f2000 	C:\Users\Cesde\.cursor\extensions\redhat.java-1.56.0-win32-x64\jre\21.0.12.1-win32-x86_64\bin\server\jvm.dll
0x00007ffe85160000 - 0x00007ffe8521c000 	C:\WINDOWS\System32\ADVAPI32.dll
0x00007ffe86c40000 - 0x00007ffe86ce9000 	C:\WINDOWS\System32\sechost.dll
0x00007ffe85770000 - 0x00007ffe85888000 	C:\WINDOWS\System32\RPCRT4.dll
0x00007ffe868f0000 - 0x00007ffe86970000 	C:\WINDOWS\System32\WS2_32.dll
0x00007ffe844a0000 - 0x00007ffe844fe000 	C:\WINDOWS\SYSTEM32\POWRPROF.dll
0x00007ffe78bf0000 - 0x00007ffe78c26000 	C:\WINDOWS\SYSTEM32\WINMM.dll
0x00007ffe78ae0000 - 0x00007ffe78aeb000 	C:\WINDOWS\SYSTEM32\VERSION.dll
0x00007ffe84480000 - 0x00007ffe84495000 	C:\WINDOWS\SYSTEM32\UMPDC.dll
0x00007ffe832d0000 - 0x00007ffe832eb000 	C:\WINDOWS\SYSTEM32\kernel.appcore.dll
0x00007ffe7ee30000 - 0x00007ffe7ee3a000 	C:\Users\Cesde\.cursor\extensions\redhat.java-1.56.0-win32-x64\jre\21.0.12.1-win32-x86_64\bin\jimage.dll
0x00007ffe81760000 - 0x00007ffe819ac000 	C:\WINDOWS\SYSTEM32\DBGHELP.DLL
0x00007ffe85330000 - 0x00007ffe856b5000 	C:\WINDOWS\System32\combase.dll
0x00007ffe85250000 - 0x00007ffe85329000 	C:\WINDOWS\System32\OLEAUT32.dll
0x00007ffe647a0000 - 0x00007ffe647db000 	C:\WINDOWS\SYSTEM32\dbgcore.DLL
0x00007ffe84830000 - 0x00007ffe848dc000 	C:\WINDOWS\System32\bcryptPrimitives.dll
0x00007ffe67bd0000 - 0x00007ffe67bdf000 	C:\Users\Cesde\.cursor\extensions\redhat.java-1.56.0-win32-x64\jre\21.0.12.1-win32-x86_64\bin\instrument.dll
0x00007ffe7ee10000 - 0x00007ffe7ee30000 	C:\Users\Cesde\.cursor\extensions\redhat.java-1.56.0-win32-x64\jre\21.0.12.1-win32-x86_64\bin\java.dll
0x00007ffe86090000 - 0x00007ffe86828000 	C:\WINDOWS\System32\SHELL32.dll
0x00007ffe82060000 - 0x00007ffe8290e000 	C:\WINDOWS\SYSTEM32\windows.storage.dll
0x00007ffe87160000 - 0x00007ffe8725b000 	C:\WINDOWS\System32\SHCORE.dll
0x00007ffe85910000 - 0x00007ffe85976000 	C:\WINDOWS\System32\shlwapi.dll
0x00007ffe84560000 - 0x00007ffe84589000 	C:\WINDOWS\SYSTEM32\profapi.dll
0x00007ffe7edf0000 - 0x00007ffe7ee08000 	C:\Users\Cesde\.cursor\extensions\redhat.java-1.56.0-win32-x64\jre\21.0.12.1-win32-x86_64\bin\zip.dll
0x00007ffe72be0000 - 0x00007ffe72bf0000 	C:\Users\Cesde\.cursor\extensions\redhat.java-1.56.0-win32-x64\jre\21.0.12.1-win32-x86_64\bin\net.dll
0x00007ffe7dfe0000 - 0x00007ffe7e10a000 	C:\WINDOWS\SYSTEM32\WINHTTP.dll
0x00007ffe83870000 - 0x00007ffe838dc000 	C:\WINDOWS\system32\mswsock.dll
0x00007ffe71c30000 - 0x00007ffe71c46000 	C:\Users\Cesde\.cursor\extensions\redhat.java-1.56.0-win32-x64\jre\21.0.12.1-win32-x86_64\bin\nio.dll
0x00007ffe6ce00000 - 0x00007ffe6ce10000 	C:\Users\Cesde\.cursor\extensions\redhat.java-1.56.0-win32-x64\jre\21.0.12.1-win32-x86_64\bin\verify.dll
0x00007ffe3fd10000 - 0x00007ffe3fd37000 	C:\Users\Cesde\.gradle\native\660c5614fbf4a5f2a75b1949f50a0caf5cd603558e7d8a26e50b933a0cfb79d1\windows-amd64\native-platform.dll
0x00007ffe17a90000 - 0x00007ffe17b07000 	C:\Users\Cesde\.gradle\native\0.2.8\x86_64-windows-gnu\gradle-fileevents.dll
0x00007ffe678b0000 - 0x00007ffe678ba000 	C:\Users\Cesde\.cursor\extensions\redhat.java-1.56.0-win32-x64\jre\21.0.12.1-win32-x86_64\bin\management.dll
0x00007ffe676e0000 - 0x00007ffe676ec000 	C:\Users\Cesde\.cursor\extensions\redhat.java-1.56.0-win32-x64\jre\21.0.12.1-win32-x86_64\bin\management_ext.dll
0x00007ffe85b60000 - 0x00007ffe85b68000 	C:\WINDOWS\System32\PSAPI.DLL
0x00007ffe82cd0000 - 0x00007ffe82d03000 	C:\WINDOWS\SYSTEM32\IPHLPAPI.DLL
0x00007ffe86020000 - 0x00007ffe8602a000 	C:\WINDOWS\System32\NSI.dll
0x00007ffe67640000 - 0x00007ffe67649000 	C:\Users\Cesde\.cursor\extensions\redhat.java-1.56.0-win32-x64\jre\21.0.12.1-win32-x86_64\bin\extnet.dll
0x00007ffe83c90000 - 0x00007ffe83cab000 	C:\WINDOWS\SYSTEM32\CRYPTSP.dll
0x00007ffe83230000 - 0x00007ffe83269000 	C:\WINDOWS\system32\rsaenh.dll
0x00007ffe83920000 - 0x00007ffe83954000 	C:\WINDOWS\SYSTEM32\USERENV.dll
0x00007ffe84530000 - 0x00007ffe8455a000 	C:\WINDOWS\SYSTEM32\bcrypt.dll
0x00007ffe83ad0000 - 0x00007ffe83adc000 	C:\WINDOWS\SYSTEM32\CRYPTBASE.dll
0x00007ffe65190000 - 0x00007ffe6519e000 	C:\Users\Cesde\.cursor\extensions\redhat.java-1.56.0-win32-x64\jre\21.0.12.1-win32-x86_64\bin\sunmscapi.dll
0x00007ffe84fd0000 - 0x00007ffe8514e000 	C:\WINDOWS\System32\CRYPT32.dll
0x00007ffe83e00000 - 0x00007ffe83e30000 	C:\WINDOWS\SYSTEM32\ncrypt.dll
0x00007ffe83db0000 - 0x00007ffe83def000 	C:\WINDOWS\SYSTEM32\NTASN1.dll
0x00007ffe805d0000 - 0x00007ffe805d8000 	C:\WINDOWS\system32\wshunix.dll

JVMTI agents:
C:\Users\Cesde\.gradle\wrapper\dists\gradle-9.4.1-bin\arn2x92ynaizyzdaamcbpbhtj\gradle-9.4.1\lib\agents\gradle-instrumentation-agent-9.4.1.jar path:C:\Users\Cesde\.cursor\extensions\redhat.java-1.56.0-win32-x64\jre\21.0.12.1-win32-x86_64\bin\instrument.dll, loaded, initialized, instrumentlib options:none

dbghelp: loaded successfully - version: 4.0.5 - missing functions: none
symbol engine: initialized successfully - sym options: 0x614 - pdb path: .;C:\Users\Cesde\.cursor\extensions\redhat.java-1.56.0-win32-x64\jre\21.0.12.1-win32-x86_64\bin;C:\WINDOWS\SYSTEM32;C:\WINDOWS\WinSxS\amd64_microsoft.windows.common-controls_6595b64144ccf1df_6.0.26100.9278_none_3e0d1ba8e3303201;C:\Users\Cesde\.cursor\extensions\redhat.java-1.56.0-win32-x64\jre\21.0.12.1-win32-x86_64\bin\server;C:\Users\Cesde\.gradle\native\660c5614fbf4a5f2a75b1949f50a0caf5cd603558e7d8a26e50b933a0cfb79d1\windows-amd64;C:\Users\Cesde\.gradle\native\0.2.8\x86_64-windows-gnu

VM Arguments:
jvm_args: --add-opens=java.base/java.lang=ALL-UNNAMED --add-opens=java.base/java.lang.invoke=ALL-UNNAMED --add-opens=java.base/java.util=ALL-UNNAMED --add-opens=java.prefs/java.util.prefs=ALL-UNNAMED --add-exports=jdk.compiler/com.sun.tools.javac.api=ALL-UNNAMED --add-exports=jdk.compiler/com.sun.tools.javac.util=ALL-UNNAMED --add-opens=java.base/java.util=ALL-UNNAMED --add-opens=java.prefs/java.util.prefs=ALL-UNNAMED --add-opens=java.base/java.nio.charset=ALL-UNNAMED --add-opens=java.base/java.net=ALL-UNNAMED --add-opens=java.base/java.util.concurrent=ALL-UNNAMED --add-opens=java.base/java.util.concurrent.atomic=ALL-UNNAMED --add-opens=java.xml/javax.xml.namespace=ALL-UNNAMED --add-opens=java.base/java.time=ALL-UNNAMED -Xmx2048m -Dfile.encoding=UTF-8 -Duser.country=CO -Duser.language=es -Duser.variant -javaagent:C:\Users\Cesde\.gradle\wrapper\dists\gradle-9.4.1-bin\arn2x92ynaizyzdaamcbpbhtj\gradle-9.4.1\lib\agents\gradle-instrumentation-agent-9.4.1.jar 
java_command: org.gradle.launcher.daemon.bootstrap.GradleDaemon 9.4.1
java_class_path (initial): C:\Users\Cesde\.gradle\wrapper\dists\gradle-9.4.1-bin\arn2x92ynaizyzdaamcbpbhtj\gradle-9.4.1\lib\gradle-daemon-main-9.4.1.jar
Launcher Type: SUN_STANDARD

[Global flags]
     intx CICompilerCount                          = 4                                         {product} {ergonomic}
     uint ConcGCThreads                            = 2                                         {product} {ergonomic}
     uint G1ConcRefinementThreads                  = 8                                         {product} {ergonomic}
   size_t G1HeapRegionSize                         = 1048576                                   {product} {ergonomic}
    uintx GCDrainStackTargetSize                   = 64                                        {product} {ergonomic}
   size_t InitialHeapSize                          = 264241152                                 {product} {ergonomic}
   size_t MarkStackSize                            = 4194304                                   {product} {ergonomic}
   size_t MaxHeapSize                              = 2147483648                                {product} {command line}
   size_t MaxNewSize                               = 1287651328                                {product} {ergonomic}
   size_t MinHeapDeltaBytes                        = 1048576                                   {product} {ergonomic}
   size_t MinHeapSize                              = 8388608                                   {product} {ergonomic}
    uintx NonNMethodCodeHeapSize                   = 5839372                                {pd product} {ergonomic}
    uintx NonProfiledCodeHeapSize                  = 122909434                              {pd product} {ergonomic}
    uintx ProfiledCodeHeapSize                     = 122909434                              {pd product} {ergonomic}
    uintx ReservedCodeCacheSize                    = 251658240                              {pd product} {ergonomic}
     bool SegmentedCodeCache                       = true                                      {product} {ergonomic}
   size_t SoftMaxHeapSize                          = 2147483648                             {manageable} {ergonomic}
     bool UseCompressedOops                        = true                           {product lp64_product} {ergonomic}
     bool UseG1GC                                  = true                                      {product} {ergonomic}
     bool UseLargePagesIndividualAllocation        = false                                  {pd product} {ergonomic}

Logging:
Log output configuration:
 #0: stdout all=warning uptime,level,tags foldmultilines=false
 #1: stderr all=off uptime,level,tags foldmultilines=false

Release file:
JAVA_VERSION="21.0.12.1" 
MODULES="java.base java.compiler java.datatransfer java.xml java.prefs java.desktop java.instrument java.logging java.management java.security.sasl java.naming java.rmi java.management.rmi java.net.http java.scripting java.security.jgss java.transaction.xa java.sql java.sql.rowset java.xml.crypto java.se java.smartcardio jdk.accessibility jdk.internal.jvmstat jdk.attach jdk.charsets jdk.internal.opt jdk.zipfs jdk.compiler jdk.crypto.ec jdk.crypto.cryptoki jdk.crypto.mscapi jdk.dynalink jdk.internal.ed jdk.editpad jdk.hotspot.agent jdk.httpserver jdk.internal.le jdk.internal.vm.ci jdk.internal.vm.compiler jdk.internal.vm.compiler.management jdk.jartool jdk.javadoc jdk.jcmd jdk.management jdk.management.agent jdk.jconsole jdk.jdeps jdk.jdwp.agent jdk.jdi jdk.jfr jdk.jshell jdk.jsobject jdk.jstatd jdk.localedata jdk.management.jfr jdk.naming.dns jdk.naming.rmi jdk.net jdk.nio.mapmode jdk.random jdk.sctp jdk.security.auth jdk.security.jgss jdk.unsupported jdk.unsupported.desktop jdk.xml.dom" 

Environment Variables:
PATH=C:\Program Files\Common Files\Oracle\Java\javapath;C:\WINDOWS\system32;C:\WINDOWS;C:\WINDOWS\System32\Wbem;C:\WINDOWS\System32\WindowsPowerShell\v1.0\;C:\WINDOWS\System32\OpenSSH\;C:\Program Files (x86)\Microsoft SQL Server\160\Tools\Binn\;C:\Program Files\Microsoft SQL Server\160\Tools\Binn\;C:\Program Files\Microsoft SQL Server\Client SDK\ODBC\170\Tools\Binn\;C:\Program Files\Microsoft SQL Server\160\DTS\Binn\;C:\Program Files\Git\cmd;C:\Program Files\Microsoft SQL Server\170\Tools\Binn\;C:\Program Files\dotnet\;C:\xampp\php;C:\ProgramData\ComposerSetup\bin;C:\Program Files\nodejs\;C:\ProgramData\chocolatey\bin;C:\Program Files\Docker\Docker\resources\bin;C:\Users\Cesde\AppData\Local\Microsoft\WindowsApps;C:\Users\Cesde\AppData\Local\GitHubDesktop\bin;C:\Users\Cesde\AppData\Local\Programs\Microsoft VS Code\bin;C:\Users\Cesde\AppData\Roaming\npm;C:\Users\Cesde\AppData\Local\Programs\cursor\resources\app\bin;C:\kotlinc\bin;
USERNAME=Cesde
OS=Windows_NT
PROCESSOR_IDENTIFIER=Intel64 Family 6 Model 140 Stepping 1, GenuineIntel
TMP=C:\Users\Cesde\AppData\Local\Temp
TEMP=C:\Users\Cesde\AppData\Local\Temp




Periodic native trim disabled

---------------  S Y S T E M  ---------------

OS:
 Windows 11 , 64 bit Build 26100 (10.0.26100.9444)
OS uptime: 0 days 10:56 hours
Hyper-V role detected

CPU: total 8 (initial active 8) (4 cores per cpu, 2 threads per core) family 6 model 140 stepping 1 microcode 0x86, cx8, cmov, fxsr, ht, mmx, 3dnowpref, sse, sse2, sse3, ssse3, sse4.1, sse4.2, popcnt, lzcnt, tsc, tscinvbit, avx, avx2, aes, erms, clmul, bmi1, bmi2, adx, avx512f, avx512dq, avx512cd, avx512bw, avx512vl, sha, fma, vzeroupper, avx512_vpopcntdq, avx512_vpclmulqdq, avx512_vaes, avx512_vnni, clflush, clflushopt, clwb, avx512_vbmi2, avx512_vbmi, hv, rdtscp, rdpid, fsrm, gfni, avx512_bitalg, f16c, cet_ibt, cet_ss, avx512_ifma
Processor Information for processor 0
  Max Mhz: 2803, Current Mhz: 1201, Mhz Limit: 2803
Processor Information for processor 1
  Max Mhz: 2803, Current Mhz: 2803, Mhz Limit: 2803
Processor Information for processor 2
  Max Mhz: 2803, Current Mhz: 1201, Mhz Limit: 2803
Processor Information for processor 3
  Max Mhz: 2803, Current Mhz: 2803, Mhz Limit: 2803
Processor Information for processor 4
  Max Mhz: 2803, Current Mhz: 2803, Mhz Limit: 2803
Processor Information for processor 5
  Max Mhz: 2803, Current Mhz: 2803, Mhz Limit: 2803
Processor Information for processor 6
  Max Mhz: 2803, Current Mhz: 2803, Mhz Limit: 2803
Processor Information for processor 7
  Max Mhz: 2803, Current Mhz: 2803, Mhz Limit: 2803

Memory: 4k page, system-wide physical 16082M (348M free)
TotalPageFile size 65234M (AvailPageFile size 14M)
current process WorkingSet (physical memory assigned to process): 119M, peak: 129M
current process commit charge ("private bytes"): 398M, peak: 414M

vm_info: OpenJDK 64-Bit Server VM (21.0.12.1+1-LTS) for windows-amd64 JRE (21.0.12.1+1-LTS), built on 2026-08-18T00:00:00Z by "admin" with MS VC++ 17.12 (VS2022)

END.
