#
# There is insufficient memory for the Java Runtime Environment to continue.
# Native memory allocation (malloc) failed to allocate 295696 bytes. Error detail: Chunk::new
# Possible reasons:
#   The system is out of physical RAM or swap space
#   This process is running with CompressedOops enabled, and the Java Heap may be blocking the growth of the native heap
# Possible solutions:
#   Reduce memory load on the system
#   Increase physical memory or swap space
#   Check if swap backing store is full
#   Decrease Java heap size (-Xmx/-Xms)
#   Decrease number of Java threads
#   Decrease Java thread stack sizes (-Xss)
#   Set larger code cache with -XX:ReservedCodeCacheSize=
#   JVM is running with Unscaled Compressed Oops mode in which the Java heap is
#     placed in the first 4GB address space. The Java Heap base address is the
#     maximum limit for the native heap growth. Please use -XX:HeapBaseMinAddress
#     to set the Java Heap base and to place the Java Heap above 4GB virtual address.
# This output file may be truncated or incomplete.
#
#  Out of Memory Error (arena.cpp:168), pid=21428, tid=18280
#
# JRE version: OpenJDK Runtime Environment Temurin-21.0.12.1+1 (21.0.12.1+1) (build 21.0.12.1+1-LTS)
# Java VM: OpenJDK 64-Bit Server VM Temurin-21.0.12.1+1 (21.0.12.1+1-LTS, mixed mode, sharing, tiered, compressed oops, compressed class ptrs, g1 gc, windows-amd64)
# No core dump will be written. Minidumps are not enabled by default on client versions of Windows
#

---------------  S U M M A R Y ------------

Command Line: --add-opens=java.base/java.lang=ALL-UNNAMED --add-opens=java.base/java.lang.invoke=ALL-UNNAMED --add-opens=java.base/java.util=ALL-UNNAMED --add-opens=java.prefs/java.util.prefs=ALL-UNNAMED --add-exports=jdk.compiler/com.sun.tools.javac.api=ALL-UNNAMED --add-exports=jdk.compiler/com.sun.tools.javac.util=ALL-UNNAMED --add-opens=java.base/java.util=ALL-UNNAMED --add-opens=java.prefs/java.util.prefs=ALL-UNNAMED --add-opens=java.base/java.nio.charset=ALL-UNNAMED --add-opens=java.base/java.net=ALL-UNNAMED --add-opens=java.base/java.util.concurrent=ALL-UNNAMED --add-opens=java.base/java.util.concurrent.atomic=ALL-UNNAMED --add-opens=java.xml/javax.xml.namespace=ALL-UNNAMED --add-opens=java.base/java.time=ALL-UNNAMED -Xmx2048m -Dfile.encoding=UTF-8 -Duser.country=CO -Duser.language=es -Duser.variant -javaagent:C:\Users\Cesde\.gradle\wrapper\dists\gradle-9.4.1-bin\arn2x92ynaizyzdaamcbpbhtj\gradle-9.4.1\lib\agents\gradle-instrumentation-agent-9.4.1.jar org.gradle.launcher.daemon.bootstrap.GradleDaemon 9.4.1

Host: 11th Gen Intel(R) Core(TM) i7-1165G7 @ 2.80GHz, 8 cores, 15G,  Windows 11 , 64 bit Build 26100 (10.0.26100.9444)
Time: Wed Sep 16 18:52:39 2026 Hora est. Pacífico, Sudamérica elapsed time: 263.100830 seconds (0d 0h 4m 23s)

---------------  T H R E A D  ---------------

Current thread (0x00000243de03b4b0):  JavaThread "C2 CompilerThread0" daemon [_thread_in_native, id=18280, stack(0x0000007657700000,0x0000007657800000) (1024K)]


Current CompileTask:
C2:263101 3697       4       java.lang.invoke.LambdaForm::normalizeNames (270 bytes)

Stack: [0x0000007657700000,0x0000007657800000]
Native frames: (J=compiled Java code, j=interpreted, Vv=VM code, C=native code)
V  [jvm.dll+0x6d83e9]
V  [jvm.dll+0x8b5736]
V  [jvm.dll+0x8b7cee]
V  [jvm.dll+0x8b83d3]
V  [jvm.dll+0x284596]
V  [jvm.dll+0xc685d]
V  [jvm.dll+0xc6da1]
V  [jvm.dll+0x3bf18b]
V  [jvm.dll+0x38b6d2]
V  [jvm.dll+0x38ab1a]
V  [jvm.dll+0x24c700]
V  [jvm.dll+0x24bce0]
V  [jvm.dll+0x1cb4ae]
V  [jvm.dll+0x25baad]
V  [jvm.dll+0x25a03a]
V  [jvm.dll+0x3f8aae]
V  [jvm.dll+0x8600cd]
V  [jvm.dll+0x6d6c1d]
C  [ucrtbase.dll+0x2cd30]
C  [KERNEL32.DLL+0x2cd87]
C  [ntdll.dll+0xacaec]


---------------  P R O C E S S  ---------------

Threads class SMR info:
_java_thread_list=0x00000243e5a03a80, length=26, elements={
0x000002438379e590, 0x00000243de0318e0, 0x00000243de034350, 0x00000243de035ad0,
0x00000243de038540, 0x00000243de038fa0, 0x00000243de039a00, 0x00000243de03b4b0,
0x00000243de040af0, 0x00000243de22de80, 0x00000243de29a750, 0x00000243de555a70,
0x00000243e3ee0d70, 0x00000243e44a6010, 0x00000243e43002a0, 0x00000243e4300910,
0x00000243e4556210, 0x00000243e4294330, 0x00000243e42949c0, 0x00000243e4295d70,
0x00000243e4295050, 0x00000243e42928f0, 0x00000243e4292f80, 0x00000243e4293ca0,
0x00000243e5cbfd20, 0x00000243e5cc0a40
}

Java Threads: ( => current thread )
  0x000002438379e590 JavaThread "main"                              [_thread_blocked, id=20228, stack(0x0000007656900000,0x0000007656a00000) (1024K)]
  0x00000243de0318e0 JavaThread "Reference Handler"          daemon [_thread_blocked, id=19344, stack(0x0000007657100000,0x0000007657200000) (1024K)]
  0x00000243de034350 JavaThread "Finalizer"                  daemon [_thread_blocked, id=21288, stack(0x0000007657200000,0x0000007657300000) (1024K)]
  0x00000243de035ad0 JavaThread "Signal Dispatcher"          daemon [_thread_blocked, id=19772, stack(0x0000007657300000,0x0000007657400000) (1024K)]
  0x00000243de038540 JavaThread "Attach Listener"            daemon [_thread_blocked, id=18932, stack(0x0000007657400000,0x0000007657500000) (1024K)]
  0x00000243de038fa0 JavaThread "Service Thread"             daemon [_thread_blocked, id=19608, stack(0x0000007657500000,0x0000007657600000) (1024K)]
  0x00000243de039a00 JavaThread "Monitor Deflation Thread"   daemon [_thread_blocked, id=19596, stack(0x0000007657600000,0x0000007657700000) (1024K)]
=>0x00000243de03b4b0 JavaThread "C2 CompilerThread0"         daemon [_thread_in_native, id=18280, stack(0x0000007657700000,0x0000007657800000) (1024K)]
  0x00000243de040af0 JavaThread "C1 CompilerThread0"         daemon [_thread_blocked, id=19112, stack(0x0000007657800000,0x0000007657900000) (1024K)]
  0x00000243de22de80 JavaThread "Common-Cleaner"             daemon [_thread_blocked, id=19864, stack(0x0000007657900000,0x0000007657a00000) (1024K)]
  0x00000243de29a750 JavaThread "Notification Thread"        daemon [_thread_blocked, id=20088, stack(0x0000007657a00000,0x0000007657b00000) (1024K)]
  0x00000243de555a70 JavaThread "Daemon health stats"               [_thread_blocked, id=24124, stack(0x0000007658000000,0x0000007658100000) (1024K)]
  0x00000243e3ee0d70 JavaThread "Incoming local TCP Connector on port 57807"        [_thread_in_native, id=17612, stack(0x0000007656700000,0x0000007656800000) (1024K)]
  0x00000243e44a6010 JavaThread "Daemon periodic checks"            [_thread_blocked, id=24028, stack(0x0000007658100000,0x0000007658200000) (1024K)]
  0x00000243e43002a0 JavaThread "Daemon"                            [_thread_blocked, id=19948, stack(0x0000007658200000,0x0000007658300000) (1024K)]
  0x00000243e4300910 JavaThread "Handler for socket connection from /127.0.0.1:57807 to /127.0.0.1:57831"        [_thread_in_native, id=9704, stack(0x0000007658300000,0x0000007658400000) (1024K)]
  0x00000243e4556210 JavaThread "Cancel handler"                    [_thread_blocked, id=20384, stack(0x0000007658400000,0x0000007658500000) (1024K)]
  0x00000243e4294330 JavaThread "Daemon worker"                     [_thread_in_vm, id=24108, stack(0x0000007658500000,0x0000007658600000) (1024K)]
  0x00000243e42949c0 JavaThread "Asynchronous log dispatcher for DefaultDaemonConnection: socket connection from /127.0.0.1:57807 to /127.0.0.1:57831"        [_thread_blocked, id=2996, stack(0x0000007658600000,0x0000007658700000) (1024K)]
  0x00000243e4295d70 JavaThread "Stdin handler"                     [_thread_blocked, id=24544, stack(0x0000007658700000,0x0000007658800000) (1024K)]
  0x00000243e4295050 JavaThread "Daemon client event forwarder"        [_thread_blocked, id=24000, stack(0x0000007658800000,0x0000007658900000) (1024K)]
  0x00000243e42928f0 JavaThread "Cache worker for journal cache (C:\Users\Cesde\.gradle\caches\journal-1)"        [_thread_blocked, id=28524, stack(0x0000007656600000,0x0000007656700000) (1024K)]
  0x00000243e4292f80 JavaThread "File lock request listener"        [_thread_in_native, id=28628, stack(0x0000007656800000,0x0000007656900000) (1024K)]
  0x00000243e4293ca0 JavaThread "Cache worker for file hash cache (C:\Users\Cesde\.gradle\caches\9.4.1\fileHashes)"        [_thread_blocked, id=31360, stack(0x0000007658c00000,0x0000007658d00000) (1024K)]
  0x00000243e5cbfd20 JavaThread "Cache worker for file hash cache (C:\Users\Cesde\Documents\Ejercicios-Varios\Perfil\.gradle\9.4.1\fileHashes)"        [_thread_blocked, id=30468, stack(0x0000007658d00000,0x0000007658e00000) (1024K)]
  0x00000243e5cc0a40 JavaThread "Cache worker for Build Output Cleanup Cache (C:\Users\Cesde\Documents\Ejercicios-Varios\Perfil\.gradle\buildOutputCleanup)"        [_thread_blocked, id=35700, stack(0x0000007658e00000,0x0000007658f00000) (1024K)]
Total: 26

Other Threads:
  0x00000243de00ddf0 VMThread "VM Thread"                           [id=17840, stack(0x0000007657000000,0x0000007657100000) (1024K)]
  0x000002439ce2b9f0 WatcherThread "VM Periodic Task Thread"        [id=18436, stack(0x0000007656f00000,0x0000007657000000) (1024K)]
  0x00000243837f82c0 WorkerThread "GC Thread#0"                     [id=20788, stack(0x0000007656a00000,0x0000007656b00000) (1024K)]
  0x00000243de49aa40 WorkerThread "GC Thread#1"                     [id=536, stack(0x0000007657b00000,0x0000007657c00000) (1024K)]
  0x00000243de49adf0 WorkerThread "GC Thread#2"                     [id=9488, stack(0x0000007657c00000,0x0000007657d00000) (1024K)]
  0x00000243de49b1a0 WorkerThread "GC Thread#3"                     [id=15708, stack(0x0000007657d00000,0x0000007657e00000) (1024K)]
  0x00000243de58ea40 WorkerThread "GC Thread#4"                     [id=22800, stack(0x0000007657e00000,0x0000007657f00000) (1024K)]
  0x00000243de58edf0 WorkerThread "GC Thread#5"                     [id=18736, stack(0x0000007657f00000,0x0000007658000000) (1024K)]
  0x00000243de51f640 WorkerThread "GC Thread#6"                     [id=36588, stack(0x0000007658900000,0x0000007658a00000) (1024K)]
  0x00000243de51e780 WorkerThread "GC Thread#7"                     [id=36592, stack(0x0000007658a00000,0x0000007658b00000) (1024K)]
  0x000002438380a040 ConcurrentGCThread "G1 Main Marker"            [id=17444, stack(0x0000007656b00000,0x0000007656c00000) (1024K)]
  0x000002438380aa60 WorkerThread "G1 Conc#0"                       [id=17440, stack(0x0000007656c00000,0x0000007656d00000) (1024K)]
  0x00000243de51eb30 WorkerThread "G1 Conc#1"                       [id=36596, stack(0x0000007658b00000,0x0000007658c00000) (1024K)]
  0x000002439ccfd700 ConcurrentGCThread "G1 Refine#0"               [id=17884, stack(0x0000007656d00000,0x0000007656e00000) (1024K)]
  0x000002439ccfe190 ConcurrentGCThread "G1 Service"                [id=17880, stack(0x0000007656e00000,0x0000007656f00000) (1024K)]
Total: 15

Threads with active compile tasks:
C2 CompilerThread0  263130 3697       4       java.lang.invoke.LambdaForm::normalizeNames (270 bytes)
Total: 1

VM state: not at safepoint (normal execution)

VM Mutex/Monitor currently owned by a thread: None

Heap address: 0x0000000080000000, size: 2048 MB, Compressed Oops mode: 32-bit

CDS archive(s) mapped at: [0x000002439d000000-0x000002439dba0000-0x000002439dba0000), size 12189696, SharedBaseAddress: 0x000002439d000000, ArchiveRelocationMode: 1.
Compressed class space mapped at: 0x000002439e000000-0x00000243de000000, reserved size: 1073741824
Narrow klass base: 0x000002439d000000, Narrow klass shift: 0, Narrow klass range: 0x100000000

GC Precious Log:
 CardTable entry size: 512
 Card Set container configuration: InlinePtr #cards 5 size 8 Array Of Cards #cards 12 size 40 Howl #buckets 4 coarsen threshold 1843 Howl Bitmap #cards 512 size 80 coarsen threshold 460 Card regions per heap region 1 cards per card region 2048
 CPUs: 8 total, 8 available
 Memory: 16082M
 Large Page Support: Disabled
 NUMA Support: Disabled
 Compressed Oops: Enabled (32-bit)
 Heap Region Size: 1M
 Heap Min Capacity: 8M
 Heap Initial Capacity: 252M
 Heap Max Capacity: 2G
 Pre-touch: Disabled
 Parallel Workers: 8
 Concurrent Workers: 2
 Concurrent Refinement Workers: 8
 Periodic GC: Disabled

Heap:
 garbage-first heap   total 86016K, used 62567K [0x0000000080000000, 0x0000000100000000)
  region size 1024K, 50 young (51200K), 12 survivors (12288K)
 Metaspace       used 25636K, committed 26560K, reserved 1114112K
  class space    used 3638K, committed 4096K, reserved 1048576K

Heap Regions: E=young(eden), S=young(survivor), O=old, HS=humongous(starts), HC=humongous(continues), CS=collection set, F=free, TAMS=top-at-mark-start, PB=parsable bottom
|   0|0x0000000080000000, 0x0000000080100000, 0x0000000080100000|100%|HS|  |TAMS 0x0000000080000000| PB 0x0000000080000000| Complete 
|   1|0x0000000080100000, 0x0000000080200000, 0x0000000080200000|100%|HC|  |TAMS 0x0000000080100000| PB 0x0000000080100000| Complete 
|   2|0x0000000080200000, 0x0000000080300000, 0x0000000080300000|100%|HC|  |TAMS 0x0000000080200000| PB 0x0000000080200000| Complete 
|   3|0x0000000080300000, 0x0000000080400000, 0x0000000080400000|100%|HC|  |TAMS 0x0000000080300000| PB 0x0000000080300000| Complete 
|   4|0x0000000080400000, 0x0000000080500000, 0x0000000080500000|100%| O|  |TAMS 0x0000000080400000| PB 0x0000000080400000| Untracked 
|   5|0x0000000080500000, 0x0000000080600000, 0x0000000080600000|100%| O|  |TAMS 0x0000000080500000| PB 0x0000000080500000| Untracked 
|   6|0x0000000080600000, 0x0000000080700000, 0x0000000080700000|100%| O|  |TAMS 0x0000000080600000| PB 0x0000000080600000| Untracked 
|   7|0x0000000080700000, 0x0000000080800000, 0x0000000080800000|100%| O|  |TAMS 0x0000000080700000| PB 0x0000000080700000| Untracked 
|   8|0x0000000080800000, 0x0000000080900000, 0x0000000080900000|100%|HS|  |TAMS 0x0000000080800000| PB 0x0000000080800000| Complete 
|   9|0x0000000080900000, 0x0000000080a00000, 0x0000000080a00000|100%|HS|  |TAMS 0x0000000080900000| PB 0x0000000080900000| Complete 
|  10|0x0000000080a00000, 0x0000000080b00000, 0x0000000080b00000|100%| O|  |TAMS 0x0000000080a00000| PB 0x0000000080a00000| Untracked 
|  11|0x0000000080b00000, 0x0000000080c00000, 0x0000000080c00000|100%| O|  |TAMS 0x0000000080b00000| PB 0x0000000080b00000| Untracked 
|  12|0x0000000080c00000, 0x0000000080ca0a70, 0x0000000080d00000| 62%| O|Cm|TAMS 0x0000000080c00000| PB 0x0000000080c00000| Complete 
|  13|0x0000000080d00000, 0x0000000080d00000, 0x0000000080e00000|  0%| F|  |TAMS 0x0000000080d00000| PB 0x0000000080d00000| Untracked 
|  14|0x0000000080e00000, 0x0000000080e00000, 0x0000000080f00000|  0%| F|  |TAMS 0x0000000080e00000| PB 0x0000000080e00000| Untracked 
|  15|0x0000000080f00000, 0x0000000080f00000, 0x0000000081000000|  0%| F|  |TAMS 0x0000000080f00000| PB 0x0000000080f00000| Untracked 
|  16|0x0000000081000000, 0x0000000081000000, 0x0000000081100000|  0%| F|  |TAMS 0x0000000081000000| PB 0x0000000081000000| Untracked 
|  17|0x0000000081100000, 0x0000000081100000, 0x0000000081200000|  0%| F|  |TAMS 0x0000000081100000| PB 0x0000000081100000| Untracked 
|  18|0x0000000081200000, 0x0000000081200000, 0x0000000081300000|  0%| F|  |TAMS 0x0000000081200000| PB 0x0000000081200000| Untracked 
|  19|0x0000000081300000, 0x0000000081300000, 0x0000000081400000|  0%| F|  |TAMS 0x0000000081300000| PB 0x0000000081300000| Untracked 
|  20|0x0000000081400000, 0x0000000081400000, 0x0000000081500000|  0%| F|  |TAMS 0x0000000081400000| PB 0x0000000081400000| Untracked 
|  21|0x0000000081500000, 0x0000000081500000, 0x0000000081600000|  0%| F|  |TAMS 0x0000000081500000| PB 0x0000000081500000| Untracked 
|  22|0x0000000081600000, 0x0000000081600000, 0x0000000081700000|  0%| F|  |TAMS 0x0000000081600000| PB 0x0000000081600000| Untracked 
|  23|0x0000000081700000, 0x0000000081700000, 0x0000000081800000|  0%| F|  |TAMS 0x0000000081700000| PB 0x0000000081700000| Untracked 
|  24|0x0000000081800000, 0x0000000081800000, 0x0000000081900000|  0%| F|  |TAMS 0x0000000081800000| PB 0x0000000081800000| Untracked 
|  25|0x0000000081900000, 0x0000000081900000, 0x0000000081a00000|  0%| F|  |TAMS 0x0000000081900000| PB 0x0000000081900000| Untracked 
|  26|0x0000000081a00000, 0x0000000081a00000, 0x0000000081b00000|  0%| F|  |TAMS 0x0000000081a00000| PB 0x0000000081a00000| Untracked 
|  27|0x0000000081b00000, 0x0000000081b00000, 0x0000000081c00000|  0%| F|  |TAMS 0x0000000081b00000| PB 0x0000000081b00000| Untracked 
|  28|0x0000000081c00000, 0x0000000081c00000, 0x0000000081d00000|  0%| F|  |TAMS 0x0000000081c00000| PB 0x0000000081c00000| Untracked 
|  29|0x0000000081d00000, 0x0000000081d00000, 0x0000000081e00000|  0%| F|  |TAMS 0x0000000081d00000| PB 0x0000000081d00000| Untracked 
|  30|0x0000000081e00000, 0x0000000081e00000, 0x0000000081f00000|  0%| F|  |TAMS 0x0000000081e00000| PB 0x0000000081e00000| Untracked 
|  31|0x0000000081f00000, 0x0000000081f00000, 0x0000000082000000|  0%| F|  |TAMS 0x0000000081f00000| PB 0x0000000081f00000| Untracked 
|  32|0x0000000082000000, 0x0000000082000000, 0x0000000082100000|  0%| F|  |TAMS 0x0000000082000000| PB 0x0000000082000000| Untracked 
|  33|0x0000000082100000, 0x0000000082100000, 0x0000000082200000|  0%| F|  |TAMS 0x0000000082100000| PB 0x0000000082100000| Untracked 
|  34|0x0000000082200000, 0x0000000082280000, 0x0000000082300000| 50%| E|  |TAMS 0x0000000082200000| PB 0x0000000082200000| Complete 
|  35|0x0000000082300000, 0x0000000082400000, 0x0000000082400000|100%| E|CS|TAMS 0x0000000082300000| PB 0x0000000082300000| Complete 
|  36|0x0000000082400000, 0x0000000082500000, 0x0000000082500000|100%| E|CS|TAMS 0x0000000082400000| PB 0x0000000082400000| Complete 
|  37|0x0000000082500000, 0x0000000082600000, 0x0000000082600000|100%| E|CS|TAMS 0x0000000082500000| PB 0x0000000082500000| Complete 
|  38|0x0000000082600000, 0x0000000082700000, 0x0000000082700000|100%| E|CS|TAMS 0x0000000082600000| PB 0x0000000082600000| Complete 
|  39|0x0000000082700000, 0x0000000082800000, 0x0000000082800000|100%| E|CS|TAMS 0x0000000082700000| PB 0x0000000082700000| Complete 
|  40|0x0000000082800000, 0x0000000082900000, 0x0000000082900000|100%| E|CS|TAMS 0x0000000082800000| PB 0x0000000082800000| Complete 
|  41|0x0000000082900000, 0x0000000082a00000, 0x0000000082a00000|100%| E|CS|TAMS 0x0000000082900000| PB 0x0000000082900000| Complete 
|  42|0x0000000082a00000, 0x0000000082b00000, 0x0000000082b00000|100%| E|CS|TAMS 0x0000000082a00000| PB 0x0000000082a00000| Complete 
|  43|0x0000000082b00000, 0x0000000082c00000, 0x0000000082c00000|100%| E|CS|TAMS 0x0000000082b00000| PB 0x0000000082b00000| Complete 
|  44|0x0000000082c00000, 0x0000000082d00000, 0x0000000082d00000|100%| E|CS|TAMS 0x0000000082c00000| PB 0x0000000082c00000| Complete 
|  45|0x0000000082d00000, 0x0000000082e00000, 0x0000000082e00000|100%| E|CS|TAMS 0x0000000082d00000| PB 0x0000000082d00000| Complete 
|  46|0x0000000082e00000, 0x0000000082f00000, 0x0000000082f00000|100%| E|CS|TAMS 0x0000000082e00000| PB 0x0000000082e00000| Complete 
|  47|0x0000000082f00000, 0x0000000083000000, 0x0000000083000000|100%| E|CS|TAMS 0x0000000082f00000| PB 0x0000000082f00000| Complete 
|  48|0x0000000083000000, 0x0000000083100000, 0x0000000083100000|100%| E|CS|TAMS 0x0000000083000000| PB 0x0000000083000000| Complete 
|  49|0x0000000083100000, 0x0000000083200000, 0x0000000083200000|100%| E|CS|TAMS 0x0000000083100000| PB 0x0000000083100000| Complete 
|  50|0x0000000083200000, 0x0000000083300000, 0x0000000083300000|100%| E|CS|TAMS 0x0000000083200000| PB 0x0000000083200000| Complete 
|  51|0x0000000083300000, 0x0000000083400000, 0x0000000083400000|100%| E|CS|TAMS 0x0000000083300000| PB 0x0000000083300000| Complete 
|  52|0x0000000083400000, 0x0000000083500000, 0x0000000083500000|100%| E|CS|TAMS 0x0000000083400000| PB 0x0000000083400000| Complete 
|  53|0x0000000083500000, 0x0000000083600000, 0x0000000083600000|100%| E|CS|TAMS 0x0000000083500000| PB 0x0000000083500000| Complete 
|  54|0x0000000083600000, 0x0000000083700000, 0x0000000083700000|100%| E|CS|TAMS 0x0000000083600000| PB 0x0000000083600000| Complete 
|  55|0x0000000083700000, 0x0000000083800000, 0x0000000083800000|100%| E|CS|TAMS 0x0000000083700000| PB 0x0000000083700000| Complete 
|  56|0x0000000083800000, 0x0000000083900000, 0x0000000083900000|100%| E|CS|TAMS 0x0000000083800000| PB 0x0000000083800000| Complete 
|  57|0x0000000083900000, 0x0000000083a00000, 0x0000000083a00000|100%| E|CS|TAMS 0x0000000083900000| PB 0x0000000083900000| Complete 
|  58|0x0000000083a00000, 0x0000000083b00000, 0x0000000083b00000|100%| E|CS|TAMS 0x0000000083a00000| PB 0x0000000083a00000| Complete 
|  59|0x0000000083b00000, 0x0000000083c00000, 0x0000000083c00000|100%| E|CS|TAMS 0x0000000083b00000| PB 0x0000000083b00000| Complete 
|  60|0x0000000083c00000, 0x0000000083d00000, 0x0000000083d00000|100%| E|CS|TAMS 0x0000000083c00000| PB 0x0000000083c00000| Complete 
|  61|0x0000000083d00000, 0x0000000083e00000, 0x0000000083e00000|100%| E|CS|TAMS 0x0000000083d00000| PB 0x0000000083d00000| Complete 
|  62|0x0000000083e00000, 0x0000000083f00000, 0x0000000083f00000|100%| E|CS|TAMS 0x0000000083e00000| PB 0x0000000083e00000| Complete 
|  63|0x0000000083f00000, 0x0000000084000000, 0x0000000084000000|100%| E|CS|TAMS 0x0000000083f00000| PB 0x0000000083f00000| Complete 
|  64|0x0000000084000000, 0x0000000084100000, 0x0000000084100000|100%| E|CS|TAMS 0x0000000084000000| PB 0x0000000084000000| Complete 
|  65|0x0000000084100000, 0x0000000084200000, 0x0000000084200000|100%| E|CS|TAMS 0x0000000084100000| PB 0x0000000084100000| Complete 
|  66|0x0000000084200000, 0x0000000084300000, 0x0000000084300000|100%| E|CS|TAMS 0x0000000084200000| PB 0x0000000084200000| Complete 
|  67|0x0000000084300000, 0x0000000084400000, 0x0000000084400000|100%| E|CS|TAMS 0x0000000084300000| PB 0x0000000084300000| Complete 
|  68|0x0000000084400000, 0x0000000084500000, 0x0000000084500000|100%| E|CS|TAMS 0x0000000084400000| PB 0x0000000084400000| Complete 
| 131|0x0000000088300000, 0x0000000088379440, 0x0000000088400000| 47%| S|CS|TAMS 0x0000000088300000| PB 0x0000000088300000| Complete 
| 132|0x0000000088400000, 0x0000000088500000, 0x0000000088500000|100%| S|CS|TAMS 0x0000000088400000| PB 0x0000000088400000| Complete 
| 133|0x0000000088500000, 0x0000000088600000, 0x0000000088600000|100%| S|CS|TAMS 0x0000000088500000| PB 0x0000000088500000| Complete 
| 134|0x0000000088600000, 0x0000000088700000, 0x0000000088700000|100%| S|CS|TAMS 0x0000000088600000| PB 0x0000000088600000| Complete 
| 135|0x0000000088700000, 0x0000000088800000, 0x0000000088800000|100%| S|CS|TAMS 0x0000000088700000| PB 0x0000000088700000| Complete 
| 136|0x0000000088800000, 0x0000000088900000, 0x0000000088900000|100%| S|CS|TAMS 0x0000000088800000| PB 0x0000000088800000| Complete 
| 137|0x0000000088900000, 0x0000000088a00000, 0x0000000088a00000|100%| S|CS|TAMS 0x0000000088900000| PB 0x0000000088900000| Complete 
| 138|0x0000000088a00000, 0x0000000088b00000, 0x0000000088b00000|100%| S|CS|TAMS 0x0000000088a00000| PB 0x0000000088a00000| Complete 
| 139|0x0000000088b00000, 0x0000000088c00000, 0x0000000088c00000|100%| S|CS|TAMS 0x0000000088b00000| PB 0x0000000088b00000| Complete 
| 140|0x0000000088c00000, 0x0000000088d00000, 0x0000000088d00000|100%| S|CS|TAMS 0x0000000088c00000| PB 0x0000000088c00000| Complete 
| 141|0x0000000088d00000, 0x0000000088e00000, 0x0000000088e00000|100%| S|CS|TAMS 0x0000000088d00000| PB 0x0000000088d00000| Complete 
| 142|0x0000000088e00000, 0x0000000088f00000, 0x0000000088f00000|100%| S|CS|TAMS 0x0000000088e00000| PB 0x0000000088e00000| Complete 
| 249|0x000000008f900000, 0x000000008fa00000, 0x000000008fa00000|100%| E|CS|TAMS 0x000000008f900000| PB 0x000000008f900000| Complete 
| 250|0x000000008fa00000, 0x000000008fb00000, 0x000000008fb00000|100%| E|CS|TAMS 0x000000008fa00000| PB 0x000000008fa00000| Complete 
| 251|0x000000008fb00000, 0x000000008fc00000, 0x000000008fc00000|100%| E|CS|TAMS 0x000000008fb00000| PB 0x000000008fb00000| Complete 

Card table byte_map: [0x0000024397f20000,0x0000024398320000] _byte_map_base: 0x0000024397b20000

Marking Bits: (CMBitMap*) 0x00000243837f88e0
 Bits: [0x0000024398320000, 0x000002439a320000)

Polling page: 0x0000024383860000

Metaspace:

Usage:
  Non-class:     21.49 MB used.
      Class:      3.55 MB used.
       Both:     25.04 MB used.

Virtual space:
  Non-class space:       64.00 MB reserved,      21.94 MB ( 34%) committed,  1 nodes.
      Class space:        1.00 GB reserved,       4.00 MB ( <1%) committed,  1 nodes.
             Both:        1.06 GB reserved,      25.94 MB (  2%) committed. 

Chunk freelists:
   Non-Class:  9.64 MB
       Class:  11.86 MB
        Both:  21.49 MB

MaxMetaspaceSize: unlimited
CompressedClassSpaceSize: 1.00 GB
Initial GC threshold: 21.00 MB
Current GC threshold: 35.56 MB
CDS: on
 - commit_granule_bytes: 65536.
 - commit_granule_words: 8192.
 - virtual_space_node_default_size: 8388608.
 - enlarge_chunks_in_place: 1.
 - use_allocation_guard: 0.


Internal statistics:

num_allocs_failed_limit: 3.
num_arena_births: 1396.
num_arena_deaths: 0.
num_vsnodes_births: 2.
num_vsnodes_deaths: 0.
num_space_committed: 415.
num_space_uncommitted: 0.
num_chunks_returned_to_freelist: 3.
num_chunks_taken_from_freelist: 2476.
num_chunk_merges: 3.
num_chunk_splits: 1624.
num_chunks_enlarged: 1069.
num_inconsistent_stats: 0.

CodeHeap 'non-profiled nmethods': size=120000Kb used=1950Kb max_used=1950Kb free=118049Kb
 bounds [0x000002438fb70000, 0x000002438fde0000, 0x00000243970a0000]
CodeHeap 'profiled nmethods': size=120000Kb used=7121Kb max_used=7121Kb free=112878Kb
 bounds [0x00000243880a0000, 0x00000243887a0000, 0x000002438f5d0000]
CodeHeap 'non-nmethods': size=5760Kb used=1580Kb max_used=1607Kb free=4179Kb
 bounds [0x000002438f5d0000, 0x000002438f840000, 0x000002438fb70000]
CodeCache: size=245760Kb, used=10651Kb, max_used=10678Kb, free=235106Kb
 total_blobs=4285, nmethods=3692, adapters=497, full_count=0
Compilation: enabled, stopped_count=0, restarted_count=0

Compilation events (20 events):
Event: 263.030 Thread 0x00000243de040af0 nmethod 3689 0x000002438878ff90 code [0x0000024388790140, 0x00000243887902e0]
Event: 263.030 Thread 0x00000243de040af0 3688       3       org.objectweb.asm.MethodWriter::endCurrentBasicBlockWithNoSuccessor (98 bytes)
Event: 263.030 Thread 0x00000243de040af0 nmethod 3688 0x0000024388790390 code [0x0000024388790580, 0x0000024388790be8]
Event: 263.030 Thread 0x00000243de040af0 3687       3       org.objectweb.asm.Type::appendDescriptor (90 bytes)
Event: 263.031 Thread 0x00000243de040af0 nmethod 3687 0x0000024388790e10 code [0x0000024388791040, 0x0000024388791588]
Event: 263.031 Thread 0x00000243de040af0 3690       3       org.objectweb.asm.MethodVisitor::visitMethodInsn (80 bytes)
Event: 263.031 Thread 0x00000243de040af0 nmethod 3690 0x0000024388791790 code [0x0000024388791980, 0x0000024388791e40]
Event: 263.031 Thread 0x00000243de040af0 3691       3       org.objectweb.asm.MethodWriter::visitMethodInsn (191 bytes)
Event: 263.032 Thread 0x00000243de040af0 nmethod 3691 0x0000024388791f90 code [0x00000243887921e0, 0x0000024388792998]
Event: 263.034 Thread 0x00000243de03b4b0 3692       4       org.objectweb.asm.ByteVector::putUTF8 (144 bytes)
Event: 263.034 Thread 0x00000243de040af0 3693       3       java.lang.reflect.Constructor::copy (72 bytes)
Event: 263.034 Thread 0x00000243de040af0 nmethod 3693 0x0000024388792d10 code [0x0000024388792ee0, 0x0000024388793288]
Event: 263.035 Thread 0x00000243de040af0 3695       3       org.objectweb.asm.Handler::getExceptionTableSize (10 bytes)
Event: 263.035 Thread 0x00000243de040af0 nmethod 3695 0x0000024388793390 code [0x0000024388793540, 0x0000024388793738]
Event: 263.035 Thread 0x00000243de040af0 3694       3       java.lang.reflect.Constructor::<init> (50 bytes)
Event: 263.036 Thread 0x00000243de040af0 nmethod 3694 0x0000024388793890 code [0x0000024388793a60, 0x0000024388793ed0]
Event: 263.039 Thread 0x00000243de03b4b0 nmethod 3692 0x000002438fd57290 code [0x000002438fd57460, 0x000002438fd57830]
Event: 263.049 Thread 0x00000243de040af0 3696       3       com.google.common.collect.ImmutableCollection::<init> (5 bytes)
Event: 263.049 Thread 0x00000243de040af0 nmethod 3696 0x0000024388794010 code [0x00000243887941c0, 0x0000024388794388]
Event: 263.071 Thread 0x00000243de03b4b0 3697       4       java.lang.invoke.LambdaForm::normalizeNames (270 bytes)

GC Heap History (6 events):
Event: 10.818 GC heap before
{Heap before GC invocations=0 (full 0):
 garbage-first heap   total 258048K, used 26624K [0x0000000080000000, 0x0000000100000000)
  region size 1024K, 23 young (23552K), 0 survivors (0K)
 Metaspace       used 3081K, committed 3264K, reserved 1114112K
  class space    used 373K, committed 448K, reserved 1048576K
}
Event: 12.029 GC heap after
{Heap after GC invocations=1 (full 0):
 garbage-first heap   total 258048K, used 10709K [0x0000000080000000, 0x0000000100000000)
  region size 1024K, 3 young (3072K), 3 survivors (3072K)
 Metaspace       used 3081K, committed 3264K, reserved 1114112K
  class space    used 373K, committed 448K, reserved 1048576K
}
Event: 21.201 GC heap before
{Heap before GC invocations=1 (full 0):
 garbage-first heap   total 258048K, used 39381K [0x0000000080000000, 0x0000000100000000)
  region size 1024K, 29 young (29696K), 3 survivors (3072K)
 Metaspace       used 4649K, committed 4864K, reserved 1114112K
  class space    used 593K, committed 704K, reserved 1048576K
}
Event: 21.213 GC heap after
{Heap after GC invocations=2 (full 0):
 garbage-first heap   total 258048K, used 14919K [0x0000000080000000, 0x0000000100000000)
  region size 1024K, 3 young (3072K), 3 survivors (3072K)
 Metaspace       used 4649K, committed 4864K, reserved 1114112K
  class space    used 593K, committed 704K, reserved 1048576K
}
Event: 224.503 GC heap before
{Heap before GC invocations=2 (full 0):
 garbage-first heap   total 258048K, used 124487K [0x0000000080000000, 0x0000000100000000)
  region size 1024K, 109 young (111616K), 3 survivors (3072K)
 Metaspace       used 20820K, committed 21504K, reserved 1114112K
  class space    used 2865K, committed 3200K, reserved 1048576K
}
Event: 224.596 GC heap after
{Heap after GC invocations=3 (full 0):
 garbage-first heap   total 258048K, used 24679K [0x0000000080000000, 0x0000000100000000)
  region size 1024K, 12 young (12288K), 12 survivors (12288K)
 Metaspace       used 20820K, committed 21504K, reserved 1114112K
  class space    used 2865K, committed 3200K, reserved 1048576K
}

Dll operation events (20 events):
Event: 1.215 Attempting to load shared library C:\Users\Cesde\.cursor\extensions\redhat.java-1.56.0-win32-x64\jre\21.0.12.1-win32-x86_64\bin\nio.dll
Event: 1.216 Loaded shared library C:\Users\Cesde\.cursor\extensions\redhat.java-1.56.0-win32-x64\jre\21.0.12.1-win32-x86_64\bin\nio.dll
Event: 1.219 Attempting to load shared library C:\Users\Cesde\.cursor\extensions\redhat.java-1.56.0-win32-x64\jre\21.0.12.1-win32-x86_64\bin\zip.dll
Event: 1.219 Loaded shared library C:\Users\Cesde\.cursor\extensions\redhat.java-1.56.0-win32-x64\jre\21.0.12.1-win32-x86_64\bin\zip.dll
Event: 2.389 Attempting to load shared library C:\Users\Cesde\.cursor\extensions\redhat.java-1.56.0-win32-x64\jre\21.0.12.1-win32-x86_64\bin\jimage.dll
Event: 2.389 Loaded shared library C:\Users\Cesde\.cursor\extensions\redhat.java-1.56.0-win32-x64\jre\21.0.12.1-win32-x86_64\bin\jimage.dll
Event: 8.078 Attempting to load shared library C:\Users\Cesde\.cursor\extensions\redhat.java-1.56.0-win32-x64\jre\21.0.12.1-win32-x86_64\bin\verify.dll
Event: 8.079 Loaded shared library C:\Users\Cesde\.cursor\extensions\redhat.java-1.56.0-win32-x64\jre\21.0.12.1-win32-x86_64\bin\verify.dll
Event: 8.737 Attempting to load shared library C:\Users\Cesde\.gradle\native\660c5614fbf4a5f2a75b1949f50a0caf5cd603558e7d8a26e50b933a0cfb79d1\windows-amd64\native-platform.dll
Event: 8.737 Loaded shared library C:\Users\Cesde\.gradle\native\660c5614fbf4a5f2a75b1949f50a0caf5cd603558e7d8a26e50b933a0cfb79d1\windows-amd64\native-platform.dll
Event: 8.895 Attempting to load shared library C:\Users\Cesde\.gradle\native\0.2.8\x86_64-windows-gnu\gradle-fileevents.dll
Event: 8.912 Loaded shared library C:\Users\Cesde\.gradle\native\0.2.8\x86_64-windows-gnu\gradle-fileevents.dll
Event: 27.529 Attempting to load shared library C:\Users\Cesde\.cursor\extensions\redhat.java-1.56.0-win32-x64\jre\21.0.12.1-win32-x86_64\bin\management.dll
Event: 27.548 Loaded shared library C:\Users\Cesde\.cursor\extensions\redhat.java-1.56.0-win32-x64\jre\21.0.12.1-win32-x86_64\bin\management.dll
Event: 27.596 Attempting to load shared library C:\Users\Cesde\.cursor\extensions\redhat.java-1.56.0-win32-x64\jre\21.0.12.1-win32-x86_64\bin\management_ext.dll
Event: 27.597 Loaded shared library C:\Users\Cesde\.cursor\extensions\redhat.java-1.56.0-win32-x64\jre\21.0.12.1-win32-x86_64\bin\management_ext.dll
Event: 33.357 Attempting to load shared library C:\Users\Cesde\.cursor\extensions\redhat.java-1.56.0-win32-x64\jre\21.0.12.1-win32-x86_64\bin\extnet.dll
Event: 33.378 Loaded shared library C:\Users\Cesde\.cursor\extensions\redhat.java-1.56.0-win32-x64\jre\21.0.12.1-win32-x86_64\bin\extnet.dll
Event: 40.792 Attempting to load shared library C:\Users\Cesde\.cursor\extensions\redhat.java-1.56.0-win32-x64\jre\21.0.12.1-win32-x86_64\bin\sunmscapi.dll
Event: 40.794 Loaded shared library C:\Users\Cesde\.cursor\extensions\redhat.java-1.56.0-win32-x64\jre\21.0.12.1-win32-x86_64\bin\sunmscapi.dll

Deoptimization events (20 events):
Event: 246.726 Thread 0x00000243e4294330 Uncommon trap: trap_request=0xffffff45 fr.pc=0x000002438fd095f4 relative=0x0000000000000214
Event: 246.726 Thread 0x00000243e4294330 Uncommon trap: reason=unstable_if action=reinterpret pc=0x000002438fd095f4 method=java.util.HashMap.getNode(Ljava/lang/Object;)Ljava/util/HashMap$Node; @ 131 c2
Event: 246.726 Thread 0x00000243e4294330 DEOPT PACKING pc=0x000002438fd095f4 sp=0x00000076585fb6e0
Event: 246.726 Thread 0x00000243e4294330 DEOPT UNPACKING pc=0x000002438f627ba2 sp=0x00000076585fb660 mode 2
Event: 252.139 Thread 0x00000243e4294330 Uncommon trap: trap_request=0xffffffde fr.pc=0x000002438fb7c1c8 relative=0x00000000000001a8
Event: 252.139 Thread 0x00000243e4294330 Uncommon trap: reason=class_check action=maybe_recompile pc=0x000002438fb7c1c8 method=java.lang.String.equals(Ljava/lang/Object;)Z @ 8 c2
Event: 252.139 Thread 0x00000243e4294330 DEOPT PACKING pc=0x000002438fb7c1c8 sp=0x00000076585fa220
Event: 252.139 Thread 0x00000243e4294330 DEOPT UNPACKING pc=0x000002438f627ba2 sp=0x00000076585fa1b8 mode 2
Event: 259.109 Thread 0x00000243e4294330 Uncommon trap: trap_request=0xffffff45 fr.pc=0x000002438fcc2448 relative=0x00000000000001a8
Event: 259.109 Thread 0x00000243e4294330 Uncommon trap: reason=unstable_if action=reinterpret pc=0x000002438fcc2448 method=java.util.concurrent.locks.ReentrantLock$NonfairSync.initialTryLock()Z @ 25 c2
Event: 259.109 Thread 0x00000243e4294330 DEOPT PACKING pc=0x000002438fcc2448 sp=0x00000076585f9e40
Event: 259.109 Thread 0x00000243e4294330 DEOPT UNPACKING pc=0x000002438f627ba2 sp=0x00000076585f9d28 mode 2
Event: 259.110 Thread 0x00000243e4294330 Uncommon trap: trap_request=0xffffff45 fr.pc=0x000002438fcefbd8 relative=0x0000000000000138
Event: 259.110 Thread 0x00000243e4294330 Uncommon trap: reason=unstable_if action=reinterpret pc=0x000002438fcefbd8 method=java.util.concurrent.locks.ReentrantLock$NonfairSync.tryAcquire(I)Z @ 4 c2
Event: 259.110 Thread 0x00000243e4294330 DEOPT PACKING pc=0x000002438fcefbd8 sp=0x00000076585f9d10
Event: 259.110 Thread 0x00000243e4294330 DEOPT UNPACKING pc=0x000002438f627ba2 sp=0x00000076585f9cb0 mode 2
Event: 259.110 Thread 0x00000243e4294330 Uncommon trap: trap_request=0xffffff45 fr.pc=0x000002438fd08878 relative=0x0000000000000598
Event: 259.110 Thread 0x00000243e4294330 Uncommon trap: reason=unstable_if action=reinterpret pc=0x000002438fd08878 method=java.util.concurrent.locks.AbstractQueuedSynchronizer.acquire(Ljava/util/concurrent/locks/AbstractQueuedSynchronizer$Node;IZZZJ)I @ 26 c2
Event: 259.110 Thread 0x00000243e4294330 DEOPT PACKING pc=0x000002438fd08878 sp=0x00000076585f9cd0
Event: 259.110 Thread 0x00000243e4294330 DEOPT UNPACKING pc=0x000002438f627ba2 sp=0x00000076585f9c38 mode 2

Classes loaded (20 events):
Event: 241.867 Loading class org/xml/sax/SAXException
Event: 241.867 Loading class org/xml/sax/SAXException done
Event: 241.867 Loading class javax/xml/xpath/XPathExpressionException
Event: 241.867 Loading class javax/xml/xpath/XPathException
Event: 241.940 Loading class javax/xml/xpath/XPathException done
Event: 241.940 Loading class javax/xml/xpath/XPathExpressionException done
Event: 241.940 Loading class org/xml/sax/ErrorHandler
Event: 241.941 Loading class org/xml/sax/ErrorHandler done
Event: 241.992 Loading class java/nio/file/AtomicMoveNotSupportedException
Event: 241.993 Loading class java/nio/file/AtomicMoveNotSupportedException done
Event: 245.727 Loading class java/util/Collections$2
Event: 245.728 Loading class java/util/Collections$2 done
Event: 252.121 Loading class java/util/zip/GZIPInputStream
Event: 252.122 Loading class java/util/zip/GZIPInputStream done
Event: 252.122 Loading class java/util/zip/GZIPOutputStream
Event: 252.122 Loading class java/util/zip/DeflaterOutputStream
Event: 252.123 Loading class java/util/zip/DeflaterOutputStream done
Event: 252.123 Loading class java/util/zip/GZIPOutputStream done
Event: 252.125 Loading class java/io/UnsupportedEncodingException
Event: 252.125 Loading class java/io/UnsupportedEncodingException done

Classes unloaded (0 events):
No events

Classes redefined (0 events):
No events

Internal exceptions (20 events):
Event: 224.741 Thread 0x00000243e4294330 Exception <a 'java/lang/IncompatibleClassChangeError'{0x000000008fa46ae0}: Found class java.lang.Object, but interface was expected> (0x000000008fa46ae0) 
thrown [s\src\hotspot\share\interpreter\linkResolver.cpp, line 840]
Event: 228.380 Thread 0x00000243e4294330 Exception <a 'java/lang/NoSuchMethodError'{0x000000008430f968}: 'void java.lang.invoke.DirectMethodHandle$Holder.invokeVirtual(java.lang.Object, java.lang.Object, java.lang.Object, java.lang.Object, java.lang.Object)'> (0x000000008430f968) 
thrown [s\src\hotspot\share\interpreter\linkResolver.cpp, line 773]
Event: 239.524 Thread 0x00000243e4294330 Exception <a 'java/lang/NoSuchMethodError'{0x0000000083b2e270}: 'java.lang.Object java.lang.invoke.DirectMethodHandle$Holder.invokeVirtual(java.lang.Object, java.lang.Object, java.lang.Object, java.lang.Object, java.lang.Object, java.lang.Object, java.lang.Object, java.lang.Object, java.lang.Object, java.lang.Object, java.lang.Object, java.lang.Object, java.lang.Object, java.lang.Object, java.lang.Object, java.lang.Object, java.lang.Object, java.lang.Object, java.lang.Object, java.lang.Object, java.lang.Ob
Event: 243.774 Thread 0x00000243e4294330 Exception <a 'java/lang/NoSuchMethodError'{0x00000000839ca7c8}: 'java.lang.Object java.lang.invoke.DirectMethodHandle$Holder.invokeSpecial(java.lang.Object, java.lang.Object, java.lang.Object, java.lang.Object, java.lang.Object, java.lang.Object, java.lang.Object, java.lang.Object, java.lang.Object, java.lang.Object, java.lang.Object, java.lang.Object, java.lang.Object, java.lang.Object, java.lang.Object, java.lang.Object, java.lang.Object, java.lang.Object, java.lang.Object, java.lang.Object, java.lang.Ob
Event: 246.674 Thread 0x00000243e4294330 Exception <a 'java/lang/NoSuchMethodError'{0x00000000835c21b8}: 'void java.lang.invoke.DirectMethodHandle$Holder.invokeVirtual(java.lang.Object, java.lang.Object, java.lang.Object, java.lang.Object, java.lang.Object, java.lang.Object)'> (0x00000000835c21b8) 
thrown [s\src\hotspot\share\interpreter\linkResolver.cpp, line 773]
Event: 246.674 Thread 0x00000243e4294330 Exception <a 'java/lang/NoSuchMethodError'{0x00000000835c6310}: 'void java.lang.invoke.DelegatingMethodHandle$Holder.reinvoke_L(java.lang.Object, java.lang.Object, java.lang.Object, java.lang.Object, java.lang.Object, java.lang.Object)'> (0x00000000835c6310) 
thrown [s\src\hotspot\share\interpreter\linkResolver.cpp, line 773]
Event: 248.508 Thread 0x00000243e4294330 Exception <a 'java/lang/NoSuchMethodError'{0x000000008332c9f0}: 'java.lang.Object java.lang.invoke.DirectMethodHandle$Holder.newInvokeSpecial(java.lang.Object, java.lang.Object, java.lang.Object, java.lang.Object, java.lang.Object, java.lang.Object, java.lang.Object)'> (0x000000008332c9f0) 
thrown [s\src\hotspot\share\interpreter\linkResolver.cpp, line 773]
Event: 259.110 Thread 0x00000243e4294330 Implicit null exception at 0x000002438fd0833b to 0x000002438fd0885c
Event: 259.691 Thread 0x00000243e4294330 Exception <a 'java/lang/NoSuchMethodError'{0x0000000082af7b78}: 'java.lang.Object java.lang.invoke.DirectMethodHandle$Holder.invokeSpecial(java.lang.Object, java.lang.Object, java.lang.Object, java.lang.Object, java.lang.Object, java.lang.Object, java.lang.Object, java.lang.Object, java.lang.Object, java.lang.Object, java.lang.Object, java.lang.Object, java.lang.Object, java.lang.Object, java.lang.Object, java.lang.Object, java.lang.Object, java.lang.Object, java.lang.Object, java.lang.Object, java.lang.Ob
Event: 259.691 Thread 0x00000243e4294330 Exception <a 'java/lang/NoSuchMethodError'{0x0000000082afd560}: 'java.lang.Object java.lang.invoke.DelegatingMethodHandle$Holder.reinvoke_L(java.lang.Object, java.lang.Object, java.lang.Object, java.lang.Object, java.lang.Object, java.lang.Object, java.lang.Object, java.lang.Object, java.lang.Object, java.lang.Object, java.lang.Object, java.lang.Object, java.lang.Object, java.lang.Object, java.lang.Object, java.lang.Object, java.lang.Object, java.lang.Object, java.lang.Object, java.lang.Object, java.lang.O
Event: 259.694 Thread 0x00000243e4294330 Exception <a 'java/lang/NoSuchMethodError'{0x0000000082908e80}: 'java.lang.Object java.lang.invoke.DirectMethodHandle$Holder.invokeSpecial(java.lang.Object, java.lang.Object, java.lang.Object, java.lang.Object, java.lang.Object, java.lang.Object, java.lang.Object, java.lang.Object, java.lang.Object, java.lang.Object, java.lang.Object, java.lang.Object, java.lang.Object, java.lang.Object, java.lang.Object, java.lang.Object, java.lang.Object, java.lang.Object, java.lang.Object, java.lang.Object, java.lang.Ob
Event: 259.694 Thread 0x00000243e4294330 Exception <a 'java/lang/NoSuchMethodError'{0x000000008290e688}: 'java.lang.Object java.lang.invoke.Invokers$Holder.invoker(java.lang.Object, java.lang.Object, java.lang.Object, java.lang.Object, java.lang.Object, java.lang.Object, java.lang.Object, java.lang.Object, java.lang.Object, java.lang.Object, java.lang.Object, java.lang.Object, java.lang.Object, java.lang.Object, java.lang.Object, java.lang.Object, java.lang.Object, java.lang.Object, java.lang.Object, java.lang.Object, java.lang.Object, java.lang.
Event: 259.695 Thread 0x00000243e4294330 Exception <a 'java/lang/NoSuchMethodError'{0x0000000082914870}: 'java.lang.Object java.lang.invoke.DelegatingMethodHandle$Holder.delegate(java.lang.Object, java.lang.Object, java.lang.Object, java.lang.Object, java.lang.Object, java.lang.Object, java.lang.Object, java.lang.Object, java.lang.Object, java.lang.Object, java.lang.Object, java.lang.Object, java.lang.Object, java.lang.Object, java.lang.Object, java.lang.Object, java.lang.Object, java.lang.Object, java.lang.Object, java.lang.Object, java.lang.Obj
Event: 259.757 Thread 0x00000243e4294330 Exception <a 'java/lang/NoSuchMethodError'{0x00000000828e2c28}: 'java.lang.Object java.lang.invoke.DirectMethodHandle$Holder.invokeStaticInit(java.lang.Object, java.lang.Object, java.lang.Object)'> (0x00000000828e2c28) 
thrown [s\src\hotspot\share\interpreter\linkResolver.cpp, line 773]
Event: 260.674 Thread 0x00000243e4294330 Exception <a 'java/lang/NoSuchMethodError'{0x00000000826cd7e8}: 'int java.lang.invoke.DirectMethodHandle$Holder.invokeStaticInit(java.lang.Object, java.lang.Object)'> (0x00000000826cd7e8) 
thrown [s\src\hotspot\share\interpreter\linkResolver.cpp, line 773]
Event: 260.710 Thread 0x00000243e4294330 Exception <a 'java/lang/IncompatibleClassChangeError'{0x000000008250a9e8}: Found class java.lang.Object, but interface was expected> (0x000000008250a9e8) 
thrown [s\src\hotspot\share\interpreter\linkResolver.cpp, line 840]
Event: 260.731 Thread 0x00000243e4294330 Exception <a 'java/lang/NoSuchMethodError'{0x00000000825ad910}: 'java.lang.Object java.lang.invoke.DirectMethodHandle$Holder.invokeVirtual(java.lang.Object, java.lang.Object, java.lang.Object, java.lang.Object, java.lang.Object, java.lang.Object, java.lang.Object, java.lang.Object, java.lang.Object, java.lang.Object, java.lang.Object, java.lang.Object, java.lang.Object)'> (0x00000000825ad910) 
thrown [s\src\hotspot\share\interpreter\linkResolver.cpp, line 773]
Event: 260.731 Thread 0x00000243e4294330 Exception <a 'java/lang/NoSuchMethodError'{0x00000000825b2b48}: 'java.lang.Object java.lang.invoke.DirectMethodHandle$Holder.invokeSpecial(java.lang.Object, java.lang.Object, java.lang.Object, java.lang.Object, java.lang.Object, java.lang.Object, java.lang.Object, java.lang.Object, java.lang.Object, java.lang.Object, java.lang.Object, java.lang.Object, java.lang.Object, java.lang.Object)'> (0x00000000825b2b48) 
thrown [s\src\hotspot\share\interpreter\linkResolver.cpp, line 773]
Event: 260.732 Thread 0x00000243e4294330 Exception <a 'java/lang/NoSuchMethodError'{0x00000000825b7898}: 'java.lang.Object java.lang.invoke.DelegatingMethodHandle$Holder.reinvoke_L(java.lang.Object, java.lang.Object, java.lang.Object, java.lang.Object, java.lang.Object, java.lang.Object, java.lang.Object, java.lang.Object, java.lang.Object, java.lang.Object, java.lang.Object, java.lang.Object, java.lang.Object)'> (0x00000000825b7898) 
thrown [s\src\hotspot\share\interpreter\linkResolver.cpp, line 773]
Event: 262.093 Thread 0x00000243e4294330 Exception <a 'java/lang/NoSuchMethodError'{0x000000008237e8d0}: 'void java.lang.invoke.DirectMethodHandle$Holder.invokeStaticInit(java.lang.Object, java.lang.Object)'> (0x000000008237e8d0) 
thrown [s\src\hotspot\share\interpreter\linkResolver.cpp, line 773]

ZGC Phase Switch (0 events):
No events

VM Operations (20 events):
Event: 250.510 Executing safepoint VM operation: Cleanup
Event: 250.510 Executing safepoint VM operation: Cleanup done
Event: 251.512 Executing safepoint VM operation: Cleanup
Event: 252.095 Executing safepoint VM operation: Cleanup done
Event: 253.097 Executing safepoint VM operation: Cleanup
Event: 253.266 Executing safepoint VM operation: Cleanup done
Event: 254.270 Executing safepoint VM operation: Cleanup
Event: 255.534 Executing safepoint VM operation: Cleanup done
Event: 256.535 Executing safepoint VM operation: Cleanup
Event: 257.397 Executing safepoint VM operation: Cleanup done
Event: 258.405 Executing safepoint VM operation: Cleanup
Event: 258.406 Executing safepoint VM operation: Cleanup done
Event: 259.421 Executing safepoint VM operation: Cleanup
Event: 259.421 Executing safepoint VM operation: Cleanup done
Event: 260.430 Executing safepoint VM operation: Cleanup
Event: 260.635 Executing safepoint VM operation: Cleanup done
Event: 261.639 Executing safepoint VM operation: Cleanup
Event: 261.994 Executing safepoint VM operation: Cleanup done
Event: 262.994 Executing safepoint VM operation: Cleanup
Event: 263.010 Executing safepoint VM operation: Cleanup done

Memory protections (0 events):
No events

Nmethod flushes (0 events):
No events

Events (20 events):
Event: 9.563 Thread 0x00000243de70f720 Thread exited: 0x00000243de70f720
Event: 21.166 Thread 0x00000243de03b4b0 Thread added: 0x00000243e39a4bc0
Event: 21.931 Thread 0x00000243e39a4bc0 Thread exited: 0x00000243e39a4bc0
Event: 28.303 Thread 0x000002438379e590 Thread added: 0x00000243de555a70
Event: 36.848 Thread 0x000002438379e590 Thread added: 0x00000243e3ee0d70
Event: 38.481 Thread 0x000002438379e590 Thread added: 0x00000243e44a6010
Event: 41.237 Thread 0x00000243e3ee0d70 Thread added: 0x00000243e43002a0
Event: 41.990 Thread 0x00000243e43002a0 Thread added: 0x00000243e4300910
Event: 42.570 Thread 0x00000243e43002a0 Thread added: 0x00000243e4556210
Event: 43.805 Thread 0x00000243e43002a0 Thread added: 0x00000243e4294330
Event: 44.477 Thread 0x00000243e4294330 Thread added: 0x00000243e42949c0
Event: 44.763 Thread 0x00000243e4294330 Thread added: 0x00000243e4295d70
Event: 45.174 Thread 0x00000243e4294330 Thread added: 0x00000243e4295050
Event: 107.004 Thread 0x00000243e4294330 Thread added: 0x00000243e42928f0
Event: 107.744 Thread 0x00000243e4294330 Thread added: 0x00000243e4292f80
Event: 109.448 Thread 0x00000243e4292f80 Thread added: 0x00000243e4293610
Event: 116.715 Thread 0x00000243e4294330 Thread added: 0x00000243e4293ca0
Event: 199.600 Thread 0x00000243e4293610 Thread exited: 0x00000243e4293610
Event: 253.320 Thread 0x00000243e4294330 Thread added: 0x00000243e5cbfd20
Event: 257.436 Thread 0x00000243e4294330 Thread added: 0x00000243e5cc0a40


Dynamic libraries:
0x00007ff762ca0000 - 0x00007ff762cae000 	C:\Users\Cesde\.cursor\extensions\redhat.java-1.56.0-win32-x64\jre\21.0.12.1-win32-x86_64\bin\java.exe
0x00007ffe87440000 - 0x00007ffe876a7000 	C:\WINDOWS\SYSTEM32\ntdll.dll
0x00007ffe86a10000 - 0x00007ffe86adb000 	C:\WINDOWS\System32\KERNEL32.DLL
0x00007ffe84bc0000 - 0x00007ffe84fc2000 	C:\WINDOWS\System32\KERNELBASE.dll
0x00007ffe84a60000 - 0x00007ffe84bac000 	C:\WINDOWS\System32\ucrtbase.dll
0x00007ffe7ee70000 - 0x00007ffe7ee88000 	C:\Users\Cesde\.cursor\extensions\redhat.java-1.56.0-win32-x64\jre\21.0.12.1-win32-x86_64\bin\jli.dll
0x00007ffe86f80000 - 0x00007ffe8714f000 	C:\WINDOWS\System32\USER32.dll
0x00007ffe84980000 - 0x00007ffe849a7000 	C:\WINDOWS\System32\win32u.dll
0x00007ffe86db0000 - 0x00007ffe86ddb000 	C:\WINDOWS\System32\GDI32.dll
0x00007ffe84640000 - 0x00007ffe84769000 	C:\WINDOWS\System32\gdi32full.dll
0x00007ffe849b0000 - 0x00007ffe84a53000 	C:\WINDOWS\System32\msvcp_win.dll
0x00007ffe7ee50000 - 0x00007ffe7ee6e000 	C:\Users\Cesde\.cursor\extensions\redhat.java-1.56.0-win32-x64\jre\21.0.12.1-win32-x86_64\bin\VCRUNTIME140.dll
0x00007ffe63d40000 - 0x00007ffe63fd0000 	C:\WINDOWS\WinSxS\amd64_microsoft.windows.common-controls_6595b64144ccf1df_6.0.26100.9278_none_3e0d1ba8e3303201\COMCTL32.dll
0x00007ffe856c0000 - 0x00007ffe85769000 	C:\WINDOWS\System32\msvcrt.dll
0x00007ffe872c0000 - 0x00007ffe872f1000 	C:\WINDOWS\System32\IMM32.DLL
0x00007ffe7ee40000 - 0x00007ffe7ee4c000 	C:\Users\Cesde\.cursor\extensions\redhat.java-1.56.0-win32-x64\jre\21.0.12.1-win32-x86_64\bin\vcruntime140_1.dll
0x00007ffe687d0000 - 0x00007ffe6885d000 	C:\Users\Cesde\.cursor\extensions\redhat.java-1.56.0-win32-x64\jre\21.0.12.1-win32-x86_64\bin\msvcp140.dll
0x00007ffe16a50000 - 0x00007ffe177f2000 	C:\Users\Cesde\.cursor\extensions\redhat.java-1.56.0-win32-x64\jre\21.0.12.1-win32-x86_64\bin\server\jvm.dll
0x00007ffe85160000 - 0x00007ffe8521c000 	C:\WINDOWS\System32\ADVAPI32.dll
0x00007ffe86c40000 - 0x00007ffe86ce9000 	C:\WINDOWS\System32\sechost.dll
0x00007ffe85770000 - 0x00007ffe85888000 	C:\WINDOWS\System32\RPCRT4.dll
0x00007ffe868f0000 - 0x00007ffe86970000 	C:\WINDOWS\System32\WS2_32.dll
0x00007ffe844a0000 - 0x00007ffe844fe000 	C:\WINDOWS\SYSTEM32\POWRPROF.dll
0x00007ffe78bf0000 - 0x00007ffe78c26000 	C:\WINDOWS\SYSTEM32\WINMM.dll
0x00007ffe78ae0000 - 0x00007ffe78aeb000 	C:\WINDOWS\SYSTEM32\VERSION.dll
0x00007ffe84480000 - 0x00007ffe84495000 	C:\WINDOWS\SYSTEM32\UMPDC.dll
0x00007ffe832d0000 - 0x00007ffe832eb000 	C:\WINDOWS\SYSTEM32\kernel.appcore.dll
0x00007ffe7ee30000 - 0x00007ffe7ee3a000 	C:\Users\Cesde\.cursor\extensions\redhat.java-1.56.0-win32-x64\jre\21.0.12.1-win32-x86_64\bin\jimage.dll
0x00007ffe81760000 - 0x00007ffe819ac000 	C:\WINDOWS\SYSTEM32\DBGHELP.DLL
0x00007ffe85330000 - 0x00007ffe856b5000 	C:\WINDOWS\System32\combase.dll
0x00007ffe85250000 - 0x00007ffe85329000 	C:\WINDOWS\System32\OLEAUT32.dll
0x00007ffe647a0000 - 0x00007ffe647db000 	C:\WINDOWS\SYSTEM32\dbgcore.DLL
0x00007ffe84830000 - 0x00007ffe848dc000 	C:\WINDOWS\System32\bcryptPrimitives.dll
0x00007ffe67bd0000 - 0x00007ffe67bdf000 	C:\Users\Cesde\.cursor\extensions\redhat.java-1.56.0-win32-x64\jre\21.0.12.1-win32-x86_64\bin\instrument.dll
0x00007ffe7ee10000 - 0x00007ffe7ee30000 	C:\Users\Cesde\.cursor\extensions\redhat.java-1.56.0-win32-x64\jre\21.0.12.1-win32-x86_64\bin\java.dll
0x00007ffe86090000 - 0x00007ffe86828000 	C:\WINDOWS\System32\SHELL32.dll
0x00007ffe82060000 - 0x00007ffe8290e000 	C:\WINDOWS\SYSTEM32\windows.storage.dll
0x00007ffe87160000 - 0x00007ffe8725b000 	C:\WINDOWS\System32\SHCORE.dll
0x00007ffe85910000 - 0x00007ffe85976000 	C:\WINDOWS\System32\shlwapi.dll
0x00007ffe84560000 - 0x00007ffe84589000 	C:\WINDOWS\SYSTEM32\profapi.dll
0x00007ffe7edf0000 - 0x00007ffe7ee08000 	C:\Users\Cesde\.cursor\extensions\redhat.java-1.56.0-win32-x64\jre\21.0.12.1-win32-x86_64\bin\zip.dll
0x00007ffe72be0000 - 0x00007ffe72bf0000 	C:\Users\Cesde\.cursor\extensions\redhat.java-1.56.0-win32-x64\jre\21.0.12.1-win32-x86_64\bin\net.dll
0x00007ffe7dfe0000 - 0x00007ffe7e10a000 	C:\WINDOWS\SYSTEM32\WINHTTP.dll
0x00007ffe83870000 - 0x00007ffe838dc000 	C:\WINDOWS\system32\mswsock.dll
0x00007ffe71c30000 - 0x00007ffe71c46000 	C:\Users\Cesde\.cursor\extensions\redhat.java-1.56.0-win32-x64\jre\21.0.12.1-win32-x86_64\bin\nio.dll
0x00007ffe6ce00000 - 0x00007ffe6ce10000 	C:\Users\Cesde\.cursor\extensions\redhat.java-1.56.0-win32-x64\jre\21.0.12.1-win32-x86_64\bin\verify.dll
0x00007ffe3fd10000 - 0x00007ffe3fd37000 	C:\Users\Cesde\.gradle\native\660c5614fbf4a5f2a75b1949f50a0caf5cd603558e7d8a26e50b933a0cfb79d1\windows-amd64\native-platform.dll
0x00007ffe17a90000 - 0x00007ffe17b07000 	C:\Users\Cesde\.gradle\native\0.2.8\x86_64-windows-gnu\gradle-fileevents.dll
0x00007ffe678b0000 - 0x00007ffe678ba000 	C:\Users\Cesde\.cursor\extensions\redhat.java-1.56.0-win32-x64\jre\21.0.12.1-win32-x86_64\bin\management.dll
0x00007ffe676e0000 - 0x00007ffe676ec000 	C:\Users\Cesde\.cursor\extensions\redhat.java-1.56.0-win32-x64\jre\21.0.12.1-win32-x86_64\bin\management_ext.dll
0x00007ffe85b60000 - 0x00007ffe85b68000 	C:\WINDOWS\System32\PSAPI.DLL
0x00007ffe82cd0000 - 0x00007ffe82d03000 	C:\WINDOWS\SYSTEM32\IPHLPAPI.DLL
0x00007ffe86020000 - 0x00007ffe8602a000 	C:\WINDOWS\System32\NSI.dll
0x00007ffe67640000 - 0x00007ffe67649000 	C:\Users\Cesde\.cursor\extensions\redhat.java-1.56.0-win32-x64\jre\21.0.12.1-win32-x86_64\bin\extnet.dll
0x00007ffe83c90000 - 0x00007ffe83cab000 	C:\WINDOWS\SYSTEM32\CRYPTSP.dll
0x00007ffe83230000 - 0x00007ffe83269000 	C:\WINDOWS\system32\rsaenh.dll
0x00007ffe83920000 - 0x00007ffe83954000 	C:\WINDOWS\SYSTEM32\USERENV.dll
0x00007ffe84530000 - 0x00007ffe8455a000 	C:\WINDOWS\SYSTEM32\bcrypt.dll
0x00007ffe83ad0000 - 0x00007ffe83adc000 	C:\WINDOWS\SYSTEM32\CRYPTBASE.dll
0x00007ffe65190000 - 0x00007ffe6519e000 	C:\Users\Cesde\.cursor\extensions\redhat.java-1.56.0-win32-x64\jre\21.0.12.1-win32-x86_64\bin\sunmscapi.dll
0x00007ffe84fd0000 - 0x00007ffe8514e000 	C:\WINDOWS\System32\CRYPT32.dll
0x00007ffe83e00000 - 0x00007ffe83e30000 	C:\WINDOWS\SYSTEM32\ncrypt.dll
0x00007ffe83db0000 - 0x00007ffe83def000 	C:\WINDOWS\SYSTEM32\NTASN1.dll
0x00007ffe805d0000 - 0x00007ffe805d8000 	C:\WINDOWS\system32\wshunix.dll

JVMTI agents:
C:\Users\Cesde\.gradle\wrapper\dists\gradle-9.4.1-bin\arn2x92ynaizyzdaamcbpbhtj\gradle-9.4.1\lib\agents\gradle-instrumentation-agent-9.4.1.jar path:C:\Users\Cesde\.cursor\extensions\redhat.java-1.56.0-win32-x64\jre\21.0.12.1-win32-x86_64\bin\instrument.dll, loaded, initialized, instrumentlib options:none

dbghelp: loaded successfully - version: 4.0.5 - missing functions: none
symbol engine: initialized successfully - sym options: 0x614 - pdb path: .;C:\Users\Cesde\.cursor\extensions\redhat.java-1.56.0-win32-x64\jre\21.0.12.1-win32-x86_64\bin;C:\WINDOWS\SYSTEM32;C:\WINDOWS\WinSxS\amd64_microsoft.windows.common-controls_6595b64144ccf1df_6.0.26100.9278_none_3e0d1ba8e3303201;C:\Users\Cesde\.cursor\extensions\redhat.java-1.56.0-win32-x64\jre\21.0.12.1-win32-x86_64\bin\server;C:\Users\Cesde\.gradle\native\660c5614fbf4a5f2a75b1949f50a0caf5cd603558e7d8a26e50b933a0cfb79d1\windows-amd64;C:\Users\Cesde\.gradle\native\0.2.8\x86_64-windows-gnu

VM Arguments:
jvm_args: --add-opens=java.base/java.lang=ALL-UNNAMED --add-opens=java.base/java.lang.invoke=ALL-UNNAMED --add-opens=java.base/java.util=ALL-UNNAMED --add-opens=java.prefs/java.util.prefs=ALL-UNNAMED --add-exports=jdk.compiler/com.sun.tools.javac.api=ALL-UNNAMED --add-exports=jdk.compiler/com.sun.tools.javac.util=ALL-UNNAMED --add-opens=java.base/java.util=ALL-UNNAMED --add-opens=java.prefs/java.util.prefs=ALL-UNNAMED --add-opens=java.base/java.nio.charset=ALL-UNNAMED --add-opens=java.base/java.net=ALL-UNNAMED --add-opens=java.base/java.util.concurrent=ALL-UNNAMED --add-opens=java.base/java.util.concurrent.atomic=ALL-UNNAMED --add-opens=java.xml/javax.xml.namespace=ALL-UNNAMED --add-opens=java.base/java.time=ALL-UNNAMED -Xmx2048m -Dfile.encoding=UTF-8 -Duser.country=CO -Duser.language=es -Duser.variant -javaagent:C:\Users\Cesde\.gradle\wrapper\dists\gradle-9.4.1-bin\arn2x92ynaizyzdaamcbpbhtj\gradle-9.4.1\lib\agents\gradle-instrumentation-agent-9.4.1.jar 
java_command: org.gradle.launcher.daemon.bootstrap.GradleDaemon 9.4.1
java_class_path (initial): C:\Users\Cesde\.gradle\wrapper\dists\gradle-9.4.1-bin\arn2x92ynaizyzdaamcbpbhtj\gradle-9.4.1\lib\gradle-daemon-main-9.4.1.jar
Launcher Type: SUN_STANDARD

[Global flags]
     intx CICompilerCount                          = 4                                         {product} {ergonomic}
     uint ConcGCThreads                            = 2                                         {product} {ergonomic}
     uint G1ConcRefinementThreads                  = 8                                         {product} {ergonomic}
   size_t G1HeapRegionSize                         = 1048576                                   {product} {ergonomic}
    uintx GCDrainStackTargetSize                   = 64                                        {product} {ergonomic}
   size_t InitialHeapSize                          = 264241152                                 {product} {ergonomic}
   size_t MarkStackSize                            = 4194304                                   {product} {ergonomic}
   size_t MaxHeapSize                              = 2147483648                                {product} {command line}
   size_t MaxNewSize                               = 1287651328                                {product} {ergonomic}
   size_t MinHeapDeltaBytes                        = 1048576                                   {product} {ergonomic}
   size_t MinHeapSize                              = 8388608                                   {product} {ergonomic}
    uintx NonNMethodCodeHeapSize                   = 5839372                                {pd product} {ergonomic}
    uintx NonProfiledCodeHeapSize                  = 122909434                              {pd product} {ergonomic}
    uintx ProfiledCodeHeapSize                     = 122909434                              {pd product} {ergonomic}
    uintx ReservedCodeCacheSize                    = 251658240                              {pd product} {ergonomic}
     bool SegmentedCodeCache                       = true                                      {product} {ergonomic}
   size_t SoftMaxHeapSize                          = 2147483648                             {manageable} {ergonomic}
     bool UseCompressedOops                        = true                           {product lp64_product} {ergonomic}
     bool UseG1GC                                  = true                                      {product} {ergonomic}
     bool UseLargePagesIndividualAllocation        = false                                  {pd product} {ergonomic}

Logging:
Log output configuration:
 #0: stdout all=warning uptime,level,tags foldmultilines=false
 #1: stderr all=off uptime,level,tags foldmultilines=false

Release file:
JAVA_VERSION="21.0.12.1" 
MODULES="java.base java.compiler java.datatransfer java.xml java.prefs java.desktop java.instrument java.logging java.management java.security.sasl java.naming java.rmi java.management.rmi java.net.http java.scripting java.security.jgss java.transaction.xa java.sql java.sql.rowset java.xml.crypto java.se java.smartcardio jdk.accessibility jdk.internal.jvmstat jdk.attach jdk.charsets jdk.internal.opt jdk.zipfs jdk.compiler jdk.crypto.ec jdk.crypto.cryptoki jdk.crypto.mscapi jdk.dynalink jdk.internal.ed jdk.editpad jdk.hotspot.agent jdk.httpserver jdk.internal.le jdk.internal.vm.ci jdk.internal.vm.compiler jdk.internal.vm.compiler.management jdk.jartool jdk.javadoc jdk.jcmd jdk.management jdk.management.agent jdk.jconsole jdk.jdeps jdk.jdwp.agent jdk.jdi jdk.jfr jdk.jshell jdk.jsobject jdk.jstatd jdk.localedata jdk.management.jfr jdk.naming.dns jdk.naming.rmi jdk.net jdk.nio.mapmode jdk.random jdk.sctp jdk.security.auth jdk.security.jgss jdk.unsupported jdk.unsupported.desktop jdk.xml.dom" 

Environment Variables:
PATH=C:\Program Files\Common Files\Oracle\Java\javapath;C:\WINDOWS\system32;C:\WINDOWS;C:\WINDOWS\System32\Wbem;C:\WINDOWS\System32\WindowsPowerShell\v1.0\;C:\WINDOWS\System32\OpenSSH\;C:\Program Files (x86)\Microsoft SQL Server\160\Tools\Binn\;C:\Program Files\Microsoft SQL Server\160\Tools\Binn\;C:\Program Files\Microsoft SQL Server\Client SDK\ODBC\170\Tools\Binn\;C:\Program Files\Microsoft SQL Server\160\DTS\Binn\;C:\Program Files\Git\cmd;C:\Program Files\Microsoft SQL Server\170\Tools\Binn\;C:\Program Files\dotnet\;C:\xampp\php;C:\ProgramData\ComposerSetup\bin;C:\Program Files\nodejs\;C:\ProgramData\chocolatey\bin;C:\Program Files\Docker\Docker\resources\bin;C:\Users\Cesde\AppData\Local\Microsoft\WindowsApps;C:\Users\Cesde\AppData\Local\GitHubDesktop\bin;C:\Users\Cesde\AppData\Local\Programs\Microsoft VS Code\bin;C:\Users\Cesde\AppData\Roaming\npm;C:\Users\Cesde\AppData\Local\Programs\cursor\resources\app\bin;C:\kotlinc\bin;
USERNAME=Cesde
OS=Windows_NT
PROCESSOR_IDENTIFIER=Intel64 Family 6 Model 140 Stepping 1, GenuineIntel
TMP=C:\Users\Cesde\AppData\Local\Temp
TEMP=C:\Users\Cesde\AppData\Local\Temp




Periodic native trim disabled

---------------  S Y S T E M  ---------------

OS:
 Windows 11 , 64 bit Build 26100 (10.0.26100.9444)
OS uptime: 0 days 10:56 hours
Hyper-V role detected

CPU: total 8 (initial active 8) (4 cores per cpu, 2 threads per core) family 6 model 140 stepping 1 microcode 0x86, cx8, cmov, fxsr, ht, mmx, 3dnowpref, sse, sse2, sse3, ssse3, sse4.1, sse4.2, popcnt, lzcnt, tsc, tscinvbit, avx, avx2, aes, erms, clmul, bmi1, bmi2, adx, avx512f, avx512dq, avx512cd, avx512bw, avx512vl, sha, fma, vzeroupper, avx512_vpopcntdq, avx512_vpclmulqdq, avx512_vaes, avx512_vnni, clflush, clflushopt, clwb, avx512_vbmi2, avx512_vbmi, hv, rdtscp, rdpid, fsrm, gfni, avx512_bitalg, f16c, cet_ibt, cet_ss, avx512_ifma
Processor Information for the first 8 processors :
  Max Mhz: 2803, Current Mhz: 2803, Mhz Limit: 2803

Memory: 4k page, system-wide physical 16082M (245M free)
TotalPageFile size 65234M (AvailPageFile size 0M)
current process WorkingSet (physical memory assigned to process): 103M, peak: 183M
current process commit charge ("private bytes"): 235M, peak: 420M

vm_info: OpenJDK 64-Bit Server VM (21.0.12.1+1-LTS) for windows-amd64 JRE (21.0.12.1+1-LTS), built on 2026-08-18T00:00:00Z by "admin" with MS VC++ 17.12 (VS2022)

END.
