#
# There is insufficient memory for the Java Runtime Environment to continue.
# Native memory allocation (mmap) failed to map 110100480 bytes. Error detail: G1 virtual space
# Possible reasons:
#   The system is out of physical RAM or swap space
#   This process is running with CompressedOops enabled, and the Java Heap may be blocking the growth of the native heap
# Possible solutions:
#   Reduce memory load on the system
#   Increase physical memory or swap space
#   Check if swap backing store is full
#   Decrease Java heap size (-Xmx/-Xms)
#   Decrease number of Java threads
#   Decrease Java thread stack sizes (-Xss)
#   Set larger code cache with -XX:ReservedCodeCacheSize=
#   JVM is running with Unscaled Compressed Oops mode in which the Java heap is
#     placed in the first 4GB address space. The Java Heap base address is the
#     maximum limit for the native heap growth. Please use -XX:HeapBaseMinAddress
#     to set the Java Heap base and to place the Java Heap above 4GB virtual address.
# This output file may be truncated or incomplete.
#
#  Out of Memory Error (os_windows.cpp:3732), pid=24512, tid=26668
#
# JRE version: OpenJDK Runtime Environment Temurin-21.0.12.1+1 (21.0.12.1+1) (build 21.0.12.1+1-LTS)
# Java VM: OpenJDK 64-Bit Server VM Temurin-21.0.12.1+1 (21.0.12.1+1-LTS, mixed mode, sharing, tiered, compressed oops, compressed class ptrs, g1 gc, windows-amd64)
# No core dump will be written. Minidumps are not enabled by default on client versions of Windows
#

---------------  S U M M A R Y ------------

Command Line: --add-opens=java.base/java.lang=ALL-UNNAMED --add-opens=java.base/java.lang.invoke=ALL-UNNAMED --add-opens=java.base/java.util=ALL-UNNAMED --add-opens=java.prefs/java.util.prefs=ALL-UNNAMED --add-exports=jdk.compiler/com.sun.tools.javac.api=ALL-UNNAMED --add-exports=jdk.compiler/com.sun.tools.javac.util=ALL-UNNAMED --add-opens=java.base/java.util=ALL-UNNAMED --add-opens=java.prefs/java.util.prefs=ALL-UNNAMED --add-opens=java.base/java.nio.charset=ALL-UNNAMED --add-opens=java.base/java.net=ALL-UNNAMED --add-opens=java.base/java.util.concurrent=ALL-UNNAMED --add-opens=java.base/java.util.concurrent.atomic=ALL-UNNAMED --add-opens=java.xml/javax.xml.namespace=ALL-UNNAMED --add-opens=java.base/java.time=ALL-UNNAMED -Xmx2048m -Dfile.encoding=UTF-8 -Duser.country=CO -Duser.language=es -Duser.variant -javaagent:C:\Users\Cesde\.gradle\wrapper\dists\gradle-9.4.1-bin\arn2x92ynaizyzdaamcbpbhtj\gradle-9.4.1\lib\agents\gradle-instrumentation-agent-9.4.1.jar org.gradle.launcher.daemon.bootstrap.GradleDaemon 9.4.1

Host: 11th Gen Intel(R) Core(TM) i7-1165G7 @ 2.80GHz, 8 cores, 15G,  Windows 11 , 64 bit Build 26100 (10.0.26100.9444)
Time: Fri Sep 18 20:12:43 2026 Hora est. Pacífico, Sudamérica elapsed time: 443.470338 seconds (0d 0h 7m 23s)

---------------  T H R E A D  ---------------

Current thread (0x000001c08200f310):  VMThread "VM Thread"          [id=26668, stack(0x0000000e84400000,0x0000000e84500000) (1024K)]

Stack: [0x0000000e84400000,0x0000000e84500000]
Native frames: (J=compiled Java code, j=interpreted, Vv=VM code, C=native code)
V  [jvm.dll+0x6d83e9]
V  [jvm.dll+0x8b5736]
V  [jvm.dll+0x8b7cee]
V  [jvm.dll+0x8b83d3]
V  [jvm.dll+0x284596]
V  [jvm.dll+0x6d4d05]
V  [jvm.dll+0x6c898a]
V  [jvm.dll+0x35f2f8]
V  [jvm.dll+0x366f36]
V  [jvm.dll+0x3b804e]
V  [jvm.dll+0x3b82f8]
V  [jvm.dll+0x33320c]
V  [jvm.dll+0x33329a]
V  [jvm.dll+0x377382]
V  [jvm.dll+0x375b1a]
V  [jvm.dll+0x332951]
V  [jvm.dll+0x37517a]
V  [jvm.dll+0x8be0c0]
V  [jvm.dll+0x8bf434]
V  [jvm.dll+0x8bf960]
V  [jvm.dll+0x8bfc03]
V  [jvm.dll+0x8600cd]
V  [jvm.dll+0x6d6c1d]
C  [ucrtbase.dll+0x2cd30]
C  [KERNEL32.DLL+0x2cd87]
C  [ntdll.dll+0xacaec]

VM_Operation (0x0000000e85afb890): G1CollectForAllocation, mode: safepoint, requested by thread 0x000001c0873f5460


---------------  P R O C E S S  ---------------

Threads class SMR info:
_java_thread_list=0x000001c0872b50d0, length=42, elements={
0x000001c029523b30, 0x000001c082032ce0, 0x000001c082034460, 0x000001c08203b330,
0x000001c08203bff0, 0x000001c08203fc40, 0x000001c082040850, 0x000001c082042e70,
0x000001c0820b0db0, 0x000001c082284600, 0x000001c08230f2d0, 0x000001c082511e30,
0x000001c087825750, 0x000001c08249b480, 0x000001c082237ab0, 0x000001c0873f5460,
0x000001c0873f5af0, 0x000001c0873f7530, 0x000001c0873f40b0, 0x000001c0873f6810,
0x000001c088e092d0, 0x000001c088e09ff0, 0x000001c088e0ad10, 0x000001c0872e7350,
0x000001c0872e6630, 0x000001c0872e79e0, 0x000001c0872ecf30, 0x000001c088e07890,
0x000001c088e0b3a0, 0x000001c088e07f20, 0x000001c088e0ba30, 0x000001c088e0c0c0,
0x000001c088e0e190, 0x000001c088e0e820, 0x000001c088e0eeb0, 0x000001c088e0d470,
0x000001c088e0cde0, 0x000001c0872e8d90, 0x000001c0872e9ab0, 0x000001c0872e9420,
0x000001c0872ec8a0, 0x000001c0872ea140
}

Java Threads: ( => current thread )
  0x000001c029523b30 JavaThread "main"                              [_thread_blocked, id=38200, stack(0x0000000e83c00000,0x0000000e83d00000) (1024K)]
  0x000001c082032ce0 JavaThread "Reference Handler"          daemon [_thread_blocked, id=21316, stack(0x0000000e84500000,0x0000000e84600000) (1024K)]
  0x000001c082034460 JavaThread "Finalizer"                  daemon [_thread_blocked, id=22036, stack(0x0000000e84600000,0x0000000e84700000) (1024K)]
  0x000001c08203b330 JavaThread "Signal Dispatcher"          daemon [_thread_blocked, id=33888, stack(0x0000000e84700000,0x0000000e84800000) (1024K)]
  0x000001c08203bff0 JavaThread "Attach Listener"            daemon [_thread_blocked, id=21524, stack(0x0000000e84800000,0x0000000e84900000) (1024K)]
  0x000001c08203fc40 JavaThread "Service Thread"             daemon [_thread_blocked, id=13388, stack(0x0000000e84900000,0x0000000e84a00000) (1024K)]
  0x000001c082040850 JavaThread "Monitor Deflation Thread"   daemon [_thread_blocked, id=1648, stack(0x0000000e84a00000,0x0000000e84b00000) (1024K)]
  0x000001c082042e70 JavaThread "C2 CompilerThread0"         daemon [_thread_blocked, id=35160, stack(0x0000000e84b00000,0x0000000e84c00000) (1024K)]
  0x000001c0820b0db0 JavaThread "C1 CompilerThread0"         daemon [_thread_blocked, id=7472, stack(0x0000000e84c00000,0x0000000e84d00000) (1024K)]
  0x000001c082284600 JavaThread "Common-Cleaner"             daemon [_thread_blocked, id=29044, stack(0x0000000e84d00000,0x0000000e84e00000) (1024K)]
  0x000001c08230f2d0 JavaThread "Notification Thread"        daemon [_thread_blocked, id=15228, stack(0x0000000e84e00000,0x0000000e84f00000) (1024K)]
  0x000001c082511e30 JavaThread "Daemon health stats"               [_thread_blocked, id=7544, stack(0x0000000e85400000,0x0000000e85500000) (1024K)]
  0x000001c087825750 JavaThread "Incoming local TCP Connector on port 52440"        [_thread_in_native, id=30484, stack(0x0000000e85500000,0x0000000e85600000) (1024K)]
  0x000001c08249b480 JavaThread "Daemon"                            [_thread_blocked, id=7976, stack(0x0000000e85600000,0x0000000e85700000) (1024K)]
  0x000001c082237ab0 JavaThread "Daemon periodic checks"            [_thread_blocked, id=35140, stack(0x0000000e85800000,0x0000000e85900000) (1024K)]
  0x000001c0873f5460 JavaThread "Daemon worker"                     [_thread_blocked, id=35008, stack(0x0000000e85a00000,0x0000000e85b00000) (1024K)]
  0x000001c0873f5af0 JavaThread "Cache worker for journal cache (C:\Users\Cesde\.gradle\caches\journal-1)"        [_thread_blocked, id=19612, stack(0x0000000e85f00000,0x0000000e86000000) (1024K)]
  0x000001c0873f7530 JavaThread "File lock request listener"        [_thread_in_native, id=18000, stack(0x0000000e86000000,0x0000000e86100000) (1024K)]
  0x000001c0873f40b0 JavaThread "File lock release action executor"        [_thread_blocked, id=37900, stack(0x0000000e85e00000,0x0000000e85f00000) (1024K)]
  0x000001c0873f6810 JavaThread "Cache worker for file hash cache (C:\Users\Cesde\.gradle\caches\9.4.1\fileHashes)"        [_thread_blocked, id=30860, stack(0x0000000e86100000,0x0000000e86200000) (1024K)]
  0x000001c088e092d0 JavaThread "File watcher server"        daemon [_thread_in_native, id=16532, stack(0x0000000e86200000,0x0000000e86300000) (1024K)]
  0x000001c088e09ff0 JavaThread "File watcher consumer"      daemon [_thread_blocked, id=21348, stack(0x0000000e86800000,0x0000000e86900000) (1024K)]
  0x000001c088e0ad10 JavaThread "Cache worker for file content cache (C:\Users\Cesde\.gradle\caches\9.4.1\fileContent)"        [_thread_blocked, id=24868, stack(0x0000000e86900000,0x0000000e86a00000) (1024K)]
  0x000001c0872e7350 JavaThread "Memory manager"                    [_thread_blocked, id=34052, stack(0x0000000e87900000,0x0000000e87a00000) (1024K)]
  0x000001c0872e6630 JavaThread "Handler for socket connection from /127.0.0.1:52440 to /127.0.0.1:60024"        [_thread_in_native, id=43300, stack(0x0000000e83d00000,0x0000000e83e00000) (1024K)]
  0x000001c0872e79e0 JavaThread "Cancel handler"                    [_thread_blocked, id=43312, stack(0x0000000e85700000,0x0000000e85800000) (1024K)]
  0x000001c0872ecf30 JavaThread "Asynchronous log dispatcher for DefaultDaemonConnection: socket connection from /127.0.0.1:52440 to /127.0.0.1:60024"        [_thread_blocked, id=43392, stack(0x0000000e85900000,0x0000000e85a00000) (1024K)]
  0x000001c088e07890 JavaThread "Stdin handler"                     [_thread_blocked, id=43408, stack(0x0000000e85b00000,0x0000000e85c00000) (1024K)]
  0x000001c088e0b3a0 JavaThread "Daemon client event forwarder"        [_thread_blocked, id=43420, stack(0x0000000e85c00000,0x0000000e85d00000) (1024K)]
  0x000001c088e07f20 JavaThread "Cache worker for file hash cache (C:\Users\Cesde\Documents\Ejercicios-Varios\Perfil\.gradle\9.4.1\fileHashes)"        [_thread_blocked, id=8220, stack(0x0000000e85d00000,0x0000000e85e00000) (1024K)]
  0x000001c088e0ba30 JavaThread "Cache worker for Build Output Cleanup Cache (C:\Users\Cesde\Documents\Ejercicios-Varios\Perfil\.gradle\buildOutputCleanup)"        [_thread_blocked, id=40836, stack(0x0000000e86600000,0x0000000e86700000) (1024K)]
  0x000001c088e0c0c0 JavaThread "Cache worker for checksums cache (C:\Users\Cesde\Documents\Ejercicios-Varios\Perfil\.gradle\9.4.1\checksums)"        [_thread_blocked, id=25632, stack(0x0000000e86700000,0x0000000e86800000) (1024K)]
  0x000001c088e0e190 JavaThread "Cache worker for cache directory md-supplier (C:\Users\Cesde\.gradle\caches\9.4.1\md-supplier)"        [_thread_blocked, id=42220, stack(0x0000000e86a00000,0x0000000e86b00000) (1024K)]
  0x000001c088e0e820 JavaThread "Cache worker for cache directory md-rule (C:\Users\Cesde\.gradle\caches\9.4.1\md-rule)"        [_thread_blocked, id=31776, stack(0x0000000e86b00000,0x0000000e86c00000) (1024K)]
  0x000001c088e0eeb0 JavaThread "Build operations"                  [_thread_blocked, id=43256, stack(0x0000000e86c00000,0x0000000e86d00000) (1024K)]
  0x000001c088e0d470 JavaThread "Build operations Thread 2"         [_thread_blocked, id=13628, stack(0x0000000e86e00000,0x0000000e86f00000) (1024K)]
  0x000001c088e0cde0 JavaThread "Build operations Thread 3"         [_thread_blocked, id=20736, stack(0x0000000e83b00000,0x0000000e83c00000) (1024K)]
  0x000001c0872e8d90 JavaThread "Build operations Thread 4"         [_thread_blocked, id=18392, stack(0x0000000e86f00000,0x0000000e87000000) (1024K)]
  0x000001c0872e9ab0 JavaThread "Build operations Thread 5"         [_thread_blocked, id=36612, stack(0x0000000e87000000,0x0000000e87100000) (1024K)]
  0x000001c0872e9420 JavaThread "Build operations Thread 6"         [_thread_blocked, id=23572, stack(0x0000000e87100000,0x0000000e87200000) (1024K)]
  0x000001c0872ec8a0 JavaThread "Build operations Thread 7"         [_thread_blocked, id=26940, stack(0x0000000e87200000,0x0000000e87300000) (1024K)]
  0x000001c0872ea140 JavaThread "Build operations Thread 8"         [_thread_blocked, id=6640, stack(0x0000000e87400000,0x0000000e87500000) (1024K)]
Total: 42

Other Threads:
=>0x000001c08200f310 VMThread "VM Thread"                           [id=26668, stack(0x0000000e84400000,0x0000000e84500000) (1024K)]
  0x000001c040cdc290 WatcherThread "VM Periodic Task Thread"        [id=29780, stack(0x0000000e84300000,0x0000000e84400000) (1024K)]
  0x000001c0270ddfc0 WorkerThread "GC Thread#0"                     [id=21860, stack(0x0000000e83e00000,0x0000000e83f00000) (1024K)]
  0x000001c08249e800 WorkerThread "GC Thread#1"                     [id=35316, stack(0x0000000e84f00000,0x0000000e85000000) (1024K)]
  0x000001c0827fd110 WorkerThread "GC Thread#2"                     [id=9816, stack(0x0000000e85000000,0x0000000e85100000) (1024K)]
  0x000001c087339170 WorkerThread "GC Thread#3"                     [id=31104, stack(0x0000000e85100000,0x0000000e85200000) (1024K)]
  0x000001c087339520 WorkerThread "GC Thread#4"                     [id=29892, stack(0x0000000e85200000,0x0000000e85300000) (1024K)]
  0x000001c08280b050 WorkerThread "GC Thread#5"                     [id=26692, stack(0x0000000e85300000,0x0000000e85400000) (1024K)]
  0x000001c0872bc880 WorkerThread "GC Thread#6"                     [id=38652, stack(0x0000000e86300000,0x0000000e86400000) (1024K)]
  0x000001c0872bcc30 WorkerThread "GC Thread#7"                     [id=26984, stack(0x0000000e86400000,0x0000000e86500000) (1024K)]
  0x000001c029589610 ConcurrentGCThread "G1 Main Marker"            [id=34880, stack(0x0000000e83f00000,0x0000000e84000000) (1024K)]
  0x000001c029589f30 WorkerThread "G1 Conc#0"                       [id=3664, stack(0x0000000e84000000,0x0000000e84100000) (1024K)]
  0x000001c0872bbd70 WorkerThread "G1 Conc#1"                       [id=19924, stack(0x0000000e86500000,0x0000000e86600000) (1024K)]
  0x000001c0295deb50 ConcurrentGCThread "G1 Refine#0"               [id=31136, stack(0x0000000e84100000,0x0000000e84200000) (1024K)]
  0x000001c040bad7d0 ConcurrentGCThread "G1 Service"                [id=28700, stack(0x0000000e84200000,0x0000000e84300000) (1024K)]
Total: 15

Threads with active compile tasks:
C2 CompilerThread0  443538 13413       4       org.gradle.internal.snapshot.DirectorySnapshot::accept (108 bytes)
Total: 1

VM state: at safepoint (normal execution)

VM Mutex/Monitor currently owned by a thread:  ([mutex/lock_event])
[0x00007ffb1d40f5b0] Threads_lock - owner thread: 0x000001c08200f310
[0x00007ffb1d40f6b0] Heap_lock - owner thread: 0x000001c0873f5460

Heap address: 0x0000000080000000, size: 2048 MB, Compressed Oops mode: 32-bit

CDS archive(s) mapped at: [0x000001c041000000-0x000001c041ba0000-0x000001c041ba0000), size 12189696, SharedBaseAddress: 0x000001c041000000, ArchiveRelocationMode: 1.
Compressed class space mapped at: 0x000001c042000000-0x000001c082000000, reserved size: 1073741824
Narrow klass base: 0x000001c041000000, Narrow klass shift: 0, Narrow klass range: 0x100000000

GC Precious Log:
 CardTable entry size: 512
 Card Set container configuration: InlinePtr #cards 5 size 8 Array Of Cards #cards 12 size 40 Howl #buckets 4 coarsen threshold 1843 Howl Bitmap #cards 512 size 80 coarsen threshold 460 Card regions per heap region 1 cards per card region 2048
 CPUs: 8 total, 8 available
 Memory: 16082M
 Large Page Support: Disabled
 NUMA Support: Disabled
 Compressed Oops: Enabled (32-bit)
 Heap Region Size: 1M
 Heap Min Capacity: 8M
 Heap Initial Capacity: 252M
 Heap Max Capacity: 2G
 Pre-touch: Disabled
 Parallel Workers: 8
 Concurrent Workers: 2
 Concurrent Refinement Workers: 8
 Periodic GC: Disabled

Heap:
 garbage-first heap   total 150528K, used 97141K [0x0000000080000000, 0x0000000100000000)
  region size 1024K, 4 young (4096K), 4 survivors (4096K)
 Metaspace       used 96382K, committed 98688K, reserved 1179648K
  class space    used 13752K, committed 14912K, reserved 1048576K

Heap Regions: E=young(eden), S=young(survivor), O=old, HS=humongous(starts), HC=humongous(continues), CS=collection set, F=free, TAMS=top-at-mark-start, PB=parsable bottom
|   0|0x0000000080000000, 0x0000000080100000, 0x0000000080100000|100%|HS|  |TAMS 0x0000000080100000| PB 0x0000000080000000| Complete 
|   1|0x0000000080100000, 0x0000000080200000, 0x0000000080200000|100%|HC|  |TAMS 0x0000000080200000| PB 0x0000000080100000| Complete 
|   2|0x0000000080200000, 0x0000000080300000, 0x0000000080300000|100%|HC|  |TAMS 0x0000000080300000| PB 0x0000000080200000| Complete 
|   3|0x0000000080300000, 0x0000000080400000, 0x0000000080400000|100%|HC|  |TAMS 0x0000000080400000| PB 0x0000000080300000| Complete 
|   4|0x0000000080400000, 0x0000000080500000, 0x0000000080500000|100%| O|  |TAMS 0x0000000080500000| PB 0x0000000080400000| Untracked 
|   5|0x0000000080500000, 0x0000000080600000, 0x0000000080600000|100%| O|  |TAMS 0x0000000080600000| PB 0x0000000080500000| Untracked 
|   6|0x0000000080600000, 0x0000000080700000, 0x0000000080700000|100%| O|  |TAMS 0x0000000080700000| PB 0x0000000080600000| Untracked 
|   7|0x0000000080700000, 0x0000000080800000, 0x0000000080800000|100%| O|  |TAMS 0x0000000080800000| PB 0x0000000080700000| Untracked 
|   8|0x0000000080800000, 0x0000000080900000, 0x0000000080900000|100%|HS|  |TAMS 0x0000000080900000| PB 0x0000000080800000| Complete 
|   9|0x0000000080900000, 0x0000000080a00000, 0x0000000080a00000|100%| O|  |TAMS 0x0000000080a00000| PB 0x0000000080900000| Untracked 
|  10|0x0000000080a00000, 0x0000000080b00000, 0x0000000080b00000|100%| O|  |TAMS 0x0000000080b00000| PB 0x0000000080a00000| Untracked 
|  11|0x0000000080b00000, 0x0000000080c00000, 0x0000000080c00000|100%| O|  |TAMS 0x0000000080c00000| PB 0x0000000080b00000| Untracked 
|  12|0x0000000080c00000, 0x0000000080d00000, 0x0000000080d00000|100%| O|  |TAMS 0x0000000080d00000| PB 0x0000000080c00000| Untracked 
|  13|0x0000000080d00000, 0x0000000080e00000, 0x0000000080e00000|100%| O|  |TAMS 0x0000000080e00000| PB 0x0000000080d00000| Untracked 
|  14|0x0000000080e00000, 0x0000000080f00000, 0x0000000080f00000|100%| O|  |TAMS 0x0000000080f00000| PB 0x0000000080e00000| Untracked 
|  15|0x0000000080f00000, 0x0000000081000000, 0x0000000081000000|100%| O|  |TAMS 0x0000000081000000| PB 0x0000000080f00000| Untracked 
|  16|0x0000000081000000, 0x0000000081100000, 0x0000000081100000|100%| O|  |TAMS 0x0000000081100000| PB 0x0000000081000000| Untracked 
|  17|0x0000000081100000, 0x0000000081200000, 0x0000000081200000|100%| O|  |TAMS 0x0000000081200000| PB 0x0000000081100000| Untracked 
|  18|0x0000000081200000, 0x0000000081300000, 0x0000000081300000|100%| O|  |TAMS 0x0000000081300000| PB 0x0000000081200000| Untracked 
|  19|0x0000000081300000, 0x0000000081400000, 0x0000000081400000|100%| O|  |TAMS 0x0000000081400000| PB 0x0000000081300000| Untracked 
|  20|0x0000000081400000, 0x0000000081500000, 0x0000000081500000|100%| O|  |TAMS 0x0000000081500000| PB 0x0000000081400000| Untracked 
|  21|0x0000000081500000, 0x0000000081600000, 0x0000000081600000|100%| O|  |TAMS 0x0000000081600000| PB 0x0000000081500000| Untracked 
|  22|0x0000000081600000, 0x0000000081700000, 0x0000000081700000|100%| O|  |TAMS 0x0000000081700000| PB 0x0000000081600000| Untracked 
|  23|0x0000000081700000, 0x0000000081800000, 0x0000000081800000|100%| O|  |TAMS 0x0000000081800000| PB 0x0000000081700000| Untracked 
|  24|0x0000000081800000, 0x0000000081900000, 0x0000000081900000|100%| O|  |TAMS 0x0000000081900000| PB 0x0000000081800000| Untracked 
|  25|0x0000000081900000, 0x0000000081a00000, 0x0000000081a00000|100%| O|  |TAMS 0x0000000081a00000| PB 0x0000000081900000| Untracked 
|  26|0x0000000081a00000, 0x0000000081b00000, 0x0000000081b00000|100%| O|  |TAMS 0x0000000081b00000| PB 0x0000000081a00000| Untracked 
|  27|0x0000000081b00000, 0x0000000081c00000, 0x0000000081c00000|100%| O|  |TAMS 0x0000000081c00000| PB 0x0000000081b00000| Untracked 
|  28|0x0000000081c00000, 0x0000000081d00000, 0x0000000081d00000|100%| O|  |TAMS 0x0000000081d00000| PB 0x0000000081c00000| Untracked 
|  29|0x0000000081d00000, 0x0000000081e00000, 0x0000000081e00000|100%| O|  |TAMS 0x0000000081e00000| PB 0x0000000081d00000| Untracked 
|  30|0x0000000081e00000, 0x0000000081f00000, 0x0000000081f00000|100%| O|  |TAMS 0x0000000081f00000| PB 0x0000000081e00000| Untracked 
|  31|0x0000000081f00000, 0x0000000082000000, 0x0000000082000000|100%| O|  |TAMS 0x0000000082000000| PB 0x0000000081f00000| Untracked 
|  32|0x0000000082000000, 0x0000000082100000, 0x0000000082100000|100%| O|  |TAMS 0x0000000082100000| PB 0x0000000082000000| Untracked 
|  33|0x0000000082100000, 0x0000000082200000, 0x0000000082200000|100%| O|  |TAMS 0x0000000082200000| PB 0x0000000082100000| Untracked 
|  34|0x0000000082200000, 0x0000000082300000, 0x0000000082300000|100%| O|  |TAMS 0x0000000082300000| PB 0x0000000082200000| Untracked 
|  35|0x0000000082300000, 0x0000000082400000, 0x0000000082400000|100%| O|  |TAMS 0x0000000082400000| PB 0x0000000082300000| Untracked 
|  36|0x0000000082400000, 0x0000000082500000, 0x0000000082500000|100%| O|  |TAMS 0x0000000082500000| PB 0x0000000082400000| Untracked 
|  37|0x0000000082500000, 0x0000000082600000, 0x0000000082600000|100%| O|  |TAMS 0x0000000082600000| PB 0x0000000082500000| Untracked 
|  38|0x0000000082600000, 0x0000000082700000, 0x0000000082700000|100%|HS|  |TAMS 0x0000000082700000| PB 0x0000000082600000| Complete 
|  39|0x0000000082700000, 0x0000000082800000, 0x0000000082800000|100%| O|  |TAMS 0x0000000082800000| PB 0x0000000082700000| Untracked 
|  40|0x0000000082800000, 0x0000000082900000, 0x0000000082900000|100%| O|  |TAMS 0x0000000082900000| PB 0x0000000082800000| Untracked 
|  41|0x0000000082900000, 0x0000000082a00000, 0x0000000082a00000|100%|HS|  |TAMS 0x0000000082a00000| PB 0x0000000082900000| Complete 
|  42|0x0000000082a00000, 0x0000000082a00000, 0x0000000082b00000|  0%| F|  |TAMS 0x0000000082a00000| PB 0x0000000082a00000| Untracked 
|  43|0x0000000082b00000, 0x0000000082c00000, 0x0000000082c00000|100%| O|  |TAMS 0x0000000082c00000| PB 0x0000000082b00000| Untracked 
|  44|0x0000000082c00000, 0x0000000082d00000, 0x0000000082d00000|100%| O|  |TAMS 0x0000000082d00000| PB 0x0000000082c00000| Untracked 
|  45|0x0000000082d00000, 0x0000000082e00000, 0x0000000082e00000|100%| O|  |TAMS 0x0000000082e00000| PB 0x0000000082d00000| Untracked 
|  46|0x0000000082e00000, 0x0000000082f00000, 0x0000000082f00000|100%| O|  |TAMS 0x0000000082f00000| PB 0x0000000082e00000| Untracked 
|  47|0x0000000082f00000, 0x0000000083000000, 0x0000000083000000|100%| O|  |TAMS 0x0000000083000000| PB 0x0000000082f00000| Untracked 
|  48|0x0000000083000000, 0x0000000083100000, 0x0000000083100000|100%|HS|  |TAMS 0x0000000083100000| PB 0x0000000083000000| Complete 
|  49|0x0000000083100000, 0x0000000083200000, 0x0000000083200000|100%|HC|  |TAMS 0x0000000083200000| PB 0x0000000083100000| Complete 
|  50|0x0000000083200000, 0x0000000083300000, 0x0000000083300000|100%|HS|  |TAMS 0x0000000083300000| PB 0x0000000083200000| Complete 
|  51|0x0000000083300000, 0x0000000083400000, 0x0000000083400000|100%|HS|  |TAMS 0x0000000083400000| PB 0x0000000083300000| Complete 
|  52|0x0000000083400000, 0x0000000083500000, 0x0000000083500000|100%| O|  |TAMS 0x0000000083500000| PB 0x0000000083400000| Untracked 
|  53|0x0000000083500000, 0x0000000083600000, 0x0000000083600000|100%|HS|  |TAMS 0x0000000083600000| PB 0x0000000083500000| Complete 
|  54|0x0000000083600000, 0x0000000083700000, 0x0000000083700000|100%| O|  |TAMS 0x0000000083700000| PB 0x0000000083600000| Untracked 
|  55|0x0000000083700000, 0x0000000083800000, 0x0000000083800000|100%| O|  |TAMS 0x0000000083800000| PB 0x0000000083700000| Untracked 
|  56|0x0000000083800000, 0x0000000083900000, 0x0000000083900000|100%| O|  |TAMS 0x0000000083900000| PB 0x0000000083800000| Untracked 
|  57|0x0000000083900000, 0x0000000083a00000, 0x0000000083a00000|100%| O|  |TAMS 0x0000000083a00000| PB 0x0000000083900000| Untracked 
|  58|0x0000000083a00000, 0x0000000083b00000, 0x0000000083b00000|100%|HS|  |TAMS 0x0000000083b00000| PB 0x0000000083a00000| Complete 
|  59|0x0000000083b00000, 0x0000000083c00000, 0x0000000083c00000|100%| O|  |TAMS 0x0000000083c00000| PB 0x0000000083b00000| Untracked 
|  60|0x0000000083c00000, 0x0000000083d00000, 0x0000000083d00000|100%|HS|  |TAMS 0x0000000083d00000| PB 0x0000000083c00000| Complete 
|  61|0x0000000083d00000, 0x0000000083e00000, 0x0000000083e00000|100%|HC|  |TAMS 0x0000000083e00000| PB 0x0000000083d00000| Complete 
|  62|0x0000000083e00000, 0x0000000083f00000, 0x0000000083f00000|100%| O|  |TAMS 0x0000000083f00000| PB 0x0000000083e00000| Untracked 
|  63|0x0000000083f00000, 0x0000000084000000, 0x0000000084000000|100%| O|  |TAMS 0x0000000084000000| PB 0x0000000083f00000| Untracked 
|  64|0x0000000084000000, 0x0000000084100000, 0x0000000084100000|100%| O|  |TAMS 0x0000000084100000| PB 0x0000000084000000| Untracked 
|  65|0x0000000084100000, 0x0000000084200000, 0x0000000084200000|100%| O|  |TAMS 0x0000000084200000| PB 0x0000000084100000| Untracked 
|  66|0x0000000084200000, 0x0000000084300000, 0x0000000084300000|100%| O|  |TAMS 0x0000000084300000| PB 0x0000000084200000| Untracked 
|  67|0x0000000084300000, 0x0000000084400000, 0x0000000084400000|100%| O|  |TAMS 0x0000000084400000| PB 0x0000000084300000| Untracked 
|  68|0x0000000084400000, 0x0000000084500000, 0x0000000084500000|100%| O|  |TAMS 0x0000000084500000| PB 0x0000000084400000| Untracked 
|  69|0x0000000084500000, 0x0000000084600000, 0x0000000084600000|100%|HS|  |TAMS 0x0000000084600000| PB 0x0000000084500000| Complete 
|  70|0x0000000084600000, 0x0000000084700000, 0x0000000084700000|100%| O|  |TAMS 0x0000000084700000| PB 0x0000000084600000| Untracked 
|  71|0x0000000084700000, 0x0000000084800000, 0x0000000084800000|100%| O|  |TAMS 0x0000000084800000| PB 0x0000000084700000| Untracked 
|  72|0x0000000084800000, 0x0000000084900000, 0x0000000084900000|100%| O|  |TAMS 0x0000000084900000| PB 0x0000000084800000| Untracked 
|  73|0x0000000084900000, 0x0000000084a00000, 0x0000000084a00000|100%| O|  |TAMS 0x0000000084a00000| PB 0x0000000084900000| Untracked 
|  74|0x0000000084a00000, 0x0000000084b00000, 0x0000000084b00000|100%|HS|  |TAMS 0x0000000084b00000| PB 0x0000000084a00000| Complete 
|  75|0x0000000084b00000, 0x0000000084c00000, 0x0000000084c00000|100%| O|  |TAMS 0x0000000084c00000| PB 0x0000000084b00000| Untracked 
|  76|0x0000000084c00000, 0x0000000084d00000, 0x0000000084d00000|100%| O|  |TAMS 0x0000000084d00000| PB 0x0000000084c00000| Untracked 
|  77|0x0000000084d00000, 0x0000000084e00000, 0x0000000084e00000|100%| O|  |TAMS 0x0000000084e00000| PB 0x0000000084d00000| Untracked 
|  78|0x0000000084e00000, 0x0000000084f00000, 0x0000000084f00000|100%| O|  |TAMS 0x0000000084f00000| PB 0x0000000084e00000| Untracked 
|  79|0x0000000084f00000, 0x0000000085000000, 0x0000000085000000|100%| O|  |TAMS 0x0000000085000000| PB 0x0000000084f00000| Untracked 
|  80|0x0000000085000000, 0x0000000085100000, 0x0000000085100000|100%| O|  |TAMS 0x0000000085100000| PB 0x0000000085000000| Untracked 
|  81|0x0000000085100000, 0x0000000085200000, 0x0000000085200000|100%| O|  |TAMS 0x0000000085200000| PB 0x0000000085100000| Untracked 
|  82|0x0000000085200000, 0x0000000085300000, 0x0000000085300000|100%| O|  |TAMS 0x0000000085300000| PB 0x0000000085200000| Untracked 
|  83|0x0000000085300000, 0x0000000085400000, 0x0000000085400000|100%| O|  |TAMS 0x0000000085400000| PB 0x0000000085300000| Untracked 
|  84|0x0000000085400000, 0x0000000085500000, 0x0000000085500000|100%| O|  |TAMS 0x0000000085500000| PB 0x0000000085400000| Untracked 
|  85|0x0000000085500000, 0x0000000085600000, 0x0000000085600000|100%| O|  |TAMS 0x0000000085600000| PB 0x0000000085500000| Untracked 
|  86|0x0000000085600000, 0x0000000085700000, 0x0000000085700000|100%| O|  |TAMS 0x0000000085700000| PB 0x0000000085600000| Untracked 
|  87|0x0000000085700000, 0x0000000085800000, 0x0000000085800000|100%| O|  |TAMS 0x0000000085800000| PB 0x0000000085700000| Untracked 
|  88|0x0000000085800000, 0x0000000085900000, 0x0000000085900000|100%| O|  |TAMS 0x0000000085900000| PB 0x0000000085800000| Untracked 
|  89|0x0000000085900000, 0x0000000085a00000, 0x0000000085a00000|100%| O|  |TAMS 0x0000000085a00000| PB 0x0000000085900000| Untracked 
|  90|0x0000000085a00000, 0x0000000085b00000, 0x0000000085b00000|100%| O|  |TAMS 0x0000000085b00000| PB 0x0000000085a00000| Untracked 
|  91|0x0000000085b00000, 0x0000000085c00000, 0x0000000085c00000|100%| O|  |TAMS 0x0000000085c00000| PB 0x0000000085b00000| Untracked 
|  92|0x0000000085c00000, 0x0000000085c928f0, 0x0000000085d00000| 57%| O|  |TAMS 0x0000000085c928f0| PB 0x0000000085c00000| Untracked 
|  93|0x0000000085d00000, 0x0000000085d00000, 0x0000000085e00000|  0%| F|  |TAMS 0x0000000085d00000| PB 0x0000000085d00000| Untracked 
|  94|0x0000000085e00000, 0x0000000085e00000, 0x0000000085f00000|  0%| F|  |TAMS 0x0000000085e00000| PB 0x0000000085e00000| Untracked 
|  95|0x0000000085f00000, 0x0000000085f00000, 0x0000000086000000|  0%| F|  |TAMS 0x0000000085f00000| PB 0x0000000085f00000| Untracked 
|  96|0x0000000086000000, 0x0000000086000000, 0x0000000086100000|  0%| F|  |TAMS 0x0000000086000000| PB 0x0000000086000000| Untracked 
|  97|0x0000000086100000, 0x000000008614abe8, 0x0000000086200000| 29%| S|CS|TAMS 0x0000000086100000| PB 0x0000000086100000| Complete 
|  98|0x0000000086200000, 0x0000000086300000, 0x0000000086300000|100%| S|CS|TAMS 0x0000000086200000| PB 0x0000000086200000| Complete 
|  99|0x0000000086300000, 0x0000000086400000, 0x0000000086400000|100%| S|CS|TAMS 0x0000000086300000| PB 0x0000000086300000| Complete 
| 100|0x0000000086400000, 0x0000000086500000, 0x0000000086500000|100%| S|CS|TAMS 0x0000000086400000| PB 0x0000000086400000| Complete 
| 101|0x0000000086500000, 0x0000000086500000, 0x0000000086600000|  0%| F|  |TAMS 0x0000000086500000| PB 0x0000000086500000| Untracked 
| 102|0x0000000086600000, 0x0000000086600000, 0x0000000086700000|  0%| F|  |TAMS 0x0000000086600000| PB 0x0000000086600000| Untracked 
| 103|0x0000000086700000, 0x0000000086700000, 0x0000000086800000|  0%| F|  |TAMS 0x0000000086700000| PB 0x0000000086700000| Untracked 
| 104|0x0000000086800000, 0x0000000086800000, 0x0000000086900000|  0%| F|  |TAMS 0x0000000086800000| PB 0x0000000086800000| Untracked 
| 105|0x0000000086900000, 0x0000000086900000, 0x0000000086a00000|  0%| F|  |TAMS 0x0000000086900000| PB 0x0000000086900000| Untracked 
| 106|0x0000000086a00000, 0x0000000086a00000, 0x0000000086b00000|  0%| F|  |TAMS 0x0000000086a00000| PB 0x0000000086a00000| Untracked 
| 107|0x0000000086b00000, 0x0000000086b00000, 0x0000000086c00000|  0%| F|  |TAMS 0x0000000086b00000| PB 0x0000000086b00000| Untracked 
| 108|0x0000000086c00000, 0x0000000086c00000, 0x0000000086d00000|  0%| F|  |TAMS 0x0000000086c00000| PB 0x0000000086c00000| Untracked 
| 109|0x0000000086d00000, 0x0000000086d00000, 0x0000000086e00000|  0%| F|  |TAMS 0x0000000086d00000| PB 0x0000000086d00000| Untracked 
| 110|0x0000000086e00000, 0x0000000086e00000, 0x0000000086f00000|  0%| F|  |TAMS 0x0000000086e00000| PB 0x0000000086e00000| Untracked 
| 111|0x0000000086f00000, 0x0000000086f00000, 0x0000000087000000|  0%| F|  |TAMS 0x0000000086f00000| PB 0x0000000086f00000| Untracked 
| 112|0x0000000087000000, 0x0000000087000000, 0x0000000087100000|  0%| F|  |TAMS 0x0000000087000000| PB 0x0000000087000000| Untracked 
| 113|0x0000000087100000, 0x0000000087100000, 0x0000000087200000|  0%| F|  |TAMS 0x0000000087100000| PB 0x0000000087100000| Untracked 
| 114|0x0000000087200000, 0x0000000087200000, 0x0000000087300000|  0%| F|  |TAMS 0x0000000087200000| PB 0x0000000087200000| Untracked 
| 115|0x0000000087300000, 0x0000000087300000, 0x0000000087400000|  0%| F|  |TAMS 0x0000000087300000| PB 0x0000000087300000| Untracked 
| 116|0x0000000087400000, 0x0000000087400000, 0x0000000087500000|  0%| F|  |TAMS 0x0000000087400000| PB 0x0000000087400000| Untracked 
| 117|0x0000000087500000, 0x0000000087500000, 0x0000000087600000|  0%| F|  |TAMS 0x0000000087500000| PB 0x0000000087500000| Untracked 
| 118|0x0000000087600000, 0x0000000087600000, 0x0000000087700000|  0%| F|  |TAMS 0x0000000087600000| PB 0x0000000087600000| Untracked 
| 119|0x0000000087700000, 0x0000000087700000, 0x0000000087800000|  0%| F|  |TAMS 0x0000000087700000| PB 0x0000000087700000| Untracked 
| 120|0x0000000087800000, 0x0000000087800000, 0x0000000087900000|  0%| F|  |TAMS 0x0000000087800000| PB 0x0000000087800000| Untracked 
| 121|0x0000000087900000, 0x0000000087900000, 0x0000000087a00000|  0%| F|  |TAMS 0x0000000087900000| PB 0x0000000087900000| Untracked 
| 122|0x0000000087a00000, 0x0000000087a00000, 0x0000000087b00000|  0%| F|  |TAMS 0x0000000087a00000| PB 0x0000000087a00000| Untracked 
| 123|0x0000000087b00000, 0x0000000087b00000, 0x0000000087c00000|  0%| F|  |TAMS 0x0000000087b00000| PB 0x0000000087b00000| Untracked 
| 124|0x0000000087c00000, 0x0000000087c00000, 0x0000000087d00000|  0%| F|  |TAMS 0x0000000087c00000| PB 0x0000000087c00000| Untracked 
| 125|0x0000000087d00000, 0x0000000087d00000, 0x0000000087e00000|  0%| F|  |TAMS 0x0000000087d00000| PB 0x0000000087d00000| Untracked 
| 126|0x0000000087e00000, 0x0000000087e00000, 0x0000000087f00000|  0%| F|  |TAMS 0x0000000087e00000| PB 0x0000000087e00000| Untracked 
| 127|0x0000000087f00000, 0x0000000087f00000, 0x0000000088000000|  0%| F|  |TAMS 0x0000000087f00000| PB 0x0000000087f00000| Untracked 
| 128|0x0000000088000000, 0x0000000088000000, 0x0000000088100000|  0%| F|  |TAMS 0x0000000088000000| PB 0x0000000088000000| Untracked 
| 129|0x0000000088100000, 0x0000000088100000, 0x0000000088200000|  0%| F|  |TAMS 0x0000000088100000| PB 0x0000000088100000| Untracked 
| 130|0x0000000088200000, 0x0000000088200000, 0x0000000088300000|  0%| F|  |TAMS 0x0000000088200000| PB 0x0000000088200000| Untracked 
| 131|0x0000000088300000, 0x0000000088300000, 0x0000000088400000|  0%| F|  |TAMS 0x0000000088300000| PB 0x0000000088300000| Untracked 
| 132|0x0000000088400000, 0x0000000088400000, 0x0000000088500000|  0%| F|  |TAMS 0x0000000088400000| PB 0x0000000088400000| Untracked 
| 133|0x0000000088500000, 0x0000000088500000, 0x0000000088600000|  0%| F|  |TAMS 0x0000000088500000| PB 0x0000000088500000| Untracked 
| 134|0x0000000088600000, 0x0000000088600000, 0x0000000088700000|  0%| F|  |TAMS 0x0000000088600000| PB 0x0000000088600000| Untracked 
| 135|0x0000000088700000, 0x0000000088700000, 0x0000000088800000|  0%| F|  |TAMS 0x0000000088700000| PB 0x0000000088700000| Untracked 
| 136|0x0000000088800000, 0x0000000088800000, 0x0000000088900000|  0%| F|  |TAMS 0x0000000088800000| PB 0x0000000088800000| Untracked 
| 137|0x0000000088900000, 0x0000000088900000, 0x0000000088a00000|  0%| F|  |TAMS 0x0000000088900000| PB 0x0000000088900000| Untracked 
| 138|0x0000000088a00000, 0x0000000088a00000, 0x0000000088b00000|  0%| F|  |TAMS 0x0000000088a00000| PB 0x0000000088a00000| Untracked 
| 139|0x0000000088b00000, 0x0000000088b00000, 0x0000000088c00000|  0%| F|  |TAMS 0x0000000088b00000| PB 0x0000000088b00000| Untracked 
| 140|0x0000000088c00000, 0x0000000088c00000, 0x0000000088d00000|  0%| F|  |TAMS 0x0000000088c00000| PB 0x0000000088c00000| Untracked 
| 141|0x0000000088d00000, 0x0000000088d00000, 0x0000000088e00000|  0%| F|  |TAMS 0x0000000088d00000| PB 0x0000000088d00000| Untracked 
| 142|0x0000000088e00000, 0x0000000088e00000, 0x0000000088f00000|  0%| F|  |TAMS 0x0000000088e00000| PB 0x0000000088e00000| Untracked 
| 143|0x0000000088f00000, 0x0000000088f00000, 0x0000000089000000|  0%| F|  |TAMS 0x0000000088f00000| PB 0x0000000088f00000| Untracked 
| 144|0x0000000089000000, 0x0000000089000000, 0x0000000089100000|  0%| F|  |TAMS 0x0000000089000000| PB 0x0000000089000000| Untracked 
| 145|0x0000000089100000, 0x0000000089100000, 0x0000000089200000|  0%| F|  |TAMS 0x0000000089100000| PB 0x0000000089100000| Untracked 
| 251|0x000000008fb00000, 0x000000008fb00000, 0x000000008fc00000|  0%| F|  |TAMS 0x000000008fb00000| PB 0x000000008fb00000| Untracked 

Card table byte_map: [0x000001c03be50000,0x000001c03c250000] _byte_map_base: 0x000001c03ba50000

Marking Bits: (CMBitMap*) 0x000001c0270de5e0
 Bits: [0x000001c03c250000, 0x000001c03e250000)

Polling page: 0x000001c027260000

Metaspace:

Usage:
  Non-class:     80.69 MB used.
      Class:     13.43 MB used.
       Both:     94.12 MB used.

Virtual space:
  Non-class space:      128.00 MB reserved,      81.81 MB ( 64%) committed,  2 nodes.
      Class space:        1.00 GB reserved,      14.56 MB (  1%) committed,  1 nodes.
             Both:        1.12 GB reserved,      96.38 MB (  8%) committed. 

Chunk freelists:
   Non-Class:  14.20 MB
       Class:  1.46 MB
        Both:  15.66 MB

MaxMetaspaceSize: unlimited
CompressedClassSpaceSize: 1.00 GB
Initial GC threshold: 21.00 MB
Current GC threshold: 147.00 MB
CDS: on
 - commit_granule_bytes: 65536.
 - commit_granule_words: 8192.
 - virtual_space_node_default_size: 8388608.
 - enlarge_chunks_in_place: 1.
 - use_allocation_guard: 0.


Internal statistics:

num_allocs_failed_limit: 6.
num_arena_births: 4328.
num_arena_deaths: 0.
num_vsnodes_births: 3.
num_vsnodes_deaths: 0.
num_space_committed: 1542.
num_space_uncommitted: 0.
num_chunks_returned_to_freelist: 6.
num_chunks_taken_from_freelist: 8917.
num_chunk_merges: 6.
num_chunk_splits: 5813.
num_chunks_enlarged: 3647.
num_inconsistent_stats: 0.

CodeHeap 'non-profiled nmethods': size=120000Kb used=6432Kb max_used=6432Kb free=113567Kb
 bounds [0x000001c0341f0000, 0x000001c034840000, 0x000001c03b720000]
CodeHeap 'profiled nmethods': size=120000Kb used=18949Kb max_used=18949Kb free=101050Kb
 bounds [0x000001c02c720000, 0x000001c02d9b0000, 0x000001c033c50000]
CodeHeap 'non-nmethods': size=5760Kb used=2230Kb max_used=2252Kb free=3529Kb
 bounds [0x000001c033c50000, 0x000001c033ec0000, 0x000001c0341f0000]
CodeCache: size=245760Kb, used=27611Kb, max_used=27633Kb, free=218146Kb
 total_blobs=10848, nmethods=9972, adapters=780, full_count=0
Compilation: enabled, stopped_count=0, restarted_count=0

Compilation events (20 events):
Event: 441.759 Thread 0x000001c082042e70 nmethod 13403 0x000001c034836990 code [0x000001c034836b20, 0x000001c034836c38]
Event: 441.759 Thread 0x000001c082042e70 13404       4       java.util.regex.Pattern$Slice::match (79 bytes)
Event: 441.765 Thread 0x000001c082042e70 nmethod 13404 0x000001c034836d90 code [0x000001c034836f40, 0x000001c034837268]
Event: 441.771 Thread 0x000001c082042e70 13405       4       org.gradle.internal.configuration.inputs.NoOpInputsListener::fileSystemEntryObserved (1 bytes)
Event: 441.771 Thread 0x000001c082042e70 nmethod 13405 0x000001c034837490 code [0x000001c034837620, 0x000001c0348376a8]
Event: 443.362 Thread 0x000001c0820b0db0 13406       3       java.io.ObjectOutputStream::writeNonProxyDesc (109 bytes)
Event: 443.364 Thread 0x000001c0820b0db0 nmethod 13406 0x000001c02d999210 code [0x000001c02d999500, 0x000001c02d99a298]
Event: 443.364 Thread 0x000001c0820b0db0 13407       1       sun.security.provider.DigestBase::engineGetDigestLength (5 bytes)
Event: 443.364 Thread 0x000001c0820b0db0 nmethod 13407 0x000001c034837790 code [0x000001c034837920, 0x000001c0348379e8]
Event: 443.374 Thread 0x000001c0820b0db0 13409       3       org.gradle.internal.serialize.ExceptionReplacingObjectOutputStream$$Lambda/0x000001c042d1f960::apply (9 bytes)
Event: 443.375 Thread 0x000001c082042e70 13412       4       java.util.Arrays::fill (28 bytes)
Event: 443.381 Thread 0x000001c082042e70 nmethod 13412 0x000001c034837a90 code [0x000001c034837c20, 0x000001c034837ee8]
Event: 443.382 Thread 0x000001c0820b0db0 nmethod 13409 0x000001c02d99a790 code [0x000001c02d99a9e0, 0x000001c02d99b530]
Event: 443.382 Thread 0x000001c0820b0db0 13408       3       java.io.ObjectStreamClass::getClassDataLayout0 (297 bytes)
Event: 443.385 Thread 0x000001c0820b0db0 nmethod 13408 0x000001c02d99b910 code [0x000001c02d99be20, 0x000001c02d99e840]
Event: 443.385 Thread 0x000001c0820b0db0 13410   !   3       org.gradle.internal.serialize.ExceptionReplacingObjectOutputStream::lambda$new$0 (12 bytes)
Event: 443.386 Thread 0x000001c0820b0db0 nmethod 13410 0x000001c02d99f810 code [0x000001c02d99fa60, 0x000001c02d9a0548]
Event: 443.386 Thread 0x000001c0820b0db0 13411       3       org.gradle.internal.serialize.ExceptionReplacingObjectOutputStream::doReplaceObject (25 bytes)
Event: 443.387 Thread 0x000001c0820b0db0 nmethod 13411 0x000001c02d9a0910 code [0x000001c02d9a0b40, 0x000001c02d9a1490]
Event: 443.392 Thread 0x000001c082042e70 13413       4       org.gradle.internal.snapshot.DirectorySnapshot::accept (108 bytes)

GC Heap History (20 events):
Event: 271.784 GC heap after
{Heap after GC invocations=40 (full 0):
 garbage-first heap   total 139264K, used 78565K [0x0000000080000000, 0x0000000100000000)
  region size 1024K, 3 young (3072K), 3 survivors (3072K)
 Metaspace       used 77302K, committed 79360K, reserved 1179648K
  class space    used 11009K, committed 12032K, reserved 1048576K
}
Event: 273.056 GC heap before
{Heap before GC invocations=40 (full 0):
 garbage-first heap   total 139264K, used 120549K [0x0000000080000000, 0x0000000100000000)
  region size 1024K, 44 young (45056K), 3 survivors (3072K)
 Metaspace       used 80339K, committed 82496K, reserved 1179648K
  class space    used 11529K, committed 12608K, reserved 1048576K
}
Event: 273.061 GC heap after
{Heap after GC invocations=41 (full 0):
 garbage-first heap   total 139264K, used 78292K [0x0000000080000000, 0x0000000100000000)
  region size 1024K, 5 young (5120K), 5 survivors (5120K)
 Metaspace       used 80339K, committed 82496K, reserved 1179648K
  class space    used 11529K, committed 12608K, reserved 1048576K
}
Event: 274.166 GC heap before
{Heap before GC invocations=41 (full 0):
 garbage-first heap   total 139264K, used 121300K [0x0000000080000000, 0x0000000100000000)
  region size 1024K, 47 young (48128K), 5 survivors (5120K)
 Metaspace       used 83407K, committed 85696K, reserved 1179648K
  class space    used 12008K, committed 13120K, reserved 1048576K
}
Event: 274.179 GC heap after
{Heap after GC invocations=42 (full 0):
 garbage-first heap   total 139264K, used 80593K [0x0000000080000000, 0x0000000100000000)
  region size 1024K, 5 young (5120K), 5 survivors (5120K)
 Metaspace       used 83407K, committed 85696K, reserved 1179648K
  class space    used 12008K, committed 13120K, reserved 1048576K
}
Event: 330.401 GC heap before
{Heap before GC invocations=43 (full 0):
 garbage-first heap   total 139264K, used 124625K [0x0000000080000000, 0x0000000100000000)
  region size 1024K, 48 young (49152K), 5 survivors (5120K)
 Metaspace       used 86240K, committed 88576K, reserved 1179648K
  class space    used 12403K, committed 13568K, reserved 1048576K
}
Event: 330.504 GC heap after
{Heap after GC invocations=44 (full 0):
 garbage-first heap   total 139264K, used 82242K [0x0000000080000000, 0x0000000100000000)
  region size 1024K, 4 young (4096K), 4 survivors (4096K)
 Metaspace       used 86240K, committed 88576K, reserved 1179648K
  class space    used 12403K, committed 13568K, reserved 1048576K
}
Event: 418.699 GC heap before
{Heap before GC invocations=44 (full 0):
 garbage-first heap   total 139264K, used 126274K [0x0000000080000000, 0x0000000100000000)
  region size 1024K, 47 young (48128K), 4 survivors (4096K)
 Metaspace       used 86506K, committed 88832K, reserved 1179648K
  class space    used 12403K, committed 13568K, reserved 1048576K
}
Event: 419.554 GC heap after
{Heap after GC invocations=45 (full 0):
 garbage-first heap   total 139264K, used 83203K [0x0000000080000000, 0x0000000100000000)
  region size 1024K, 5 young (5120K), 5 survivors (5120K)
 Metaspace       used 86506K, committed 88832K, reserved 1179648K
  class space    used 12403K, committed 13568K, reserved 1048576K
}
Event: 437.758 GC heap before
{Heap before GC invocations=45 (full 0):
 garbage-first heap   total 139264K, used 127235K [0x0000000080000000, 0x0000000100000000)
  region size 1024K, 48 young (49152K), 5 survivors (5120K)
 Metaspace       used 87817K, committed 90112K, reserved 1179648K
  class space    used 12583K, committed 13760K, reserved 1048576K
}
Event: 437.782 GC heap after
{Heap after GC invocations=46 (full 0):
 garbage-first heap   total 139264K, used 86930K [0x0000000080000000, 0x0000000100000000)
  region size 1024K, 6 young (6144K), 6 survivors (6144K)
 Metaspace       used 87817K, committed 90112K, reserved 1179648K
  class space    used 12583K, committed 13760K, reserved 1048576K
}
Event: 439.029 GC heap before
{Heap before GC invocations=47 (full 0):
 garbage-first heap   total 145408K, used 127890K [0x0000000080000000, 0x0000000100000000)
  region size 1024K, 46 young (47104K), 6 survivors (6144K)
 Metaspace       used 90051K, committed 92352K, reserved 1179648K
  class space    used 12880K, committed 14016K, reserved 1048576K
}
Event: 439.042 GC heap after
{Heap after GC invocations=48 (full 0):
 garbage-first heap   total 145408K, used 90146K [0x0000000080000000, 0x0000000100000000)
  region size 1024K, 3 young (3072K), 3 survivors (3072K)
 Metaspace       used 90051K, committed 92352K, reserved 1179648K
  class space    used 12880K, committed 14016K, reserved 1048576K
}
Event: 439.108 GC heap before
{Heap before GC invocations=48 (full 0):
 garbage-first heap   total 145408K, used 94242K [0x0000000080000000, 0x0000000100000000)
  region size 1024K, 7 young (7168K), 3 survivors (3072K)
 Metaspace       used 90257K, committed 92544K, reserved 1179648K
  class space    used 12910K, committed 14080K, reserved 1048576K
}
Event: 439.112 GC heap after
{Heap after GC invocations=49 (full 0):
 garbage-first heap   total 145408K, used 90302K [0x0000000080000000, 0x0000000100000000)
  region size 1024K, 1 young (1024K), 1 survivors (1024K)
 Metaspace       used 90257K, committed 92544K, reserved 1179648K
  class space    used 12910K, committed 14080K, reserved 1048576K
}
Event: 439.771 GC heap before
{Heap before GC invocations=49 (full 0):
 garbage-first heap   total 145408K, used 126142K [0x0000000080000000, 0x0000000100000000)
  region size 1024K, 36 young (36864K), 1 survivors (1024K)
 Metaspace       used 91910K, committed 94208K, reserved 1179648K
  class space    used 13156K, committed 14336K, reserved 1048576K
}
Event: 439.776 GC heap after
{Heap after GC invocations=50 (full 0):
 garbage-first heap   total 145408K, used 94070K [0x0000000080000000, 0x0000000100000000)
  region size 1024K, 4 young (4096K), 4 survivors (4096K)
 Metaspace       used 91910K, committed 94208K, reserved 1179648K
  class space    used 13156K, committed 14336K, reserved 1048576K
}
Event: 440.309 GC heap before
{Heap before GC invocations=50 (full 0):
 garbage-first heap   total 145408K, used 118646K [0x0000000080000000, 0x0000000100000000)
  region size 1024K, 28 young (28672K), 4 survivors (4096K)
 Metaspace       used 93207K, committed 95552K, reserved 1179648K
  class space    used 13342K, committed 14528K, reserved 1048576K
}
Event: 440.318 GC heap after
{Heap after GC invocations=51 (full 0):
 garbage-first heap   total 145408K, used 95636K [0x0000000080000000, 0x0000000100000000)
  region size 1024K, 2 young (2048K), 2 survivors (2048K)
 Metaspace       used 93207K, committed 95552K, reserved 1179648K
  class space    used 13342K, committed 14528K, reserved 1048576K
}
Event: 443.450 GC heap before
{Heap before GC invocations=51 (full 0):
 garbage-first heap   total 145408K, used 134548K [0x0000000080000000, 0x0000000100000000)
  region size 1024K, 41 young (41984K), 2 survivors (2048K)
 Metaspace       used 96382K, committed 98688K, reserved 1179648K
  class space    used 13752K, committed 14912K, reserved 1048576K
}

Dll operation events (20 events):
Event: 2.989 Attempting to load shared library C:\Users\Cesde\.cursor\extensions\redhat.java-1.56.0-win32-x64\jre\21.0.12.1-win32-x86_64\bin\nio.dll
Event: 2.990 Loaded shared library C:\Users\Cesde\.cursor\extensions\redhat.java-1.56.0-win32-x64\jre\21.0.12.1-win32-x86_64\bin\nio.dll
Event: 2.994 Attempting to load shared library C:\Users\Cesde\.cursor\extensions\redhat.java-1.56.0-win32-x64\jre\21.0.12.1-win32-x86_64\bin\zip.dll
Event: 2.994 Loaded shared library C:\Users\Cesde\.cursor\extensions\redhat.java-1.56.0-win32-x64\jre\21.0.12.1-win32-x86_64\bin\zip.dll
Event: 4.113 Attempting to load shared library C:\Users\Cesde\.cursor\extensions\redhat.java-1.56.0-win32-x64\jre\21.0.12.1-win32-x86_64\bin\jimage.dll
Event: 4.113 Loaded shared library C:\Users\Cesde\.cursor\extensions\redhat.java-1.56.0-win32-x64\jre\21.0.12.1-win32-x86_64\bin\jimage.dll
Event: 7.858 Attempting to load shared library C:\Users\Cesde\.cursor\extensions\redhat.java-1.56.0-win32-x64\jre\21.0.12.1-win32-x86_64\bin\verify.dll
Event: 7.858 Loaded shared library C:\Users\Cesde\.cursor\extensions\redhat.java-1.56.0-win32-x64\jre\21.0.12.1-win32-x86_64\bin\verify.dll
Event: 8.977 Attempting to load shared library C:\Users\Cesde\.gradle\native\660c5614fbf4a5f2a75b1949f50a0caf5cd603558e7d8a26e50b933a0cfb79d1\windows-amd64\native-platform.dll
Event: 8.978 Loaded shared library C:\Users\Cesde\.gradle\native\660c5614fbf4a5f2a75b1949f50a0caf5cd603558e7d8a26e50b933a0cfb79d1\windows-amd64\native-platform.dll
Event: 8.993 Attempting to load shared library C:\Users\Cesde\.gradle\native\0.2.8\x86_64-windows-gnu\gradle-fileevents.dll
Event: 8.993 Loaded shared library C:\Users\Cesde\.gradle\native\0.2.8\x86_64-windows-gnu\gradle-fileevents.dll
Event: 19.258 Attempting to load shared library C:\Users\Cesde\.cursor\extensions\redhat.java-1.56.0-win32-x64\jre\21.0.12.1-win32-x86_64\bin\management.dll
Event: 19.259 Loaded shared library C:\Users\Cesde\.cursor\extensions\redhat.java-1.56.0-win32-x64\jre\21.0.12.1-win32-x86_64\bin\management.dll
Event: 19.261 Attempting to load shared library C:\Users\Cesde\.cursor\extensions\redhat.java-1.56.0-win32-x64\jre\21.0.12.1-win32-x86_64\bin\management_ext.dll
Event: 19.262 Loaded shared library C:\Users\Cesde\.cursor\extensions\redhat.java-1.56.0-win32-x64\jre\21.0.12.1-win32-x86_64\bin\management_ext.dll
Event: 24.627 Attempting to load shared library C:\Users\Cesde\.cursor\extensions\redhat.java-1.56.0-win32-x64\jre\21.0.12.1-win32-x86_64\bin\extnet.dll
Event: 24.628 Loaded shared library C:\Users\Cesde\.cursor\extensions\redhat.java-1.56.0-win32-x64\jre\21.0.12.1-win32-x86_64\bin\extnet.dll
Event: 36.826 Attempting to load shared library C:\Users\Cesde\.cursor\extensions\redhat.java-1.56.0-win32-x64\jre\21.0.12.1-win32-x86_64\bin\sunmscapi.dll
Event: 36.836 Loaded shared library C:\Users\Cesde\.cursor\extensions\redhat.java-1.56.0-win32-x64\jre\21.0.12.1-win32-x86_64\bin\sunmscapi.dll

Deoptimization events (20 events):
Event: 441.367 Thread 0x000001c0873f5460 Uncommon trap: trap_request=0xfffffff4 fr.pc=0x000001c034826278 relative=0x00000000000001d8
Event: 441.368 Thread 0x000001c0873f5460 Uncommon trap: reason=null_check action=make_not_entrant pc=0x000001c034826278 method=org.gradle.internal.instantiation.generator.AbstractClassGenerator.isPropertyType(Ljava/lang/Class;)Z @ 24 c2
Event: 441.368 Thread 0x000001c0873f5460 DEOPT PACKING pc=0x000001c034826278 sp=0x0000000e85af9280
Event: 441.368 Thread 0x000001c0873f5460 DEOPT UNPACKING pc=0x000001c033ca7ba2 sp=0x0000000e85af9220 mode 2
Event: 441.488 Thread 0x000001c0873f5460 Uncommon trap: trap_request=0xffffff45 fr.pc=0x000001c034313864 relative=0x0000000000000304
Event: 441.488 Thread 0x000001c0873f5460 Uncommon trap: reason=unstable_if action=reinterpret pc=0x000001c034313864 method=java.lang.AbstractStringBuilder.inflateIfNeededFor(Ljava/lang/String;)V @ 14 c2
Event: 441.488 Thread 0x000001c0873f5460 DEOPT PACKING pc=0x000001c034313864 sp=0x0000000e85af8f70
Event: 441.488 Thread 0x000001c0873f5460 DEOPT UNPACKING pc=0x000001c033ca7ba2 sp=0x0000000e85af8e68 mode 2
Event: 441.488 Thread 0x000001c0873f5460 Uncommon trap: trap_request=0xffffff45 fr.pc=0x000001c03429c500 relative=0x0000000000000600
Event: 441.488 Thread 0x000001c0873f5460 Uncommon trap: reason=unstable_if action=reinterpret pc=0x000001c03429c500 method=java.lang.AbstractStringBuilder.isLatin1()Z @ 10 c2
Event: 441.488 Thread 0x000001c0873f5460 DEOPT PACKING pc=0x000001c03429c500 sp=0x0000000e85af8f30
Event: 441.488 Thread 0x000001c0873f5460 DEOPT UNPACKING pc=0x000001c033ca7ba2 sp=0x0000000e85af8e30 mode 2
Event: 441.488 Thread 0x000001c0873f5460 Uncommon trap: trap_request=0xffffff45 fr.pc=0x000001c0342b3ccc relative=0x000000000000050c
Event: 441.488 Thread 0x000001c0873f5460 Uncommon trap: reason=unstable_if action=reinterpret pc=0x000001c0342b3ccc method=java.lang.String.<init>(Ljava/lang/AbstractStringBuilder;Ljava/lang/Void;)V @ 19 c2
Event: 441.488 Thread 0x000001c0873f5460 DEOPT PACKING pc=0x000001c0342b3ccc sp=0x0000000e85af90a0
Event: 441.488 Thread 0x000001c0873f5460 DEOPT UNPACKING pc=0x000001c033ca7ba2 sp=0x0000000e85af9070 mode 2
Event: 441.488 Thread 0x000001c0873f5460 Uncommon trap: trap_request=0xffffff45 fr.pc=0x000001c0344f577c relative=0x000000000000025c
Event: 441.488 Thread 0x000001c0873f5460 Uncommon trap: reason=unstable_if action=reinterpret pc=0x000001c0344f577c method=java.lang.AbstractStringBuilder.appendChars([CII)V @ 43 c2
Event: 441.488 Thread 0x000001c0873f5460 DEOPT PACKING pc=0x000001c0344f577c sp=0x0000000e85af9350
Event: 441.488 Thread 0x000001c0873f5460 DEOPT UNPACKING pc=0x000001c033ca7ba2 sp=0x0000000e85af92c8 mode 2

Classes loaded (20 events):
Event: 441.072 Loading class sun/net/www/protocol/http/Handler
Event: 441.072 Loading class sun/net/www/protocol/http/Handler done
Event: 441.075 Loading class javax/crypto/JceSecurity$WeakIdentityWrapper
Event: 441.075 Loading class javax/crypto/JceSecurity$WeakIdentityWrapper done
Event: 441.075 Loading class javax/crypto/JceSecurity$2
Event: 441.075 Loading class javax/crypto/JceSecurity$2 done
Event: 441.075 Loading class javax/crypto/JceSecurity$3
Event: 441.075 Loading class javax/crypto/JceSecurity$3 done
Event: 441.075 Loading class java/lang/Class$Holder
Event: 441.075 Loading class java/lang/Class$Holder done
Event: 441.075 Loading class javax/crypto/ProviderVerifier
Event: 441.076 Loading class javax/crypto/ProviderVerifier done
Event: 441.210 Loading class java/security/cert/CertificateEncodingException
Event: 441.210 Loading class java/security/cert/CertificateEncodingException done
Event: 441.487 Loading class java/text/MessageFormat
Event: 441.487 Loading class java/text/MessageFormat done
Event: 441.488 Loading class java/text/MessageFormat$Field
Event: 441.488 Loading class java/text/MessageFormat$Field done
Event: 441.492 Loading class java/io/FileReader
Event: 441.493 Loading class java/io/FileReader done

Classes unloaded (0 events):
No events

Classes redefined (0 events):
No events

Internal exceptions (20 events):
Event: 286.038 Thread 0x000001c08249b480 Exception <a 'java/lang/NoSuchMethodError'{0x0000000086ef4c90}: static Lorg/gradle/tooling/internal/provider/serialization/WellKnownClassLoaderRegistry$KnownClassLoaderSpec;.<clinit>()V> (0x0000000086ef4c90) 
thrown [s\src\hotspot\share\prims\jni.cpp, line 1111]
Event: 286.038 Thread 0x000001c08249b480 Exception <a 'java/lang/NoSuchMethodError'{0x0000000086ef64d8}: static Lorg/gradle/internal/classloader/ClassLoaderSpec;.<clinit>()V> (0x0000000086ef64d8) 
thrown [s\src\hotspot\share\prims\jni.cpp, line 1111]
Event: 286.039 Thread 0x000001c08249b480 Exception <a 'java/lang/NoSuchMethodError'{0x0000000086d098a0}: static Lorg/gradle/internal/classloader/ClassLoaderSpec;.<clinit>()V> (0x0000000086d098a0) 
thrown [s\src\hotspot\share\prims\jni.cpp, line 1111]
Event: 286.040 Thread 0x000001c08249b480 Exception <a 'java/lang/NoSuchMethodError'{0x0000000086d15e68}: static Lorg/gradle/internal/classloader/VisitableURLClassLoader$Spec;.<clinit>()V> (0x0000000086d15e68) 
thrown [s\src\hotspot\share\prims\jni.cpp, line 1111]
Event: 292.243 Thread 0x000001c0873f5460 Exception <a 'sun/nio/fs/WindowsException'{0x000000008677d728}> (0x000000008677d728) 
thrown [s\src\hotspot\share\prims\jni.cpp, line 520]
Event: 292.244 Thread 0x000001c0873f5460 Exception <a 'sun/nio/fs/WindowsException'{0x000000008677eeb8}> (0x000000008677eeb8) 
thrown [s\src\hotspot\share\prims\jni.cpp, line 520]
Event: 292.244 Thread 0x000001c0873f5460 Exception <a 'sun/nio/fs/WindowsException'{0x0000000086780638}> (0x0000000086780638) 
thrown [s\src\hotspot\share\prims\jni.cpp, line 520]
Event: 292.245 Thread 0x000001c0873f5460 Exception <a 'sun/nio/fs/WindowsException'{0x0000000086781d98}> (0x0000000086781d98) 
thrown [s\src\hotspot\share\prims\jni.cpp, line 520]
Event: 346.971 Thread 0x000001c0873f5460 Exception <a 'sun/nio/fs/WindowsException'{0x0000000088872940}> (0x0000000088872940) 
thrown [s\src\hotspot\share\prims\jni.cpp, line 520]
Event: 346.973 Thread 0x000001c0873f5460 Exception <a 'sun/nio/fs/WindowsException'{0x0000000088874008}> (0x0000000088874008) 
thrown [s\src\hotspot\share\prims\jni.cpp, line 520]
Event: 346.979 Thread 0x000001c0873f5460 Exception <a 'sun/nio/fs/WindowsException'{0x0000000088876320}> (0x0000000088876320) 
thrown [s\src\hotspot\share\prims\jni.cpp, line 520]
Event: 437.467 Thread 0x000001c0873f5460 Implicit null exception at 0x000001c034778d79 to 0x000001c034779838
Event: 437.549 Thread 0x000001c0873f5460 Implicit null exception at 0x000001c03479d243 to 0x000001c03479dbfc
Event: 437.623 Thread 0x000001c0873f5460 Implicit null exception at 0x000001c0347a16cb to 0x000001c0347a20fc
Event: 439.067 Thread 0x000001c0873f5460 Implicit null exception at 0x000001c0347d573e to 0x000001c0347d5880
Event: 439.565 Thread 0x000001c0873f5460 Implicit null exception at 0x000001c0347f64aa to 0x000001c0347f6abc
Event: 439.688 Thread 0x000001c0873f5460 Implicit null exception at 0x000001c0347ff647 to 0x000001c0347ff7eb
Event: 441.041 Thread 0x000001c0873f5460 Exception <a 'sun/nio/fs/WindowsException'{0x00000000888c12c0}> (0x00000000888c12c0) 
thrown [s\src\hotspot\share\prims\jni.cpp, line 520]
Event: 441.367 Thread 0x000001c0873f5460 Implicit null exception at 0x000001c0348260c7 to 0x000001c03482626b
Event: 443.375 Thread 0x000001c0873f5460 Exception <a 'sun/nio/fs/WindowsException'{0x0000000086569a18}> (0x0000000086569a18) 
thrown [s\src\hotspot\share\prims\jni.cpp, line 520]

ZGC Phase Switch (0 events):
No events

VM Operations (20 events):
Event: 439.336 Executing non-safepoint VM operation: HandshakeAllThreads (Deoptimize) done
Event: 439.403 Executing non-safepoint VM operation: HandshakeAllThreads (Deoptimize)
Event: 439.404 Executing non-safepoint VM operation: HandshakeAllThreads (Deoptimize) done
Event: 439.771 Executing safepoint VM operation: G1CollectForAllocation (G1 Evacuation Pause)
Event: 439.776 Executing safepoint VM operation: G1CollectForAllocation (G1 Evacuation Pause) done
Event: 440.309 Executing safepoint VM operation: G1CollectForAllocation (G1 Evacuation Pause)
Event: 440.318 Executing safepoint VM operation: G1CollectForAllocation (G1 Evacuation Pause) done
Event: 441.045 Executing non-safepoint VM operation: HandshakeAllThreads (Deoptimize)
Event: 441.045 Executing non-safepoint VM operation: HandshakeAllThreads (Deoptimize) done
Event: 441.071 Executing non-safepoint VM operation: HandshakeAllThreads (Deoptimize)
Event: 441.071 Executing non-safepoint VM operation: HandshakeAllThreads (Deoptimize) done
Event: 441.074 Executing non-safepoint VM operation: HandshakeAllThreads (Deoptimize)
Event: 441.074 Executing non-safepoint VM operation: HandshakeAllThreads (Deoptimize) done
Event: 441.494 Executing non-safepoint VM operation: HandshakeAllThreads (Deoptimize)
Event: 441.494 Executing non-safepoint VM operation: HandshakeAllThreads (Deoptimize) done
Event: 441.494 Executing safepoint VM operation: Cleanup
Event: 441.494 Executing safepoint VM operation: Cleanup done
Event: 442.519 Executing safepoint VM operation: Cleanup
Event: 442.519 Executing safepoint VM operation: Cleanup done
Event: 443.394 Executing safepoint VM operation: G1CollectForAllocation (G1 Evacuation Pause)

Memory protections (0 events):
No events

Nmethod flushes (20 events):
Event: 437.997 Thread 0x000001c08200f310 flushing  nmethod 0x000001c02c9cff90
Event: 437.997 Thread 0x000001c08200f310 flushing  nmethod 0x000001c02cf28e10
Event: 437.997 Thread 0x000001c08200f310 flushing  nmethod 0x000001c02cfe7810
Event: 437.997 Thread 0x000001c08200f310 flushing  nmethod 0x000001c02c774c10
Event: 437.997 Thread 0x000001c08200f310 flushing  nmethod 0x000001c02c7f7410
Event: 437.997 Thread 0x000001c08200f310 flushing  nmethod 0x000001c02c7f7710
Event: 437.997 Thread 0x000001c08200f310 flushing  nmethod 0x000001c02cb6ea10
Event: 437.997 Thread 0x000001c08200f310 flushing  nmethod 0x000001c02ce1c690
Event: 437.997 Thread 0x000001c08200f310 flushing  nmethod 0x000001c02ce31f90
Event: 437.997 Thread 0x000001c08200f310 flushing  nmethod 0x000001c02ce81c90
Event: 437.997 Thread 0x000001c08200f310 flushing  nmethod 0x000001c0342fb090
Event: 437.997 Thread 0x000001c08200f310 flushing  nmethod 0x000001c03430a010
Event: 437.997 Thread 0x000001c08200f310 flushing  nmethod 0x000001c02c745490
Event: 437.997 Thread 0x000001c08200f310 flushing  nmethod 0x000001c02c746790
Event: 437.997 Thread 0x000001c08200f310 flushing  nmethod 0x000001c02c9c2110
Event: 437.997 Thread 0x000001c08200f310 flushing  nmethod 0x000001c02ca83790
Event: 437.997 Thread 0x000001c08200f310 flushing  nmethod 0x000001c02caa1d10
Event: 437.997 Thread 0x000001c08200f310 flushing  nmethod 0x000001c02caa2610
Event: 437.997 Thread 0x000001c08200f310 flushing  nmethod 0x000001c02cefbc90
Event: 437.997 Thread 0x000001c08200f310 flushing  nmethod 0x000001c02d081310

Events (20 events):
Event: 288.353 Thread 0x000001c08249b480 Thread added: 0x000001c0872e79e0
Event: 288.542 Thread 0x000001c0873f5460 Thread added: 0x000001c0872ecf30
Event: 288.657 Thread 0x000001c0873f5460 Thread added: 0x000001c088e07890
Event: 288.726 Thread 0x000001c0873f5460 Thread added: 0x000001c088e0b3a0
Event: 290.714 Thread 0x000001c0873f5460 Thread added: 0x000001c088e07f20
Event: 290.940 Thread 0x000001c0873f5460 Thread added: 0x000001c088e0ba30
Event: 291.237 Thread 0x000001c0873f5460 Thread added: 0x000001c088e0c0c0
Event: 292.208 Thread 0x000001c0873f5460 Thread added: 0x000001c088e0e190
Event: 292.225 Thread 0x000001c0873f5460 Thread added: 0x000001c088e0e820
Event: 295.951 Thread 0x000001c0873f5460 Thread added: 0x000001c088e0eeb0
Event: 330.144 Thread 0x000001c0873f5460 Thread added: 0x000001c088e0d470
Event: 346.491 Thread 0x000001c0872e8d90 Thread exited: 0x000001c0872e8d90
Event: 379.753 Thread 0x000001c0873f5460 Thread added: 0x000001c088e0cde0
Event: 379.753 Thread 0x000001c0873f5460 Thread added: 0x000001c0872e8d90
Event: 379.754 Thread 0x000001c0873f5460 Thread added: 0x000001c0872e9ab0
Event: 379.755 Thread 0x000001c0873f5460 Thread added: 0x000001c0872e9420
Event: 379.755 Thread 0x000001c0873f5460 Thread added: 0x000001c0872ec8a0
Event: 379.755 Thread 0x000001c0873f5460 Thread added: 0x000001c0872ea140
Event: 431.591 Thread 0x000001c0873f5460 Thread added: 0x000001c0872ea7d0
Event: 441.694 Thread 0x000001c0872ea7d0 Thread exited: 0x000001c0872ea7d0


Dynamic libraries:
0x00007ff6b38f0000 - 0x00007ff6b38fe000 	C:\Users\Cesde\.cursor\extensions\redhat.java-1.56.0-win32-x64\jre\21.0.12.1-win32-x86_64\bin\java.exe
0x00007ffbd3720000 - 0x00007ffbd3987000 	C:\WINDOWS\SYSTEM32\ntdll.dll
0x00007ffbd2620000 - 0x00007ffbd26eb000 	C:\WINDOWS\System32\KERNEL32.DLL
0x00007ffbd0ea0000 - 0x00007ffbd12a2000 	C:\WINDOWS\System32\KERNELBASE.dll
0x00007ffbd0c10000 - 0x00007ffbd0d5c000 	C:\WINDOWS\System32\ucrtbase.dll
0x00007ffb35d30000 - 0x00007ffb35d48000 	C:\Users\Cesde\.cursor\extensions\redhat.java-1.56.0-win32-x64\jre\21.0.12.1-win32-x86_64\bin\jli.dll
0x00007ffbd2340000 - 0x00007ffbd250f000 	C:\WINDOWS\System32\USER32.dll
0x00007ffbd0be0000 - 0x00007ffbd0c07000 	C:\WINDOWS\System32\win32u.dll
0x00007ffbd2ab0000 - 0x00007ffbd2adb000 	C:\WINDOWS\System32\GDI32.dll
0x00007ffbd0d70000 - 0x00007ffbd0e99000 	C:\WINDOWS\System32\gdi32full.dll
0x00007ffbd0920000 - 0x00007ffbd09c3000 	C:\WINDOWS\System32\msvcp_win.dll
0x00007ffb356f0000 - 0x00007ffb3570e000 	C:\Users\Cesde\.cursor\extensions\redhat.java-1.56.0-win32-x64\jre\21.0.12.1-win32-x86_64\bin\VCRUNTIME140.dll
0x00007ffbb2b40000 - 0x00007ffbb2dd0000 	C:\WINDOWS\WinSxS\amd64_microsoft.windows.common-controls_6595b64144ccf1df_6.0.26100.9278_none_3e0d1ba8e3303201\COMCTL32.dll
0x00007ffbd35a0000 - 0x00007ffbd3649000 	C:\WINDOWS\System32\msvcrt.dll
0x00007ffbd2720000 - 0x00007ffbd2751000 	C:\WINDOWS\System32\IMM32.DLL
0x00007ffbcaf00000 - 0x00007ffbcaf0c000 	C:\Users\Cesde\.cursor\extensions\redhat.java-1.56.0-win32-x64\jre\21.0.12.1-win32-x86_64\bin\vcruntime140_1.dll
0x00007ffb1d500000 - 0x00007ffb1d58d000 	C:\Users\Cesde\.cursor\extensions\redhat.java-1.56.0-win32-x64\jre\21.0.12.1-win32-x86_64\bin\msvcp140.dll
0x00007ffb1c750000 - 0x00007ffb1d4f2000 	C:\Users\Cesde\.cursor\extensions\redhat.java-1.56.0-win32-x64\jre\21.0.12.1-win32-x86_64\bin\server\jvm.dll
0x00007ffbd33a0000 - 0x00007ffbd345c000 	C:\WINDOWS\System32\ADVAPI32.dll
0x00007ffbd18f0000 - 0x00007ffbd1999000 	C:\WINDOWS\System32\sechost.dll
0x00007ffbd3480000 - 0x00007ffbd3598000 	C:\WINDOWS\System32\RPCRT4.dll
0x00007ffbd1a10000 - 0x00007ffbd1a90000 	C:\WINDOWS\System32\WS2_32.dll
0x00007ffbd0780000 - 0x00007ffbd07de000 	C:\WINDOWS\SYSTEM32\POWRPROF.dll
0x00007ffbc7380000 - 0x00007ffbc73b6000 	C:\WINDOWS\SYSTEM32\WINMM.dll
0x00007ffbc5b80000 - 0x00007ffbc5b8b000 	C:\WINDOWS\SYSTEM32\VERSION.dll
0x00007ffbd0760000 - 0x00007ffbd0775000 	C:\WINDOWS\SYSTEM32\UMPDC.dll
0x00007ffbcf5b0000 - 0x00007ffbcf5cb000 	C:\WINDOWS\SYSTEM32\kernel.appcore.dll
0x00007ffba20d0000 - 0x00007ffba20da000 	C:\Users\Cesde\.cursor\extensions\redhat.java-1.56.0-win32-x64\jre\21.0.12.1-win32-x86_64\bin\jimage.dll
0x00007ffbcdfd0000 - 0x00007ffbce21c000 	C:\WINDOWS\SYSTEM32\DBGHELP.DLL
0x00007ffbd2f80000 - 0x00007ffbd3305000 	C:\WINDOWS\System32\combase.dll
0x00007ffbd1810000 - 0x00007ffbd18e9000 	C:\WINDOWS\System32\OLEAUT32.dll
0x00007ffba90c0000 - 0x00007ffba90fb000 	C:\WINDOWS\SYSTEM32\dbgcore.DLL
0x00007ffbd09d0000 - 0x00007ffbd0a7c000 	C:\WINDOWS\System32\bcryptPrimitives.dll
0x00007ffb82b40000 - 0x00007ffb82b4f000 	C:\Users\Cesde\.cursor\extensions\redhat.java-1.56.0-win32-x64\jre\21.0.12.1-win32-x86_64\bin\instrument.dll
0x00007ffb35020000 - 0x00007ffb35040000 	C:\Users\Cesde\.cursor\extensions\redhat.java-1.56.0-win32-x64\jre\21.0.12.1-win32-x86_64\bin\java.dll
0x00007ffbd1aa0000 - 0x00007ffbd2238000 	C:\WINDOWS\System32\SHELL32.dll
0x00007ffbce340000 - 0x00007ffbcebee000 	C:\WINDOWS\SYSTEM32\windows.storage.dll
0x00007ffbd2240000 - 0x00007ffbd233b000 	C:\WINDOWS\System32\SHCORE.dll
0x00007ffbd3310000 - 0x00007ffbd3376000 	C:\WINDOWS\System32\shlwapi.dll
0x00007ffbd0840000 - 0x00007ffbd0869000 	C:\WINDOWS\SYSTEM32\profapi.dll
0x00007ffb32900000 - 0x00007ffb32918000 	C:\Users\Cesde\.cursor\extensions\redhat.java-1.56.0-win32-x64\jre\21.0.12.1-win32-x86_64\bin\zip.dll
0x00007ffb8edf0000 - 0x00007ffb8ee00000 	C:\Users\Cesde\.cursor\extensions\redhat.java-1.56.0-win32-x64\jre\21.0.12.1-win32-x86_64\bin\net.dll
0x00007ffbc8230000 - 0x00007ffbc835a000 	C:\WINDOWS\SYSTEM32\WINHTTP.dll
0x00007ffbcfb50000 - 0x00007ffbcfbbc000 	C:\WINDOWS\system32\mswsock.dll
0x00007ffb21620000 - 0x00007ffb21636000 	C:\Users\Cesde\.cursor\extensions\redhat.java-1.56.0-win32-x64\jre\21.0.12.1-win32-x86_64\bin\nio.dll
0x00007ffb80e80000 - 0x00007ffb80e90000 	C:\Users\Cesde\.cursor\extensions\redhat.java-1.56.0-win32-x64\jre\21.0.12.1-win32-x86_64\bin\verify.dll
0x00007ffb4dc70000 - 0x00007ffb4dc97000 	C:\Users\Cesde\.gradle\native\660c5614fbf4a5f2a75b1949f50a0caf5cd603558e7d8a26e50b933a0cfb79d1\windows-amd64\native-platform.dll
0x00007ffb4e820000 - 0x00007ffb4e897000 	C:\Users\Cesde\.gradle\native\0.2.8\x86_64-windows-gnu\gradle-fileevents.dll
0x00007ffbbd750000 - 0x00007ffbbd75a000 	C:\Users\Cesde\.cursor\extensions\redhat.java-1.56.0-win32-x64\jre\21.0.12.1-win32-x86_64\bin\management.dll
0x00007ffbb2de0000 - 0x00007ffbb2dec000 	C:\Users\Cesde\.cursor\extensions\redhat.java-1.56.0-win32-x64\jre\21.0.12.1-win32-x86_64\bin\management_ext.dll
0x00007ffbd3470000 - 0x00007ffbd3478000 	C:\WINDOWS\System32\PSAPI.DLL
0x00007ffbcf010000 - 0x00007ffbcf043000 	C:\WINDOWS\SYSTEM32\IPHLPAPI.DLL
0x00007ffbd1a00000 - 0x00007ffbd1a0a000 	C:\WINDOWS\System32\NSI.dll
0x00007ffbb21c0000 - 0x00007ffbb21c9000 	C:\Users\Cesde\.cursor\extensions\redhat.java-1.56.0-win32-x64\jre\21.0.12.1-win32-x86_64\bin\extnet.dll
0x00007ffbcff70000 - 0x00007ffbcff8b000 	C:\WINDOWS\SYSTEM32\CRYPTSP.dll
0x00007ffbcf510000 - 0x00007ffbcf549000 	C:\WINDOWS\system32\rsaenh.dll
0x00007ffbcfc00000 - 0x00007ffbcfc34000 	C:\WINDOWS\SYSTEM32\USERENV.dll
0x00007ffbd0810000 - 0x00007ffbd083a000 	C:\WINDOWS\SYSTEM32\bcrypt.dll
0x00007ffbcfdb0000 - 0x00007ffbcfdbc000 	C:\WINDOWS\SYSTEM32\CRYPTBASE.dll
0x00007ffb8da40000 - 0x00007ffb8da4e000 	C:\Users\Cesde\.cursor\extensions\redhat.java-1.56.0-win32-x64\jre\21.0.12.1-win32-x86_64\bin\sunmscapi.dll
0x00007ffbd12b0000 - 0x00007ffbd142e000 	C:\WINDOWS\System32\CRYPT32.dll
0x00007ffbd00e0000 - 0x00007ffbd0110000 	C:\WINDOWS\SYSTEM32\ncrypt.dll
0x00007ffbd0090000 - 0x00007ffbd00cf000 	C:\WINDOWS\SYSTEM32\NTASN1.dll
0x00007ffba2190000 - 0x00007ffba2198000 	C:\WINDOWS\system32\wshunix.dll

JVMTI agents:
C:\Users\Cesde\.gradle\wrapper\dists\gradle-9.4.1-bin\arn2x92ynaizyzdaamcbpbhtj\gradle-9.4.1\lib\agents\gradle-instrumentation-agent-9.4.1.jar path:C:\Users\Cesde\.cursor\extensions\redhat.java-1.56.0-win32-x64\jre\21.0.12.1-win32-x86_64\bin\instrument.dll, loaded, initialized, instrumentlib options:none

dbghelp: loaded successfully - version: 4.0.5 - missing functions: none
symbol engine: initialized successfully - sym options: 0x614 - pdb path: .;C:\Users\Cesde\.cursor\extensions\redhat.java-1.56.0-win32-x64\jre\21.0.12.1-win32-x86_64\bin;C:\WINDOWS\SYSTEM32;C:\WINDOWS\WinSxS\amd64_microsoft.windows.common-controls_6595b64144ccf1df_6.0.26100.9278_none_3e0d1ba8e3303201;C:\Users\Cesde\.cursor\extensions\redhat.java-1.56.0-win32-x64\jre\21.0.12.1-win32-x86_64\bin\server;C:\Users\Cesde\.gradle\native\660c5614fbf4a5f2a75b1949f50a0caf5cd603558e7d8a26e50b933a0cfb79d1\windows-amd64;C:\Users\Cesde\.gradle\native\0.2.8\x86_64-windows-gnu

VM Arguments:
jvm_args: --add-opens=java.base/java.lang=ALL-UNNAMED --add-opens=java.base/java.lang.invoke=ALL-UNNAMED --add-opens=java.base/java.util=ALL-UNNAMED --add-opens=java.prefs/java.util.prefs=ALL-UNNAMED --add-exports=jdk.compiler/com.sun.tools.javac.api=ALL-UNNAMED --add-exports=jdk.compiler/com.sun.tools.javac.util=ALL-UNNAMED --add-opens=java.base/java.util=ALL-UNNAMED --add-opens=java.prefs/java.util.prefs=ALL-UNNAMED --add-opens=java.base/java.nio.charset=ALL-UNNAMED --add-opens=java.base/java.net=ALL-UNNAMED --add-opens=java.base/java.util.concurrent=ALL-UNNAMED --add-opens=java.base/java.util.concurrent.atomic=ALL-UNNAMED --add-opens=java.xml/javax.xml.namespace=ALL-UNNAMED --add-opens=java.base/java.time=ALL-UNNAMED -Xmx2048m -Dfile.encoding=UTF-8 -Duser.country=CO -Duser.language=es -Duser.variant -javaagent:C:\Users\Cesde\.gradle\wrapper\dists\gradle-9.4.1-bin\arn2x92ynaizyzdaamcbpbhtj\gradle-9.4.1\lib\agents\gradle-instrumentation-agent-9.4.1.jar 
java_command: org.gradle.launcher.daemon.bootstrap.GradleDaemon 9.4.1
java_class_path (initial): C:\Users\Cesde\.gradle\wrapper\dists\gradle-9.4.1-bin\arn2x92ynaizyzdaamcbpbhtj\gradle-9.4.1\lib\gradle-daemon-main-9.4.1.jar
Launcher Type: SUN_STANDARD

[Global flags]
     intx CICompilerCount                          = 4                                         {product} {ergonomic}
     uint ConcGCThreads                            = 2                                         {product} {ergonomic}
     uint G1ConcRefinementThreads                  = 8                                         {product} {ergonomic}
   size_t G1HeapRegionSize                         = 1048576                                   {product} {ergonomic}
    uintx GCDrainStackTargetSize                   = 64                                        {product} {ergonomic}
   size_t InitialHeapSize                          = 264241152                                 {product} {ergonomic}
   size_t MarkStackSize                            = 4194304                                   {product} {ergonomic}
   size_t MaxHeapSize                              = 2147483648                                {product} {command line}
   size_t MaxNewSize                               = 1287651328                                {product} {ergonomic}
   size_t MinHeapDeltaBytes                        = 1048576                                   {product} {ergonomic}
   size_t MinHeapSize                              = 8388608                                   {product} {ergonomic}
    uintx NonNMethodCodeHeapSize                   = 5839372                                {pd product} {ergonomic}
    uintx NonProfiledCodeHeapSize                  = 122909434                              {pd product} {ergonomic}
    uintx ProfiledCodeHeapSize                     = 122909434                              {pd product} {ergonomic}
    uintx ReservedCodeCacheSize                    = 251658240                              {pd product} {ergonomic}
     bool SegmentedCodeCache                       = true                                      {product} {ergonomic}
   size_t SoftMaxHeapSize                          = 2147483648                             {manageable} {ergonomic}
     bool UseCompressedOops                        = true                           {product lp64_product} {ergonomic}
     bool UseG1GC                                  = true                                      {product} {ergonomic}
     bool UseLargePagesIndividualAllocation        = false                                  {pd product} {ergonomic}

Logging:
Log output configuration:
 #0: stdout all=warning uptime,level,tags foldmultilines=false
 #1: stderr all=off uptime,level,tags foldmultilines=false

Release file:
JAVA_VERSION="21.0.12.1" 
MODULES="java.base java.compiler java.datatransfer java.xml java.prefs java.desktop java.instrument java.logging java.management java.security.sasl java.naming java.rmi java.management.rmi java.net.http java.scripting java.security.jgss java.transaction.xa java.sql java.sql.rowset java.xml.crypto java.se java.smartcardio jdk.accessibility jdk.internal.jvmstat jdk.attach jdk.charsets jdk.internal.opt jdk.zipfs jdk.compiler jdk.crypto.ec jdk.crypto.cryptoki jdk.crypto.mscapi jdk.dynalink jdk.internal.ed jdk.editpad jdk.hotspot.agent jdk.httpserver jdk.internal.le jdk.internal.vm.ci jdk.internal.vm.compiler jdk.internal.vm.compiler.management jdk.jartool jdk.javadoc jdk.jcmd jdk.management jdk.management.agent jdk.jconsole jdk.jdeps jdk.jdwp.agent jdk.jdi jdk.jfr jdk.jshell jdk.jsobject jdk.jstatd jdk.localedata jdk.management.jfr jdk.naming.dns jdk.naming.rmi jdk.net jdk.nio.mapmode jdk.random jdk.sctp jdk.security.auth jdk.security.jgss jdk.unsupported jdk.unsupported.desktop jdk.xml.dom" 

Environment Variables:
PATH=C:\Program Files\Common Files\Oracle\Java\javapath;C:\WINDOWS\system32;C:\WINDOWS;C:\WINDOWS\System32\Wbem;C:\WINDOWS\System32\WindowsPowerShell\v1.0\;C:\WINDOWS\System32\OpenSSH\;C:\Program Files (x86)\Microsoft SQL Server\160\Tools\Binn\;C:\Program Files\Microsoft SQL Server\160\Tools\Binn\;C:\Program Files\Microsoft SQL Server\Client SDK\ODBC\170\Tools\Binn\;C:\Program Files\Microsoft SQL Server\160\DTS\Binn\;C:\Program Files\Git\cmd;C:\Program Files\Microsoft SQL Server\170\Tools\Binn\;C:\Program Files\dotnet\;C:\xampp\php;C:\ProgramData\ComposerSetup\bin;C:\Program Files\nodejs\;C:\ProgramData\chocolatey\bin;C:\Program Files\Docker\Docker\resources\bin;C:\Users\Cesde\AppData\Local\Microsoft\WindowsApps;C:\Users\Cesde\AppData\Local\GitHubDesktop\bin;C:\Users\Cesde\AppData\Local\Programs\Microsoft VS Code\bin;C:\Users\Cesde\AppData\Roaming\npm;C:\Users\Cesde\AppData\Local\Programs\cursor\resources\app\bin;C:\kotlinc\bin;
USERNAME=Cesde
OS=Windows_NT
PROCESSOR_IDENTIFIER=Intel64 Family 6 Model 140 Stepping 1, GenuineIntel
TMP=C:\Users\Cesde\AppData\Local\Temp
TEMP=C:\Users\Cesde\AppData\Local\Temp




Periodic native trim disabled

---------------  S Y S T E M  ---------------

OS:
 Windows 11 , 64 bit Build 26100 (10.0.26100.9444)
OS uptime: 0 days 0:25 hours
Hyper-V role detected

CPU: total 8 (initial active 8) (4 cores per cpu, 2 threads per core) family 6 model 140 stepping 1 microcode 0x86, cx8, cmov, fxsr, ht, mmx, 3dnowpref, sse, sse2, sse3, ssse3, sse4.1, sse4.2, popcnt, lzcnt, tsc, tscinvbit, avx, avx2, aes, erms, clmul, bmi1, bmi2, adx, avx512f, avx512dq, avx512cd, avx512bw, avx512vl, sha, fma, vzeroupper, avx512_vpopcntdq, avx512_vpclmulqdq, avx512_vaes, avx512_vnni, clflush, clflushopt, clwb, avx512_vbmi2, avx512_vbmi, hv, rdtscp, rdpid, fsrm, gfni, avx512_bitalg, f16c, cet_ibt, cet_ss, avx512_ifma
Processor Information for the first 8 processors :
  Max Mhz: 2803, Current Mhz: 2803, Mhz Limit: 2803

Memory: 4k page, system-wide physical 16082M (172M free)
TotalPageFile size 65234M (AvailPageFile size 99M)
current process WorkingSet (physical memory assigned to process): 314M, peak: 337M
current process commit charge ("private bytes"): 450M, peak: 555M

vm_info: OpenJDK 64-Bit Server VM (21.0.12.1+1-LTS) for windows-amd64 JRE (21.0.12.1+1-LTS), built on 2026-08-18T00:00:00Z by "admin" with MS VC++ 17.12 (VS2022)

END.
