#
# There is insufficient memory for the Java Runtime Environment to continue.
# Native memory allocation (malloc) failed to allocate 2005360 bytes. Error detail: Chunk::new
# Possible reasons:
#   The system is out of physical RAM or swap space
#   This process is running with CompressedOops enabled, and the Java Heap may be blocking the growth of the native heap
# Possible solutions:
#   Reduce memory load on the system
#   Increase physical memory or swap space
#   Check if swap backing store is full
#   Decrease Java heap size (-Xmx/-Xms)
#   Decrease number of Java threads
#   Decrease Java thread stack sizes (-Xss)
#   Set larger code cache with -XX:ReservedCodeCacheSize=
#   JVM is running with Unscaled Compressed Oops mode in which the Java heap is
#     placed in the first 4GB address space. The Java Heap base address is the
#     maximum limit for the native heap growth. Please use -XX:HeapBaseMinAddress
#     to set the Java Heap base and to place the Java Heap above 4GB virtual address.
# This output file may be truncated or incomplete.
#
#  Out of Memory Error (arena.cpp:168), pid=25528, tid=25936
#
# JRE version: OpenJDK Runtime Environment Temurin-21.0.12.1+1 (21.0.12.1+1) (build 21.0.12.1+1-LTS)
# Java VM: OpenJDK 64-Bit Server VM Temurin-21.0.12.1+1 (21.0.12.1+1-LTS, mixed mode, sharing, tiered, compressed oops, compressed class ptrs, g1 gc, windows-amd64)
# No core dump will be written. Minidumps are not enabled by default on client versions of Windows
#

---------------  S U M M A R Y ------------

Command Line: --add-opens=java.base/java.lang=ALL-UNNAMED --add-opens=java.base/java.lang.invoke=ALL-UNNAMED --add-opens=java.base/java.util=ALL-UNNAMED --add-opens=java.prefs/java.util.prefs=ALL-UNNAMED --add-exports=jdk.compiler/com.sun.tools.javac.api=ALL-UNNAMED --add-exports=jdk.compiler/com.sun.tools.javac.util=ALL-UNNAMED --add-opens=java.base/java.util=ALL-UNNAMED --add-opens=java.prefs/java.util.prefs=ALL-UNNAMED --add-opens=java.base/java.nio.charset=ALL-UNNAMED --add-opens=java.base/java.net=ALL-UNNAMED --add-opens=java.base/java.util.concurrent=ALL-UNNAMED --add-opens=java.base/java.util.concurrent.atomic=ALL-UNNAMED --add-opens=java.xml/javax.xml.namespace=ALL-UNNAMED --add-opens=java.base/java.time=ALL-UNNAMED -Xmx2048m -Dfile.encoding=UTF-8 -Duser.country=CO -Duser.language=es -Duser.variant -javaagent:C:\Users\Cesde\.gradle\wrapper\dists\gradle-9.4.1-bin\arn2x92ynaizyzdaamcbpbhtj\gradle-9.4.1\lib\agents\gradle-instrumentation-agent-9.4.1.jar org.gradle.launcher.daemon.bootstrap.GradleDaemon 9.4.1

Host: 11th Gen Intel(R) Core(TM) i7-1165G7 @ 2.80GHz, 8 cores, 15G,  Windows 11 , 64 bit Build 26100 (10.0.26100.9444)
Time: Fri Sep 18 20:02:20 2026 Hora est. Pacífico, Sudamérica elapsed time: 415.300866 seconds (0d 0h 6m 55s)

---------------  T H R E A D  ---------------

Current thread (0x000002be3495e290):  JavaThread "C2 CompilerThread0" daemon [_thread_in_native, id=25936, stack(0x000000ec2db00000,0x000000ec2dc00000) (1024K)]


Current CompileTask:
C2:415301 5412   !   4       sun.reflect.annotation.AnnotationParser::parseAnnotations (37 bytes)

Stack: [0x000000ec2db00000,0x000000ec2dc00000]
Native frames: (J=compiled Java code, j=interpreted, Vv=VM code, C=native code)
V  [jvm.dll+0x6d83e9]
V  [jvm.dll+0x8b5736]
V  [jvm.dll+0x8b7cee]
V  [jvm.dll+0x8b83d3]
V  [jvm.dll+0x284596]
V  [jvm.dll+0xc685d]
V  [jvm.dll+0xc6da1]
V  [jvm.dll+0x3bf18b]
V  [jvm.dll+0x38b6d2]
V  [jvm.dll+0x38ab1a]
V  [jvm.dll+0x24c700]
V  [jvm.dll+0x24bce0]
V  [jvm.dll+0x1cb4ae]
V  [jvm.dll+0x25baad]
V  [jvm.dll+0x25a03a]
V  [jvm.dll+0x3f8aae]
V  [jvm.dll+0x8600cd]
V  [jvm.dll+0x6d6c1d]
C  [ucrtbase.dll+0x2cd30]
C  [KERNEL32.DLL+0x2cd87]
C  [ntdll.dll+0xacaec]


---------------  P R O C E S S  ---------------

Threads class SMR info:
_java_thread_list=0x000002be7bfc1170, length=35, elements={
0x000002be1d163b30, 0x000002be34951940, 0x000002be349551d0, 0x000002be34959590,
0x000002be34959ff0, 0x000002be3495aa50, 0x000002be3495b4b0, 0x000002be3495e290,
0x000002be349618a0, 0x000002be34af5000, 0x000002be34bff830, 0x000002be7a43a8b0,
0x000002be7bd36220, 0x000002be7ba716c0, 0x000002be7ab1ac80, 0x000002be7aad3aa0,
0x000002be7aad4e50, 0x000002be7aad6200, 0x000002be7aad5b70, 0x000002be7aad47c0,
0x000002be7aad3410, 0x000002be7aad54e0, 0x000002be7aad6890, 0x000002be7bea1650,
0x000002be7bea3090, 0x000002be7bea2370, 0x000002be7bea3db0, 0x000002be7bea4440,
0x000002be7bea0fc0, 0x000002be7df80d30, 0x000002be7df813c0, 0x000002be7df82770,
0x000002be7df81a50, 0x000002be7df80010, 0x000002be7df83b20
}

Java Threads: ( => current thread )
  0x000002be1d163b30 JavaThread "main"                              [_thread_blocked, id=25704, stack(0x000000ec2cc00000,0x000000ec2cd00000) (1024K)]
  0x000002be34951940 JavaThread "Reference Handler"          daemon [_thread_blocked, id=5728, stack(0x000000ec2d500000,0x000000ec2d600000) (1024K)]
  0x000002be349551d0 JavaThread "Finalizer"                  daemon [_thread_blocked, id=19572, stack(0x000000ec2d600000,0x000000ec2d700000) (1024K)]
  0x000002be34959590 JavaThread "Signal Dispatcher"          daemon [_thread_blocked, id=17556, stack(0x000000ec2d700000,0x000000ec2d800000) (1024K)]
  0x000002be34959ff0 JavaThread "Attach Listener"            daemon [_thread_blocked, id=3056, stack(0x000000ec2d800000,0x000000ec2d900000) (1024K)]
  0x000002be3495aa50 JavaThread "Service Thread"             daemon [_thread_blocked, id=25924, stack(0x000000ec2d900000,0x000000ec2da00000) (1024K)]
  0x000002be3495b4b0 JavaThread "Monitor Deflation Thread"   daemon [_thread_blocked, id=25872, stack(0x000000ec2da00000,0x000000ec2db00000) (1024K)]
=>0x000002be3495e290 JavaThread "C2 CompilerThread0"         daemon [_thread_in_native, id=25936, stack(0x000000ec2db00000,0x000000ec2dc00000) (1024K)]
  0x000002be349618a0 JavaThread "C1 CompilerThread0"         daemon [_thread_blocked, id=9292, stack(0x000000ec2dc00000,0x000000ec2dd00000) (1024K)]
  0x000002be34af5000 JavaThread "Common-Cleaner"             daemon [_thread_blocked, id=27308, stack(0x000000ec2dd00000,0x000000ec2de00000) (1024K)]
  0x000002be34bff830 JavaThread "Notification Thread"        daemon [_thread_blocked, id=27484, stack(0x000000ec2de00000,0x000000ec2df00000) (1024K)]
  0x000002be7a43a8b0 JavaThread "Daemon health stats"               [_thread_blocked, id=14520, stack(0x000000ec2cd00000,0x000000ec2ce00000) (1024K)]
  0x000002be7bd36220 JavaThread "Incoming local TCP Connector on port 56643"        [_thread_in_native, id=23992, stack(0x000000ec2e500000,0x000000ec2e600000) (1024K)]
  0x000002be7ba716c0 JavaThread "Daemon periodic checks"            [_thread_blocked, id=2664, stack(0x000000ec2e400000,0x000000ec2e500000) (1024K)]
  0x000002be7ab1ac80 JavaThread "Daemon"                            [_thread_blocked, id=25340, stack(0x000000ec2e700000,0x000000ec2e800000) (1024K)]
  0x000002be7aad3aa0 JavaThread "Daemon worker"                     [_thread_in_Java, id=31756, stack(0x000000ec2ea00000,0x000000ec2eb00000) (1024K)]
  0x000002be7aad4e50 JavaThread "Handler for socket connection from /127.0.0.1:56643 to /127.0.0.1:63098"        [_thread_in_native, id=1900, stack(0x000000ec2e800000,0x000000ec2e900000) (1024K)]
  0x000002be7aad6200 JavaThread "Cancel handler"                    [_thread_blocked, id=33876, stack(0x000000ec2e900000,0x000000ec2ea00000) (1024K)]
  0x000002be7aad5b70 JavaThread "Asynchronous log dispatcher for DefaultDaemonConnection: socket connection from /127.0.0.1:56643 to /127.0.0.1:63098"        [_thread_blocked, id=34488, stack(0x000000ec2eb00000,0x000000ec2ec00000) (1024K)]
  0x000002be7aad47c0 JavaThread "Stdin handler"                     [_thread_blocked, id=34492, stack(0x000000ec2ec00000,0x000000ec2ed00000) (1024K)]
  0x000002be7aad3410 JavaThread "Daemon client event forwarder"        [_thread_blocked, id=34496, stack(0x000000ec2ed00000,0x000000ec2ee00000) (1024K)]
  0x000002be7aad54e0 JavaThread "Cache worker for journal cache (C:\Users\Cesde\.gradle\caches\journal-1)"        [_thread_blocked, id=35680, stack(0x000000ec2ee00000,0x000000ec2ef00000) (1024K)]
  0x000002be7aad6890 JavaThread "File lock request listener"        [_thread_in_native, id=35824, stack(0x000000ec2ef00000,0x000000ec2f000000) (1024K)]
  0x000002be7bea1650 JavaThread "File lock release action executor"        [_thread_blocked, id=35184, stack(0x000000ec2f000000,0x000000ec2f100000) (1024K)]
  0x000002be7bea3090 JavaThread "Cache worker for file hash cache (C:\Users\Cesde\.gradle\caches\9.4.1\fileHashes)"        [_thread_blocked, id=35052, stack(0x000000ec2f100000,0x000000ec2f200000) (1024K)]
  0x000002be7bea2370 JavaThread "Cache worker for file hash cache (C:\Users\Cesde\Documents\Ejercicios-Varios\Perfil\.gradle\9.4.1\fileHashes)"        [_thread_blocked, id=1940, stack(0x000000ec2f500000,0x000000ec2f600000) (1024K)]
  0x000002be7bea3db0 JavaThread "Cache worker for Build Output Cleanup Cache (C:\Users\Cesde\Documents\Ejercicios-Varios\Perfil\.gradle\buildOutputCleanup)"        [_thread_blocked, id=25284, stack(0x000000ec2f600000,0x000000ec2f700000) (1024K)]
  0x000002be7bea4440 JavaThread "File watcher server"        daemon [_thread_in_native, id=34504, stack(0x000000ec2f700000,0x000000ec2f800000) (1024K)]
  0x000002be7bea0fc0 JavaThread "File watcher consumer"      daemon [_thread_blocked, id=35196, stack(0x000000ec2f800000,0x000000ec2f900000) (1024K)]
  0x000002be7df80d30 JavaThread "Cache worker for file content cache (C:\Users\Cesde\.gradle\caches\9.4.1\fileContent)"        [_thread_blocked, id=10704, stack(0x000000ec2f900000,0x000000ec2fa00000) (1024K)]
  0x000002be7df813c0 JavaThread "Cache worker for checksums cache (C:\Users\Cesde\Documents\Ejercicios-Varios\Perfil\.gradle\9.4.1\checksums)"        [_thread_blocked, id=26880, stack(0x000000ec2fa00000,0x000000ec2fb00000) (1024K)]
  0x000002be7df82770 JavaThread "Cache worker for cache directory md-supplier (C:\Users\Cesde\.gradle\caches\9.4.1\md-supplier)"        [_thread_blocked, id=10324, stack(0x000000ec2fb00000,0x000000ec2fc00000) (1024K)]
  0x000002be7df81a50 JavaThread "Cache worker for cache directory md-rule (C:\Users\Cesde\.gradle\caches\9.4.1\md-rule)"        [_thread_blocked, id=3364, stack(0x000000ec2fc00000,0x000000ec2fd00000) (1024K)]
  0x000002be7df80010 JavaThread "jar transforms"                    [_thread_blocked, id=36004, stack(0x000000ec2fd00000,0x000000ec2fe00000) (1024K)]
  0x000002be7df83b20 JavaThread "jar transforms Thread 2"           [_thread_blocked, id=36124, stack(0x000000ec2fe00000,0x000000ec2ff00000) (1024K)]
Total: 35

Other Threads:
  0x000002be34930250 VMThread "VM Thread"                           [id=26032, stack(0x000000ec2d400000,0x000000ec2d500000) (1024K)]
  0x000002be3491e2f0 WatcherThread "VM Periodic Task Thread"        [id=26004, stack(0x000000ec2d300000,0x000000ec2d400000) (1024K)]
  0x000002be1af1dfc0 WorkerThread "GC Thread#0"                     [id=25760, stack(0x000000ec2ce00000,0x000000ec2cf00000) (1024K)]
  0x000002be7a513db0 WorkerThread "GC Thread#1"                     [id=29704, stack(0x000000ec2df00000,0x000000ec2e000000) (1024K)]
  0x000002be7a514160 WorkerThread "GC Thread#2"                     [id=29708, stack(0x000000ec2e000000,0x000000ec2e100000) (1024K)]
  0x000002be7a512eb0 WorkerThread "GC Thread#3"                     [id=29712, stack(0x000000ec2e100000,0x000000ec2e200000) (1024K)]
  0x000002be7a513260 WorkerThread "GC Thread#4"                     [id=29716, stack(0x000000ec2e200000,0x000000ec2e300000) (1024K)]
  0x000002be7a513610 WorkerThread "GC Thread#5"                     [id=29720, stack(0x000000ec2e300000,0x000000ec2e400000) (1024K)]
  0x000002be7a5e55d0 WorkerThread "GC Thread#6"                     [id=28376, stack(0x000000ec2e600000,0x000000ec2e700000) (1024K)]
  0x000002be7a5e5980 WorkerThread "GC Thread#7"                     [id=14436, stack(0x000000ec2f300000,0x000000ec2f400000) (1024K)]
  0x000002be1d1c9610 ConcurrentGCThread "G1 Main Marker"            [id=25832, stack(0x000000ec2cf00000,0x000000ec2d000000) (1024K)]
  0x000002be1d1cadb0 WorkerThread "G1 Conc#0"                       [id=25836, stack(0x000000ec2d000000,0x000000ec2d100000) (1024K)]
  0x000002be7a5e5d30 WorkerThread "G1 Conc#1"                       [id=25616, stack(0x000000ec2f400000,0x000000ec2f500000) (1024K)]
  0x000002be347f0e90 ConcurrentGCThread "G1 Refine#0"               [id=26008, stack(0x000000ec2d100000,0x000000ec2d200000) (1024K)]
  0x000002be347f16c0 ConcurrentGCThread "G1 Service"                [id=25520, stack(0x000000ec2d200000,0x000000ec2d300000) (1024K)]
Total: 15

Threads with active compile tasks:
C2 CompilerThread0  415337 5412   !   4       sun.reflect.annotation.AnnotationParser::parseAnnotations (37 bytes)
Total: 1

VM state: not at safepoint (normal execution)

VM Mutex/Monitor currently owned by a thread: None

Heap address: 0x0000000080000000, size: 2048 MB, Compressed Oops mode: 32-bit

CDS archive(s) mapped at: [0x000002be35000000-0x000002be35ba0000-0x000002be35ba0000), size 12189696, SharedBaseAddress: 0x000002be35000000, ArchiveRelocationMode: 1.
Compressed class space mapped at: 0x000002be36000000-0x000002be76000000, reserved size: 1073741824
Narrow klass base: 0x000002be35000000, Narrow klass shift: 0, Narrow klass range: 0x100000000

GC Precious Log:
 CardTable entry size: 512
 Card Set container configuration: InlinePtr #cards 5 size 8 Array Of Cards #cards 12 size 40 Howl #buckets 4 coarsen threshold 1843 Howl Bitmap #cards 512 size 80 coarsen threshold 460 Card regions per heap region 1 cards per card region 2048
 CPUs: 8 total, 8 available
 Memory: 16082M
 Large Page Support: Disabled
 NUMA Support: Disabled
 Compressed Oops: Enabled (32-bit)
 Heap Region Size: 1M
 Heap Min Capacity: 8M
 Heap Initial Capacity: 252M
 Heap Max Capacity: 2G
 Pre-touch: Disabled
 Parallel Workers: 8
 Concurrent Workers: 2
 Concurrent Refinement Workers: 8
 Periodic GC: Disabled

Heap:
 garbage-first heap   total 89088K, used 42070K [0x0000000080000000, 0x0000000100000000)
  region size 1024K, 12 young (12288K), 5 survivors (5120K)
 Metaspace       used 45743K, committed 47488K, reserved 1114112K
  class space    used 6703K, committed 7552K, reserved 1048576K

Heap Regions: E=young(eden), S=young(survivor), O=old, HS=humongous(starts), HC=humongous(continues), CS=collection set, F=free, TAMS=top-at-mark-start, PB=parsable bottom
|   0|0x0000000080000000, 0x0000000080100000, 0x0000000080100000|100%|HS|  |TAMS 0x0000000080000000| PB 0x0000000080000000| Complete 
|   1|0x0000000080100000, 0x0000000080200000, 0x0000000080200000|100%|HC|  |TAMS 0x0000000080100000| PB 0x0000000080100000| Complete 
|   2|0x0000000080200000, 0x0000000080300000, 0x0000000080300000|100%|HC|  |TAMS 0x0000000080200000| PB 0x0000000080200000| Complete 
|   3|0x0000000080300000, 0x0000000080400000, 0x0000000080400000|100%|HC|  |TAMS 0x0000000080300000| PB 0x0000000080300000| Complete 
|   4|0x0000000080400000, 0x0000000080500000, 0x0000000080500000|100%| O|  |TAMS 0x0000000080400000| PB 0x0000000080400000| Untracked 
|   5|0x0000000080500000, 0x0000000080600000, 0x0000000080600000|100%| O|  |TAMS 0x0000000080500000| PB 0x0000000080500000| Untracked 
|   6|0x0000000080600000, 0x0000000080700000, 0x0000000080700000|100%| O|  |TAMS 0x0000000080600000| PB 0x0000000080600000| Untracked 
|   7|0x0000000080700000, 0x0000000080800000, 0x0000000080800000|100%| O|  |TAMS 0x0000000080700000| PB 0x0000000080700000| Untracked 
|   8|0x0000000080800000, 0x0000000080900000, 0x0000000080900000|100%|HS|  |TAMS 0x0000000080800000| PB 0x0000000080800000| Complete 
|   9|0x0000000080900000, 0x0000000080a00000, 0x0000000080a00000|100%| O|  |TAMS 0x0000000080900000| PB 0x0000000080900000| Untracked 
|  10|0x0000000080a00000, 0x0000000080b00000, 0x0000000080b00000|100%| O|  |TAMS 0x0000000080a00000| PB 0x0000000080a00000| Untracked 
|  11|0x0000000080b00000, 0x0000000080c00000, 0x0000000080c00000|100%| O|  |TAMS 0x0000000080b00000| PB 0x0000000080b00000| Untracked 
|  12|0x0000000080c00000, 0x0000000080d00000, 0x0000000080d00000|100%| O|  |TAMS 0x0000000080c00000| PB 0x0000000080c00000| Untracked 
|  13|0x0000000080d00000, 0x0000000080e00000, 0x0000000080e00000|100%| O|  |TAMS 0x0000000080d00000| PB 0x0000000080d00000| Untracked 
|  14|0x0000000080e00000, 0x0000000080f00000, 0x0000000080f00000|100%| O|  |TAMS 0x0000000080e00000| PB 0x0000000080e00000| Untracked 
|  15|0x0000000080f00000, 0x0000000081000000, 0x0000000081000000|100%| O|  |TAMS 0x0000000080f00000| PB 0x0000000080f00000| Untracked 
|  16|0x0000000081000000, 0x0000000081100000, 0x0000000081100000|100%| O|  |TAMS 0x0000000081000000| PB 0x0000000081000000| Untracked 
|  17|0x0000000081100000, 0x0000000081200000, 0x0000000081200000|100%| O|  |TAMS 0x0000000081100000| PB 0x0000000081100000| Untracked 
|  18|0x0000000081200000, 0x0000000081300000, 0x0000000081300000|100%| O|  |TAMS 0x0000000081200000| PB 0x0000000081200000| Untracked 
|  19|0x0000000081300000, 0x0000000081400000, 0x0000000081400000|100%| O|  |TAMS 0x0000000081300000| PB 0x0000000081300000| Untracked 
|  20|0x0000000081400000, 0x0000000081500000, 0x0000000081500000|100%| O|  |TAMS 0x0000000081400000| PB 0x0000000081400000| Untracked 
|  21|0x0000000081500000, 0x0000000081600000, 0x0000000081600000|100%| O|  |TAMS 0x0000000081500000| PB 0x0000000081500000| Untracked 
|  22|0x0000000081600000, 0x0000000081700000, 0x0000000081700000|100%| O|  |TAMS 0x0000000081600000| PB 0x0000000081600000| Untracked 
|  23|0x0000000081700000, 0x0000000081800000, 0x0000000081800000|100%| O|  |TAMS 0x0000000081700000| PB 0x0000000081700000| Untracked 
|  24|0x0000000081800000, 0x0000000081900000, 0x0000000081900000|100%| O|  |TAMS 0x0000000081800000| PB 0x0000000081800000| Untracked 
|  25|0x0000000081900000, 0x0000000081900000, 0x0000000081a00000|  0%| F|  |TAMS 0x0000000081900000| PB 0x0000000081900000| Untracked 
|  26|0x0000000081a00000, 0x0000000081b00000, 0x0000000081b00000|100%| O|  |TAMS 0x0000000081a00000| PB 0x0000000081a00000| Untracked 
|  27|0x0000000081b00000, 0x0000000081c00000, 0x0000000081c00000|100%| O|  |TAMS 0x0000000081b00000| PB 0x0000000081b00000| Untracked 
|  28|0x0000000081c00000, 0x0000000081d00000, 0x0000000081d00000|100%| O|  |TAMS 0x0000000081c00000| PB 0x0000000081c00000| Untracked 
|  29|0x0000000081d00000, 0x0000000081e00000, 0x0000000081e00000|100%| O|  |TAMS 0x0000000081d00000| PB 0x0000000081d00000| Untracked 
|  30|0x0000000081e00000, 0x0000000081f00000, 0x0000000081f00000|100%| O|  |TAMS 0x0000000081e00000| PB 0x0000000081e00000| Untracked 
|  31|0x0000000081f00000, 0x0000000081f36290, 0x0000000082000000| 21%| O|  |TAMS 0x0000000081f00000| PB 0x0000000081f00000| Untracked 
|  32|0x0000000082000000, 0x0000000082000000, 0x0000000082100000|  0%| F|  |TAMS 0x0000000082000000| PB 0x0000000082000000| Untracked 
|  33|0x0000000082100000, 0x0000000082100000, 0x0000000082200000|  0%| F|  |TAMS 0x0000000082100000| PB 0x0000000082100000| Untracked 
|  34|0x0000000082200000, 0x0000000082200000, 0x0000000082300000|  0%| F|  |TAMS 0x0000000082200000| PB 0x0000000082200000| Untracked 
|  35|0x0000000082300000, 0x0000000082300000, 0x0000000082400000|  0%| F|  |TAMS 0x0000000082300000| PB 0x0000000082300000| Untracked 
|  36|0x0000000082400000, 0x0000000082400000, 0x0000000082500000|  0%| F|  |TAMS 0x0000000082400000| PB 0x0000000082400000| Untracked 
|  37|0x0000000082500000, 0x0000000082500000, 0x0000000082600000|  0%| F|  |TAMS 0x0000000082500000| PB 0x0000000082500000| Untracked 
|  38|0x0000000082600000, 0x0000000082600000, 0x0000000082700000|  0%| F|  |TAMS 0x0000000082600000| PB 0x0000000082600000| Untracked 
|  39|0x0000000082700000, 0x0000000082700000, 0x0000000082800000|  0%| F|  |TAMS 0x0000000082700000| PB 0x0000000082700000| Untracked 
|  40|0x0000000082800000, 0x0000000082800000, 0x0000000082900000|  0%| F|  |TAMS 0x0000000082800000| PB 0x0000000082800000| Untracked 
|  41|0x0000000082900000, 0x0000000082900000, 0x0000000082a00000|  0%| F|  |TAMS 0x0000000082900000| PB 0x0000000082900000| Untracked 
|  42|0x0000000082a00000, 0x0000000082adf5c0, 0x0000000082b00000| 87%| S|CS|TAMS 0x0000000082a00000| PB 0x0000000082a00000| Complete 
|  43|0x0000000082b00000, 0x0000000082c00000, 0x0000000082c00000|100%| S|CS|TAMS 0x0000000082b00000| PB 0x0000000082b00000| Complete 
|  44|0x0000000082c00000, 0x0000000082d00000, 0x0000000082d00000|100%| S|CS|TAMS 0x0000000082c00000| PB 0x0000000082c00000| Complete 
|  45|0x0000000082d00000, 0x0000000082e00000, 0x0000000082e00000|100%| S|CS|TAMS 0x0000000082d00000| PB 0x0000000082d00000| Complete 
|  46|0x0000000082e00000, 0x0000000082f00000, 0x0000000082f00000|100%| S|CS|TAMS 0x0000000082e00000| PB 0x0000000082e00000| Complete 
|  47|0x0000000082f00000, 0x0000000082f00000, 0x0000000083000000|  0%| F|  |TAMS 0x0000000082f00000| PB 0x0000000082f00000| Untracked 
|  48|0x0000000083000000, 0x0000000083000000, 0x0000000083100000|  0%| F|  |TAMS 0x0000000083000000| PB 0x0000000083000000| Untracked 
|  49|0x0000000083100000, 0x0000000083100000, 0x0000000083200000|  0%| F|  |TAMS 0x0000000083100000| PB 0x0000000083100000| Untracked 
|  50|0x0000000083200000, 0x0000000083200000, 0x0000000083300000|  0%| F|  |TAMS 0x0000000083200000| PB 0x0000000083200000| Untracked 
|  51|0x0000000083300000, 0x0000000083300000, 0x0000000083400000|  0%| F|  |TAMS 0x0000000083300000| PB 0x0000000083300000| Untracked 
|  52|0x0000000083400000, 0x0000000083400000, 0x0000000083500000|  0%| F|  |TAMS 0x0000000083400000| PB 0x0000000083400000| Untracked 
|  53|0x0000000083500000, 0x0000000083500000, 0x0000000083600000|  0%| F|  |TAMS 0x0000000083500000| PB 0x0000000083500000| Untracked 
|  54|0x0000000083600000, 0x0000000083600000, 0x0000000083700000|  0%| F|  |TAMS 0x0000000083600000| PB 0x0000000083600000| Untracked 
|  55|0x0000000083700000, 0x0000000083700000, 0x0000000083800000|  0%| F|  |TAMS 0x0000000083700000| PB 0x0000000083700000| Untracked 
|  56|0x0000000083800000, 0x0000000083800000, 0x0000000083900000|  0%| F|  |TAMS 0x0000000083800000| PB 0x0000000083800000| Untracked 
|  57|0x0000000083900000, 0x0000000083900000, 0x0000000083a00000|  0%| F|  |TAMS 0x0000000083900000| PB 0x0000000083900000| Untracked 
|  58|0x0000000083a00000, 0x0000000083a00000, 0x0000000083b00000|  0%| F|  |TAMS 0x0000000083a00000| PB 0x0000000083a00000| Untracked 
|  59|0x0000000083b00000, 0x0000000083b00000, 0x0000000083c00000|  0%| F|  |TAMS 0x0000000083b00000| PB 0x0000000083b00000| Untracked 
|  60|0x0000000083c00000, 0x0000000083c00000, 0x0000000083d00000|  0%| F|  |TAMS 0x0000000083c00000| PB 0x0000000083c00000| Untracked 
|  61|0x0000000083d00000, 0x0000000083d00000, 0x0000000083e00000|  0%| F|  |TAMS 0x0000000083d00000| PB 0x0000000083d00000| Untracked 
|  62|0x0000000083e00000, 0x0000000083e00000, 0x0000000083f00000|  0%| F|  |TAMS 0x0000000083e00000| PB 0x0000000083e00000| Untracked 
|  63|0x0000000083f00000, 0x0000000083f00000, 0x0000000084000000|  0%| F|  |TAMS 0x0000000083f00000| PB 0x0000000083f00000| Untracked 
|  64|0x0000000084000000, 0x0000000084000000, 0x0000000084100000|  0%| F|  |TAMS 0x0000000084000000| PB 0x0000000084000000| Untracked 
|  65|0x0000000084100000, 0x0000000084100000, 0x0000000084200000|  0%| F|  |TAMS 0x0000000084100000| PB 0x0000000084100000| Untracked 
|  66|0x0000000084200000, 0x0000000084200000, 0x0000000084300000|  0%| F|  |TAMS 0x0000000084200000| PB 0x0000000084200000| Untracked 
|  67|0x0000000084300000, 0x0000000084300000, 0x0000000084400000|  0%| F|  |TAMS 0x0000000084300000| PB 0x0000000084300000| Untracked 
|  68|0x0000000084400000, 0x0000000084400000, 0x0000000084500000|  0%| F|  |TAMS 0x0000000084400000| PB 0x0000000084400000| Untracked 
|  69|0x0000000084500000, 0x0000000084500000, 0x0000000084600000|  0%| F|  |TAMS 0x0000000084500000| PB 0x0000000084500000| Untracked 
|  70|0x0000000084600000, 0x0000000084600000, 0x0000000084700000|  0%| F|  |TAMS 0x0000000084600000| PB 0x0000000084600000| Untracked 
| 126|0x0000000087e00000, 0x0000000087e00000, 0x0000000087f00000|  0%| F|  |TAMS 0x0000000087e00000| PB 0x0000000087e00000| Untracked 
| 127|0x0000000087f00000, 0x0000000087f00000, 0x0000000088000000|  0%| F|  |TAMS 0x0000000087f00000| PB 0x0000000087f00000| Untracked 
| 128|0x0000000088000000, 0x0000000088000000, 0x0000000088100000|  0%| F|  |TAMS 0x0000000088000000| PB 0x0000000088000000| Untracked 
| 129|0x0000000088100000, 0x0000000088100000, 0x0000000088200000|  0%| F|  |TAMS 0x0000000088100000| PB 0x0000000088100000| Untracked 
| 130|0x0000000088200000, 0x0000000088200000, 0x0000000088300000|  0%| F|  |TAMS 0x0000000088200000| PB 0x0000000088200000| Untracked 
| 131|0x0000000088300000, 0x0000000088300000, 0x0000000088400000|  0%| F|  |TAMS 0x0000000088300000| PB 0x0000000088300000| Untracked 
| 132|0x0000000088400000, 0x0000000088400000, 0x0000000088500000|  0%| F|  |TAMS 0x0000000088400000| PB 0x0000000088400000| Untracked 
| 133|0x0000000088500000, 0x0000000088500000, 0x0000000088600000|  0%| F|  |TAMS 0x0000000088500000| PB 0x0000000088500000| Untracked 
| 134|0x0000000088600000, 0x0000000088600000, 0x0000000088700000|  0%| F|  |TAMS 0x0000000088600000| PB 0x0000000088600000| Untracked 
| 135|0x0000000088700000, 0x0000000088800000, 0x0000000088800000|100%| E|  |TAMS 0x0000000088700000| PB 0x0000000088700000| Complete 
| 136|0x0000000088800000, 0x0000000088900000, 0x0000000088900000|100%| E|CS|TAMS 0x0000000088800000| PB 0x0000000088800000| Complete 
| 137|0x0000000088900000, 0x0000000088a00000, 0x0000000088a00000|100%| E|CS|TAMS 0x0000000088900000| PB 0x0000000088900000| Complete 
| 248|0x000000008f800000, 0x000000008f900000, 0x000000008f900000|100%| E|CS|TAMS 0x000000008f800000| PB 0x000000008f800000| Complete 
| 249|0x000000008f900000, 0x000000008fa00000, 0x000000008fa00000|100%| E|CS|TAMS 0x000000008f900000| PB 0x000000008f900000| Complete 
| 250|0x000000008fa00000, 0x000000008fb00000, 0x000000008fb00000|100%| E|CS|TAMS 0x000000008fa00000| PB 0x000000008fa00000| Complete 
| 251|0x000000008fb00000, 0x000000008fc00000, 0x000000008fc00000|100%| E|CS|TAMS 0x000000008fb00000| PB 0x000000008fb00000| Complete 

Card table byte_map: [0x000002be2faa0000,0x000002be2fea0000] _byte_map_base: 0x000002be2f6a0000

Marking Bits: (CMBitMap*) 0x000002be1af1e5e0
 Bits: [0x000002be2fea0000, 0x000002be31ea0000)

Polling page: 0x000002be1ae00000

Metaspace:

Usage:
  Non-class:     38.13 MB used.
      Class:      6.55 MB used.
       Both:     44.67 MB used.

Virtual space:
  Non-class space:       64.00 MB reserved,      39.00 MB ( 61%) committed,  1 nodes.
      Class space:        1.00 GB reserved,       7.38 MB ( <1%) committed,  1 nodes.
             Both:        1.06 GB reserved,      46.38 MB (  4%) committed. 

Chunk freelists:
   Non-Class:  8.22 MB
       Class:  8.58 MB
        Both:  16.80 MB

MaxMetaspaceSize: unlimited
CompressedClassSpaceSize: 1.00 GB
Initial GC threshold: 21.00 MB
Current GC threshold: 61.50 MB
CDS: on
 - commit_granule_bytes: 65536.
 - commit_granule_words: 8192.
 - virtual_space_node_default_size: 8388608.
 - enlarge_chunks_in_place: 1.
 - use_allocation_guard: 0.


Internal statistics:

num_allocs_failed_limit: 15.
num_arena_births: 3086.
num_arena_deaths: 0.
num_vsnodes_births: 2.
num_vsnodes_deaths: 0.
num_space_committed: 742.
num_space_uncommitted: 0.
num_chunks_returned_to_freelist: 15.
num_chunks_taken_from_freelist: 5318.
num_chunk_merges: 12.
num_chunk_splits: 3457.
num_chunks_enlarged: 2121.
num_inconsistent_stats: 0.

CodeHeap 'non-profiled nmethods': size=120000Kb used=2870Kb max_used=2870Kb free=117129Kb
 bounds [0x000002be27e30000, 0x000002be28100000, 0x000002be2f360000]
CodeHeap 'profiled nmethods': size=120000Kb used=9285Kb max_used=9285Kb free=110714Kb
 bounds [0x000002be20360000, 0x000002be20c80000, 0x000002be27890000]
CodeHeap 'non-nmethods': size=5760Kb used=2072Kb max_used=2087Kb free=3687Kb
 bounds [0x000002be27890000, 0x000002be27b00000, 0x000002be27e30000]
CodeCache: size=245760Kb, used=14227Kb, max_used=14242Kb, free=231530Kb
 total_blobs=5638, nmethods=4878, adapters=664, full_count=0
Compilation: enabled, stopped_count=0, restarted_count=0

Compilation events (20 events):
Event: 414.159 Thread 0x000002be349618a0 5403       1       org.gradle.internal.instantiation.generator.AbstractClassGenerator$GeneratedClassImpl::getOuterType (5 bytes)
Event: 414.159 Thread 0x000002be349618a0 nmethod 5403 0x000002be280fb790 code [0x000002be280fb920, 0x000002be280fb9e8]
Event: 414.160 Thread 0x000002be3495e290 nmethod 5402 0x000002be280fba90 code [0x000002be280fbc80, 0x000002be280fbfe8]
Event: 414.171 Thread 0x000002be349618a0 5404       3       org.gradle.api.attributes.Attribute::equals (57 bytes)
Event: 414.171 Thread 0x000002be349618a0 nmethod 5404 0x000002be20c6ed10 code [0x000002be20c6ef00, 0x000002be20c6f440]
Event: 414.171 Thread 0x000002be349618a0 5405       1       org.gradle.api.internal.attributes.DefaultImmutableAttributesContainer::getHead (5 bytes)
Event: 414.171 Thread 0x000002be349618a0 nmethod 5405 0x000002be280fc390 code [0x000002be280fc520, 0x000002be280fc5e8]
Event: 414.699 Thread 0x000002be349618a0 5406       1       org.gradle.api.internal.provider.ValueSupplier$Present::isMissing (2 bytes)
Event: 414.699 Thread 0x000002be349618a0 nmethod 5406 0x000002be280fc690 code [0x000002be280fc820, 0x000002be280fc8e8]
Event: 414.699 Thread 0x000002be349618a0 5407       3       com.google.common.collect.RegularImmutableMap::size (6 bytes)
Event: 414.699 Thread 0x000002be349618a0 nmethod 5407 0x000002be20c6f590 code [0x000002be20c6f720, 0x000002be20c6f838]
Event: 414.699 Thread 0x000002be349618a0 5408       3       com.google.common.collect.ImmutableMap$Builder::<init> (23 bytes)
Event: 414.699 Thread 0x000002be349618a0 nmethod 5408 0x000002be20c6f910 code [0x000002be20c6fac0, 0x000002be20c6fd30]
Event: 414.718 Thread 0x000002be3495e290 5409       4       java.util.HashSet::iterator (13 bytes)
Event: 414.726 Thread 0x000002be349618a0 5410       3       com.google.common.reflect.TypeResolver::resolveType (74 bytes)
Event: 414.727 Thread 0x000002be349618a0 nmethod 5410 0x000002be20c6fe10 code [0x000002be20c700c0, 0x000002be20c70ee0]
Event: 414.732 Thread 0x000002be3495e290 nmethod 5409 0x000002be280fcc90 code [0x000002be280fce80, 0x000002be280fd518]
Event: 414.734 Thread 0x000002be3495e290 5412   !   4       sun.reflect.annotation.AnnotationParser::parseAnnotations (37 bytes)
Event: 414.742 Thread 0x000002be349618a0 5414       3       org.gradle.internal.instantiation.generator.AsmBackedClassGenerator$ClassBuilderImpl::access$5800 (4 bytes)
Event: 414.742 Thread 0x000002be349618a0 nmethod 5414 0x000002be20c71190 code [0x000002be20c71320, 0x000002be20c71418]

GC Heap History (16 events):
Event: 56.866 GC heap before
{Heap before GC invocations=0 (full 0):
 garbage-first heap   total 258048K, used 27648K [0x0000000080000000, 0x0000000100000000)
  region size 1024K, 23 young (23552K), 0 survivors (0K)
 Metaspace       used 3061K, committed 3200K, reserved 1114112K
  class space    used 375K, committed 448K, reserved 1048576K
}
Event: 62.824 GC heap after
{Heap after GC invocations=1 (full 0):
 garbage-first heap   total 258048K, used 10751K [0x0000000080000000, 0x0000000100000000)
  region size 1024K, 3 young (3072K), 3 survivors (3072K)
 Metaspace       used 3061K, committed 3200K, reserved 1114112K
  class space    used 375K, committed 448K, reserved 1048576K
}
Event: 83.836 GC heap before
{Heap before GC invocations=1 (full 0):
 garbage-first heap   total 258048K, used 40447K [0x0000000080000000, 0x0000000100000000)
  region size 1024K, 31 young (31744K), 3 survivors (3072K)
 Metaspace       used 4609K, committed 4800K, reserved 1114112K
  class space    used 593K, committed 704K, reserved 1048576K
}
Event: 83.842 GC heap after
{Heap after GC invocations=2 (full 0):
 garbage-first heap   total 258048K, used 16171K [0x0000000080000000, 0x0000000100000000)
  region size 1024K, 4 young (4096K), 4 survivors (4096K)
 Metaspace       used 4609K, committed 4800K, reserved 1114112K
  class space    used 593K, committed 704K, reserved 1048576K
}
Event: 315.059 GC heap before
{Heap before GC invocations=2 (full 0):
 garbage-first heap   total 258048K, used 127787K [0x0000000080000000, 0x0000000100000000)
  region size 1024K, 114 young (116736K), 4 survivors (4096K)
 Metaspace       used 20844K, committed 21504K, reserved 1114112K
  class space    used 2926K, committed 3264K, reserved 1048576K
}
Event: 316.343 GC heap after
{Heap after GC invocations=3 (full 0):
 garbage-first heap   total 258048K, used 24289K [0x0000000080000000, 0x0000000100000000)
  region size 1024K, 12 young (12288K), 12 survivors (12288K)
 Metaspace       used 20844K, committed 21504K, reserved 1114112K
  class space    used 2926K, committed 3264K, reserved 1048576K
}
Event: 329.423 GC heap before
{Heap before GC invocations=4 (full 0):
 garbage-first heap   total 89088K, used 66273K [0x0000000080000000, 0x0000000100000000)
  region size 1024K, 52 young (53248K), 12 survivors (12288K)
 Metaspace       used 26655K, committed 27584K, reserved 1114112K
  class space    used 3767K, committed 4224K, reserved 1048576K
}
Event: 329.435 GC heap after
{Heap after GC invocations=5 (full 0):
 garbage-first heap   total 89088K, used 27476K [0x0000000080000000, 0x0000000100000000)
  region size 1024K, 4 young (4096K), 4 survivors (4096K)
 Metaspace       used 26655K, committed 27584K, reserved 1114112K
  class space    used 3767K, committed 4224K, reserved 1048576K
}
Event: 344.274 GC heap before
{Heap before GC invocations=5 (full 0):
 garbage-first heap   total 89088K, used 71508K [0x0000000080000000, 0x0000000100000000)
  region size 1024K, 47 young (48128K), 4 survivors (4096K)
 Metaspace       used 32084K, committed 33408K, reserved 1114112K
  class space    used 4676K, committed 5312K, reserved 1048576K
}
Event: 344.285 GC heap after
{Heap after GC invocations=6 (full 0):
 garbage-first heap   total 89088K, used 29771K [0x0000000080000000, 0x0000000100000000)
  region size 1024K, 5 young (5120K), 5 survivors (5120K)
 Metaspace       used 32084K, committed 33408K, reserved 1114112K
  class space    used 4676K, committed 5312K, reserved 1048576K
}
Event: 354.279 GC heap before
{Heap before GC invocations=6 (full 0):
 garbage-first heap   total 89088K, used 54347K [0x0000000080000000, 0x0000000100000000)
  region size 1024K, 31 young (31744K), 5 survivors (5120K)
 Metaspace       used 36332K, committed 37696K, reserved 1114112K
  class space    used 5230K, committed 5952K, reserved 1048576K
}
Event: 354.286 GC heap after
{Heap after GC invocations=7 (full 0):
 garbage-first heap   total 89088K, used 31984K [0x0000000080000000, 0x0000000100000000)
  region size 1024K, 5 young (5120K), 5 survivors (5120K)
 Metaspace       used 36332K, committed 37696K, reserved 1114112K
  class space    used 5230K, committed 5952K, reserved 1048576K
}
Event: 378.381 GC heap before
{Heap before GC invocations=8 (full 0):
 garbage-first heap   total 89088K, used 76016K [0x0000000080000000, 0x0000000100000000)
  region size 1024K, 48 young (49152K), 5 survivors (5120K)
 Metaspace       used 40276K, committed 41856K, reserved 1114112K
  class space    used 5809K, committed 6592K, reserved 1048576K
}
Event: 378.398 GC heap after
{Heap after GC invocations=9 (full 0):
 garbage-first heap   total 89088K, used 35038K [0x0000000080000000, 0x0000000100000000)
  region size 1024K, 6 young (6144K), 6 survivors (6144K)
 Metaspace       used 40276K, committed 41856K, reserved 1114112K
  class space    used 5809K, committed 6592K, reserved 1048576K
}
Event: 410.168 GC heap before
{Heap before GC invocations=9 (full 0):
 garbage-first heap   total 89088K, used 75998K [0x0000000080000000, 0x0000000100000000)
  region size 1024K, 46 young (47104K), 6 survivors (6144K)
 Metaspace       used 44932K, committed 46720K, reserved 1114112K
  class space    used 6563K, committed 7424K, reserved 1048576K
}
Event: 410.178 GC heap after
{Heap after GC invocations=10 (full 0):
 garbage-first heap   total 89088K, used 35926K [0x0000000080000000, 0x0000000100000000)
  region size 1024K, 5 young (5120K), 5 survivors (5120K)
 Metaspace       used 44932K, committed 46720K, reserved 1114112K
  class space    used 6563K, committed 7424K, reserved 1048576K
}

Dll operation events (20 events):
Event: 5.733 Attempting to load shared library C:\Users\Cesde\.cursor\extensions\redhat.java-1.56.0-win32-x64\jre\21.0.12.1-win32-x86_64\bin\nio.dll
Event: 5.734 Loaded shared library C:\Users\Cesde\.cursor\extensions\redhat.java-1.56.0-win32-x64\jre\21.0.12.1-win32-x86_64\bin\nio.dll
Event: 5.741 Attempting to load shared library C:\Users\Cesde\.cursor\extensions\redhat.java-1.56.0-win32-x64\jre\21.0.12.1-win32-x86_64\bin\zip.dll
Event: 5.741 Loaded shared library C:\Users\Cesde\.cursor\extensions\redhat.java-1.56.0-win32-x64\jre\21.0.12.1-win32-x86_64\bin\zip.dll
Event: 19.295 Attempting to load shared library C:\Users\Cesde\.cursor\extensions\redhat.java-1.56.0-win32-x64\jre\21.0.12.1-win32-x86_64\bin\jimage.dll
Event: 19.295 Loaded shared library C:\Users\Cesde\.cursor\extensions\redhat.java-1.56.0-win32-x64\jre\21.0.12.1-win32-x86_64\bin\jimage.dll
Event: 46.430 Attempting to load shared library C:\Users\Cesde\.cursor\extensions\redhat.java-1.56.0-win32-x64\jre\21.0.12.1-win32-x86_64\bin\verify.dll
Event: 46.431 Loaded shared library C:\Users\Cesde\.cursor\extensions\redhat.java-1.56.0-win32-x64\jre\21.0.12.1-win32-x86_64\bin\verify.dll
Event: 48.553 Attempting to load shared library C:\Users\Cesde\.gradle\native\660c5614fbf4a5f2a75b1949f50a0caf5cd603558e7d8a26e50b933a0cfb79d1\windows-amd64\native-platform.dll
Event: 48.554 Loaded shared library C:\Users\Cesde\.gradle\native\660c5614fbf4a5f2a75b1949f50a0caf5cd603558e7d8a26e50b933a0cfb79d1\windows-amd64\native-platform.dll
Event: 49.221 Attempting to load shared library C:\Users\Cesde\.gradle\native\0.2.8\x86_64-windows-gnu\gradle-fileevents.dll
Event: 49.377 Loaded shared library C:\Users\Cesde\.gradle\native\0.2.8\x86_64-windows-gnu\gradle-fileevents.dll
Event: 97.228 Attempting to load shared library C:\Users\Cesde\.cursor\extensions\redhat.java-1.56.0-win32-x64\jre\21.0.12.1-win32-x86_64\bin\management.dll
Event: 97.229 Loaded shared library C:\Users\Cesde\.cursor\extensions\redhat.java-1.56.0-win32-x64\jre\21.0.12.1-win32-x86_64\bin\management.dll
Event: 97.232 Attempting to load shared library C:\Users\Cesde\.cursor\extensions\redhat.java-1.56.0-win32-x64\jre\21.0.12.1-win32-x86_64\bin\management_ext.dll
Event: 97.235 Loaded shared library C:\Users\Cesde\.cursor\extensions\redhat.java-1.56.0-win32-x64\jre\21.0.12.1-win32-x86_64\bin\management_ext.dll
Event: 108.721 Attempting to load shared library C:\Users\Cesde\.cursor\extensions\redhat.java-1.56.0-win32-x64\jre\21.0.12.1-win32-x86_64\bin\extnet.dll
Event: 108.722 Loaded shared library C:\Users\Cesde\.cursor\extensions\redhat.java-1.56.0-win32-x64\jre\21.0.12.1-win32-x86_64\bin\extnet.dll
Event: 242.747 Attempting to load shared library C:\Users\Cesde\.cursor\extensions\redhat.java-1.56.0-win32-x64\jre\21.0.12.1-win32-x86_64\bin\sunmscapi.dll
Event: 242.751 Loaded shared library C:\Users\Cesde\.cursor\extensions\redhat.java-1.56.0-win32-x64\jre\21.0.12.1-win32-x86_64\bin\sunmscapi.dll

Deoptimization events (20 events):
Event: 388.387 Thread 0x000002be7aad3aa0 Uncommon trap: trap_request=0xffffff45 fr.pc=0x000002be27ec112c relative=0x000000000000016c
Event: 388.387 Thread 0x000002be7aad3aa0 Uncommon trap: reason=unstable_if action=reinterpret pc=0x000002be27ec112c method=java.net.URI.match(CJJ)Z @ 45 c2
Event: 388.387 Thread 0x000002be7aad3aa0 DEOPT PACKING pc=0x000002be27ec112c sp=0x000000ec2eaf7ff0
Event: 388.387 Thread 0x000002be7aad3aa0 DEOPT UNPACKING pc=0x000002be278e7ba2 sp=0x000000ec2eaf7f18 mode 2
Event: 388.389 Thread 0x000002be7aad3aa0 Uncommon trap: trap_request=0xffffff45 fr.pc=0x000002be27e5b3f8 relative=0x0000000000000058
Event: 388.389 Thread 0x000002be7aad3aa0 Uncommon trap: reason=unstable_if action=reinterpret pc=0x000002be27e5b3f8 method=java.net.URI.match(CJJ)Z @ 19 c2
Event: 388.389 Thread 0x000002be7aad3aa0 DEOPT PACKING pc=0x000002be27e5b3f8 sp=0x000000ec2eaf8000
Event: 388.389 Thread 0x000002be7aad3aa0 DEOPT UNPACKING pc=0x000002be278e7ba2 sp=0x000000ec2eaf7f90 mode 2
Event: 410.256 Thread 0x000002be7aad3aa0 Uncommon trap: trap_request=0xffffffd6 fr.pc=0x000002be27f323ec relative=0x00000000000003ac
Event: 410.256 Thread 0x000002be7aad3aa0 Uncommon trap: reason=array_check action=maybe_recompile pc=0x000002be27f323ec method=java.util.LinkedHashMap.keysToArray([Ljava/lang/Object;Z)[Ljava/lang/Object; @ 67 c2
Event: 410.256 Thread 0x000002be7aad3aa0 DEOPT PACKING pc=0x000002be27f323ec sp=0x000000ec2eaf7990
Event: 410.256 Thread 0x000002be7aad3aa0 DEOPT UNPACKING pc=0x000002be278e7ba2 sp=0x000000ec2eaf7930 mode 2
Event: 410.904 Thread 0x000002be7aad3aa0 Uncommon trap: trap_request=0xffffffde fr.pc=0x000002be27ffcd10 relative=0x00000000000002d0
Event: 410.904 Thread 0x000002be7aad3aa0 Uncommon trap: reason=class_check action=maybe_recompile pc=0x000002be27ffcd10 method=java.util.Collections$SetFromMap.remove(Ljava/lang/Object;)Z @ 5 c2
Event: 410.904 Thread 0x000002be7aad3aa0 DEOPT PACKING pc=0x000002be27ffcd10 sp=0x000000ec2eaf8990
Event: 410.904 Thread 0x000002be7aad3aa0 DEOPT UNPACKING pc=0x000002be278e7ba2 sp=0x000000ec2eaf8978 mode 2
Event: 414.148 Thread 0x000002be7aad3aa0 Uncommon trap: trap_request=0xffffffde fr.pc=0x000002be27ffcd10 relative=0x00000000000002d0
Event: 414.148 Thread 0x000002be7aad3aa0 Uncommon trap: reason=class_check action=maybe_recompile pc=0x000002be27ffcd10 method=java.util.Collections$SetFromMap.remove(Ljava/lang/Object;)Z @ 5 c2
Event: 414.148 Thread 0x000002be7aad3aa0 DEOPT PACKING pc=0x000002be27ffcd10 sp=0x000000ec2eaf8b10
Event: 414.148 Thread 0x000002be7aad3aa0 DEOPT UNPACKING pc=0x000002be278e7ba2 sp=0x000000ec2eaf8af8 mode 2

Classes loaded (20 events):
Event: 391.292 Loading class javax/net/ssl/HostnameVerifier
Event: 391.292 Loading class javax/net/ssl/HostnameVerifier done
Event: 391.359 Loading class javax/net/ssl/TrustManager
Event: 391.359 Loading class javax/net/ssl/TrustManager done
Event: 391.359 Loading class javax/net/ssl/X509TrustManager
Event: 391.359 Loading class javax/net/ssl/X509TrustManager done
Event: 391.415 Loading class javax/net/ssl/SSLException
Event: 391.415 Loading class javax/net/ssl/SSLException done
Event: 391.415 Loading class javax/net/ssl/SSLPeerUnverifiedException
Event: 391.415 Loading class javax/net/ssl/SSLPeerUnverifiedException done
Event: 391.415 Loading class java/security/cert/CertificateParsingException
Event: 391.416 Loading class java/security/cert/CertificateException
Event: 391.416 Loading class java/security/cert/CertificateException done
Event: 391.416 Loading class java/security/cert/CertificateParsingException done
Event: 391.538 Loading class javax/naming/NamingException
Event: 391.540 Loading class javax/naming/NamingException done
Event: 391.541 Loading class javax/naming/InvalidNameException
Event: 391.541 Loading class javax/naming/InvalidNameException done
Event: 401.573 Loading class java/nio/file/Path$1
Event: 401.573 Loading class java/nio/file/Path$1 done

Classes unloaded (0 events):
No events

Classes redefined (0 events):
No events

Internal exceptions (20 events):
Event: 379.502 Thread 0x000002be7aad3aa0 Exception <a 'java/lang/NoSuchMethodError'{0x00000000885b3480}: 'java.lang.Object java.lang.invoke.DirectMethodHandle$Holder.newInvokeSpecial(java.lang.Object, java.lang.Object, java.lang.Object, long, java.lang.Object)'> (0x00000000885b3480) 
thrown [s\src\hotspot\share\interpreter\linkResolver.cpp, line 773]
Event: 379.503 Thread 0x000002be7aad3aa0 Exception <a 'java/lang/NoSuchMethodError'{0x00000000885b8330}: 'java.lang.Object java.lang.invoke.DirectMethodHandle$Holder.invokeSpecial(java.lang.Object, java.lang.Object, java.lang.Object, java.lang.Object, long, java.lang.Object)'> (0x00000000885b8330) 
thrown [s\src\hotspot\share\interpreter\linkResolver.cpp, line 773]
Event: 379.504 Thread 0x000002be7aad3aa0 Exception <a 'java/lang/NoSuchMethodError'{0x00000000885bc8b0}: 'java.lang.Object java.lang.invoke.Invokers$Holder.linkToTargetMethod(java.lang.Object, java.lang.Object, long, java.lang.Object, java.lang.Object)'> (0x00000000885bc8b0) 
thrown [s\src\hotspot\share\interpreter\linkResolver.cpp, line 773]
Event: 379.580 Thread 0x000002be7aad3aa0 Exception <a 'java/lang/NoSuchMethodError'{0x0000000088210ef0}: 'java.lang.Object java.lang.invoke.DelegatingMethodHandle$Holder.reinvoke_L(java.lang.Object, java.lang.Object, java.lang.Object, java.lang.Object, int, java.lang.Object, java.lang.Object, java.lang.Object, java.lang.Object, java.lang.Object, java.lang.Object, java.lang.Object, java.lang.Object)'> (0x0000000088210ef0) 
thrown [s\src\hotspot\share\interpreter\linkResolver.cpp, line 773]
Event: 379.647 Thread 0x000002be7aad3aa0 Implicit null exception at 0x000002be280743fc to 0x000002be280744b4
Event: 382.422 Thread 0x000002be7aad3aa0 Exception <a 'java/lang/NoSuchMethodError'{0x0000000084415830}: 'java.lang.Object java.lang.invoke.DirectMethodHandle$Holder.newInvokeSpecial(java.lang.Object, java.lang.Object, java.lang.Object, java.lang.Object, java.lang.Object, java.lang.Object, java.lang.Object, java.lang.Object, java.lang.Object, java.lang.Object, java.lang.Object, java.lang.Object, java.lang.Object, java.lang.Object, java.lang.Object, java.lang.Object, java.lang.Object, java.lang.Object, java.lang.Object)'> (0x0000000084415830) 
thr
Event: 382.423 Thread 0x000002be7aad3aa0 Exception <a 'java/lang/NoSuchMethodError'{0x000000008441c4b0}: 'java.lang.Object java.lang.invoke.DirectMethodHandle$Holder.invokeSpecial(java.lang.Object, java.lang.Object, java.lang.Object, java.lang.Object, java.lang.Object, java.lang.Object, java.lang.Object, java.lang.Object, java.lang.Object, java.lang.Object, java.lang.Object, java.lang.Object, java.lang.Object, java.lang.Object, java.lang.Object, java.lang.Object, java.lang.Object, java.lang.Object, java.lang.Object, java.lang.Object)'> (0x0000000
Event: 382.424 Thread 0x000002be7aad3aa0 Exception <a 'java/lang/NoSuchMethodError'{0x0000000084421d00}: 'java.lang.Object java.lang.invoke.DelegatingMethodHandle$Holder.reinvoke_L(java.lang.Object, java.lang.Object, java.lang.Object, java.lang.Object, java.lang.Object, java.lang.Object, java.lang.Object, java.lang.Object, java.lang.Object, java.lang.Object, java.lang.Object, java.lang.Object, java.lang.Object, java.lang.Object, java.lang.Object, java.lang.Object, java.lang.Object, java.lang.Object, java.lang.Object)'> (0x0000000084421d00) 
throw
Event: 384.020 Thread 0x000002be7aad3aa0 Exception <a 'java/lang/NoSuchMethodError'{0x000000008432c6e0}: 'void java.lang.invoke.DirectMethodHandle$Holder.invokeStatic(java.lang.Object, java.lang.Object, java.lang.Object, java.lang.Object, java.lang.Object, java.lang.Object)'> (0x000000008432c6e0) 
thrown [s\src\hotspot\share\interpreter\linkResolver.cpp, line 773]
Event: 384.026 Thread 0x000002be7aad3aa0 Exception <a 'java/lang/IncompatibleClassChangeError'{0x0000000084340638}: Found class java.lang.Object, but interface was expected> (0x0000000084340638) 
thrown [s\src\hotspot\share\interpreter\linkResolver.cpp, line 840]
Event: 387.848 Thread 0x000002be7aad3aa0 Exception <a 'java/lang/NoSuchMethodError'{0x00000000841d3598}: 'java.lang.Object java.lang.invoke.DirectMethodHandle$Holder.newInvokeSpecial(java.lang.Object, java.lang.Object, java.lang.Object, int, java.lang.Object)'> (0x00000000841d3598) 
thrown [s\src\hotspot\share\interpreter\linkResolver.cpp, line 773]
Event: 387.927 Thread 0x000002be7aad3aa0 Exception <a 'java/lang/NoSuchMethodError'{0x00000000841d7d08}: 'java.lang.Object java.lang.invoke.Invokers$Holder.linkToTargetMethod(java.lang.Object, java.lang.Object, int, java.lang.Object, java.lang.Object)'> (0x00000000841d7d08) 
thrown [s\src\hotspot\share\interpreter\linkResolver.cpp, line 773]
Event: 390.081 Thread 0x000002be7aad3aa0 Exception <a 'java/lang/NoSuchMethodError'{0x0000000083e83fd8}: 'java.lang.Object java.lang.invoke.DirectMethodHandle$Holder.newInvokeSpecial(java.lang.Object, int, java.lang.Object)'> (0x0000000083e83fd8) 
thrown [s\src\hotspot\share\interpreter\linkResolver.cpp, line 773]
Event: 394.852 Thread 0x000002be7aad3aa0 Exception <a 'java/lang/NoSuchMethodError'{0x0000000083517fa0}: 'java.lang.Object java.lang.invoke.DirectMethodHandle$Holder.newInvokeSpecial(java.lang.Object, java.lang.Object, java.lang.Object, int)'> (0x0000000083517fa0) 
thrown [s\src\hotspot\share\interpreter\linkResolver.cpp, line 773]
Event: 394.854 Thread 0x000002be7aad3aa0 Exception <a 'java/lang/NoSuchMethodError'{0x000000008351ccf8}: 'java.lang.Object java.lang.invoke.DirectMethodHandle$Holder.invokeSpecial(java.lang.Object, java.lang.Object, java.lang.Object, java.lang.Object, int)'> (0x000000008351ccf8) 
thrown [s\src\hotspot\share\interpreter\linkResolver.cpp, line 773]
Event: 394.854 Thread 0x000002be7aad3aa0 Exception <a 'java/lang/NoSuchMethodError'{0x0000000083521108}: 'java.lang.Object java.lang.invoke.Invokers$Holder.linkToTargetMethod(java.lang.Object, java.lang.Object, int, java.lang.Object)'> (0x0000000083521108) 
thrown [s\src\hotspot\share\interpreter\linkResolver.cpp, line 773]
Event: 401.484 Thread 0x000002be7aad3aa0 Exception <a 'java/lang/NoSuchMethodError'{0x000000008329dd68}: 'int java.lang.invoke.DirectMethodHandle$Holder.invokeSpecialIFC(java.lang.Object, java.lang.Object, java.lang.Object)'> (0x000000008329dd68) 
thrown [s\src\hotspot\share\interpreter\linkResolver.cpp, line 773]
Event: 410.677 Thread 0x000002be7aad3aa0 Exception <a 'java/lang/NoSuchMethodError'{0x000000008faa0a00}: 'void java.lang.invoke.DirectMethodHandle$Holder.invokeStatic(java.lang.Object, java.lang.Object, java.lang.Object, int, java.lang.Object)'> (0x000000008faa0a00) 
thrown [s\src\hotspot\share\interpreter\linkResolver.cpp, line 773]
Event: 410.934 Thread 0x000002be7aad3aa0 Exception <a 'java/lang/NoSuchMethodError'{0x000000008f835008}: 'int java.lang.invoke.DirectMethodHandle$Holder.invokeInterface(java.lang.Object, java.lang.Object, java.lang.Object, java.lang.Object, java.lang.Object)'> (0x000000008f835008) 
thrown [s\src\hotspot\share\interpreter\linkResolver.cpp, line 773]
Event: 414.732 Thread 0x000002be7aad3aa0 Exception <a 'java/lang/NoSuchMethodError'{0x00000000888e61e8}: 'java.lang.Object java.lang.invoke.DirectMethodHandle$Holder.invokeSpecial(java.lang.Object, java.lang.Object, long, java.lang.Object, java.lang.Object)'> (0x00000000888e61e8) 
thrown [s\src\hotspot\share\interpreter\linkResolver.cpp, line 773]

ZGC Phase Switch (0 events):
No events

VM Operations (20 events):
Event: 389.590 Executing safepoint VM operation: Cleanup
Event: 389.590 Executing safepoint VM operation: Cleanup done
Event: 390.602 Executing safepoint VM operation: Cleanup
Event: 390.678 Executing safepoint VM operation: Cleanup done
Event: 397.720 Executing safepoint VM operation: Cleanup
Event: 397.720 Executing safepoint VM operation: Cleanup done
Event: 401.762 Executing safepoint VM operation: Cleanup
Event: 401.762 Executing safepoint VM operation: Cleanup done
Event: 402.374 Executing non-safepoint VM operation: HandshakeAllThreads (Deoptimize)
Event: 402.375 Executing non-safepoint VM operation: HandshakeAllThreads (Deoptimize) done
Event: 408.421 Executing safepoint VM operation: Cleanup
Event: 408.575 Executing safepoint VM operation: Cleanup done
Event: 409.584 Executing safepoint VM operation: Cleanup
Event: 409.597 Executing safepoint VM operation: Cleanup done
Event: 410.168 Executing safepoint VM operation: G1CollectForAllocation (G1 Evacuation Pause)
Event: 410.178 Executing safepoint VM operation: G1CollectForAllocation (G1 Evacuation Pause) done
Event: 411.188 Executing safepoint VM operation: Cleanup
Event: 411.188 Executing safepoint VM operation: Cleanup done
Event: 414.221 Executing safepoint VM operation: Cleanup
Event: 414.688 Executing safepoint VM operation: Cleanup done

Memory protections (0 events):
No events

Nmethod flushes (20 events):
Event: 354.333 Thread 0x000002be34930250 flushing  nmethod 0x000002be207d8790
Event: 354.333 Thread 0x000002be34930250 flushing  nmethod 0x000002be207d8c10
Event: 354.333 Thread 0x000002be34930250 flushing  nmethod 0x000002be207d9090
Event: 354.333 Thread 0x000002be34930250 flushing  nmethod 0x000002be207ecb10
Event: 354.333 Thread 0x000002be34930250 flushing  nmethod 0x000002be2086af10
Event: 354.333 Thread 0x000002be34930250 flushing  nmethod 0x000002be208fa210
Event: 354.333 Thread 0x000002be34930250 flushing  nmethod 0x000002be20901410
Event: 354.333 Thread 0x000002be34930250 flushing  nmethod 0x000002be204c4590
Event: 354.333 Thread 0x000002be34930250 flushing  nmethod 0x000002be204c5790
Event: 354.333 Thread 0x000002be34930250 flushing  nmethod 0x000002be204c5d10
Event: 354.333 Thread 0x000002be34930250 flushing  nmethod 0x000002be20512310
Event: 354.333 Thread 0x000002be34930250 flushing  nmethod 0x000002be20513090
Event: 354.333 Thread 0x000002be34930250 flushing  nmethod 0x000002be2052d110
Event: 354.333 Thread 0x000002be34930250 flushing  nmethod 0x000002be2052eb90
Event: 354.333 Thread 0x000002be34930250 flushing  nmethod 0x000002be205eab90
Event: 354.333 Thread 0x000002be34930250 flushing  nmethod 0x000002be207d9c10
Event: 354.333 Thread 0x000002be34930250 flushing  nmethod 0x000002be207da590
Event: 354.333 Thread 0x000002be34930250 flushing  nmethod 0x000002be2087c490
Event: 354.333 Thread 0x000002be34930250 flushing  nmethod 0x000002be2087ca10
Event: 354.333 Thread 0x000002be34930250 flushing  nmethod 0x000002be2087dc10

Events (20 events):
Event: 251.049 Thread 0x000002be7a3b9870 Thread exited: 0x000002be7a3b9870
Event: 259.063 Thread 0x000002be7ab1ac80 Thread added: 0x000002be7aad4e50
Event: 259.705 Thread 0x000002be7ab1ac80 Thread added: 0x000002be7aad6200
Event: 262.780 Thread 0x000002be7aad3aa0 Thread added: 0x000002be7aad5b70
Event: 262.820 Thread 0x000002be7aad3aa0 Thread added: 0x000002be7aad47c0
Event: 262.821 Thread 0x000002be7aad3aa0 Thread added: 0x000002be7aad3410
Event: 286.103 Thread 0x000002be7aad3aa0 Thread added: 0x000002be7aad54e0
Event: 286.943 Thread 0x000002be7aad3aa0 Thread added: 0x000002be7aad6890
Event: 288.718 Thread 0x000002be7aad6890 Thread added: 0x000002be7bea1650
Event: 292.407 Thread 0x000002be7aad3aa0 Thread added: 0x000002be7bea3090
Event: 328.766 Thread 0x000002be7aad3aa0 Thread added: 0x000002be7bea2370
Event: 329.012 Thread 0x000002be7aad3aa0 Thread added: 0x000002be7bea3db0
Event: 330.455 Thread 0x000002be7aad3aa0 Thread added: 0x000002be7bea4440
Event: 330.897 Thread 0x000002be7aad3aa0 Thread added: 0x000002be7bea0fc0
Event: 332.865 Thread 0x000002be7aad3aa0 Thread added: 0x000002be7df80d30
Event: 334.234 Thread 0x000002be7aad3aa0 Thread added: 0x000002be7df813c0
Event: 339.734 Thread 0x000002be7aad3aa0 Thread added: 0x000002be7df82770
Event: 340.626 Thread 0x000002be7aad3aa0 Thread added: 0x000002be7df81a50
Event: 348.783 Thread 0x000002be7aad3aa0 Thread added: 0x000002be7df80010
Event: 349.643 Thread 0x000002be7aad3aa0 Thread added: 0x000002be7df83b20


Dynamic libraries:
0x00007ff6b38f0000 - 0x00007ff6b38fe000 	C:\Users\Cesde\.cursor\extensions\redhat.java-1.56.0-win32-x64\jre\21.0.12.1-win32-x86_64\bin\java.exe
0x00007ffbd3720000 - 0x00007ffbd3987000 	C:\WINDOWS\SYSTEM32\ntdll.dll
0x00007ffbd2620000 - 0x00007ffbd26eb000 	C:\WINDOWS\System32\KERNEL32.DLL
0x00007ffbd0ea0000 - 0x00007ffbd12a2000 	C:\WINDOWS\System32\KERNELBASE.dll
0x00007ffbd0c10000 - 0x00007ffbd0d5c000 	C:\WINDOWS\System32\ucrtbase.dll
0x00007ffb35d30000 - 0x00007ffb35d48000 	C:\Users\Cesde\.cursor\extensions\redhat.java-1.56.0-win32-x64\jre\21.0.12.1-win32-x86_64\bin\jli.dll
0x00007ffbd2340000 - 0x00007ffbd250f000 	C:\WINDOWS\System32\USER32.dll
0x00007ffbd0be0000 - 0x00007ffbd0c07000 	C:\WINDOWS\System32\win32u.dll
0x00007ffbd2ab0000 - 0x00007ffbd2adb000 	C:\WINDOWS\System32\GDI32.dll
0x00007ffbd0d70000 - 0x00007ffbd0e99000 	C:\WINDOWS\System32\gdi32full.dll
0x00007ffbd0920000 - 0x00007ffbd09c3000 	C:\WINDOWS\System32\msvcp_win.dll
0x00007ffb356f0000 - 0x00007ffb3570e000 	C:\Users\Cesde\.cursor\extensions\redhat.java-1.56.0-win32-x64\jre\21.0.12.1-win32-x86_64\bin\VCRUNTIME140.dll
0x00007ffbb2b40000 - 0x00007ffbb2dd0000 	C:\WINDOWS\WinSxS\amd64_microsoft.windows.common-controls_6595b64144ccf1df_6.0.26100.9278_none_3e0d1ba8e3303201\COMCTL32.dll
0x00007ffbd35a0000 - 0x00007ffbd3649000 	C:\WINDOWS\System32\msvcrt.dll
0x00007ffbd2720000 - 0x00007ffbd2751000 	C:\WINDOWS\System32\IMM32.DLL
0x00007ffbcaf00000 - 0x00007ffbcaf0c000 	C:\Users\Cesde\.cursor\extensions\redhat.java-1.56.0-win32-x64\jre\21.0.12.1-win32-x86_64\bin\vcruntime140_1.dll
0x00007ffb1d500000 - 0x00007ffb1d58d000 	C:\Users\Cesde\.cursor\extensions\redhat.java-1.56.0-win32-x64\jre\21.0.12.1-win32-x86_64\bin\msvcp140.dll
0x00007ffb1c750000 - 0x00007ffb1d4f2000 	C:\Users\Cesde\.cursor\extensions\redhat.java-1.56.0-win32-x64\jre\21.0.12.1-win32-x86_64\bin\server\jvm.dll
0x00007ffbd33a0000 - 0x00007ffbd345c000 	C:\WINDOWS\System32\ADVAPI32.dll
0x00007ffbd18f0000 - 0x00007ffbd1999000 	C:\WINDOWS\System32\sechost.dll
0x00007ffbd3480000 - 0x00007ffbd3598000 	C:\WINDOWS\System32\RPCRT4.dll
0x00007ffbd1a10000 - 0x00007ffbd1a90000 	C:\WINDOWS\System32\WS2_32.dll
0x00007ffbd0780000 - 0x00007ffbd07de000 	C:\WINDOWS\SYSTEM32\POWRPROF.dll
0x00007ffbc7380000 - 0x00007ffbc73b6000 	C:\WINDOWS\SYSTEM32\WINMM.dll
0x00007ffbc5b80000 - 0x00007ffbc5b8b000 	C:\WINDOWS\SYSTEM32\VERSION.dll
0x00007ffbd0760000 - 0x00007ffbd0775000 	C:\WINDOWS\SYSTEM32\UMPDC.dll
0x00007ffbcf5b0000 - 0x00007ffbcf5cb000 	C:\WINDOWS\SYSTEM32\kernel.appcore.dll
0x00007ffba20d0000 - 0x00007ffba20da000 	C:\Users\Cesde\.cursor\extensions\redhat.java-1.56.0-win32-x64\jre\21.0.12.1-win32-x86_64\bin\jimage.dll
0x00007ffbcdfd0000 - 0x00007ffbce21c000 	C:\WINDOWS\SYSTEM32\DBGHELP.DLL
0x00007ffbd2f80000 - 0x00007ffbd3305000 	C:\WINDOWS\System32\combase.dll
0x00007ffbd1810000 - 0x00007ffbd18e9000 	C:\WINDOWS\System32\OLEAUT32.dll
0x00007ffba90c0000 - 0x00007ffba90fb000 	C:\WINDOWS\SYSTEM32\dbgcore.DLL
0x00007ffbd09d0000 - 0x00007ffbd0a7c000 	C:\WINDOWS\System32\bcryptPrimitives.dll
0x00007ffb82b40000 - 0x00007ffb82b4f000 	C:\Users\Cesde\.cursor\extensions\redhat.java-1.56.0-win32-x64\jre\21.0.12.1-win32-x86_64\bin\instrument.dll
0x00007ffb35020000 - 0x00007ffb35040000 	C:\Users\Cesde\.cursor\extensions\redhat.java-1.56.0-win32-x64\jre\21.0.12.1-win32-x86_64\bin\java.dll
0x00007ffbd1aa0000 - 0x00007ffbd2238000 	C:\WINDOWS\System32\SHELL32.dll
0x00007ffbce340000 - 0x00007ffbcebee000 	C:\WINDOWS\SYSTEM32\windows.storage.dll
0x00007ffbd2240000 - 0x00007ffbd233b000 	C:\WINDOWS\System32\SHCORE.dll
0x00007ffbd3310000 - 0x00007ffbd3376000 	C:\WINDOWS\System32\shlwapi.dll
0x00007ffbd0840000 - 0x00007ffbd0869000 	C:\WINDOWS\SYSTEM32\profapi.dll
0x00007ffb32900000 - 0x00007ffb32918000 	C:\Users\Cesde\.cursor\extensions\redhat.java-1.56.0-win32-x64\jre\21.0.12.1-win32-x86_64\bin\zip.dll
0x00007ffb8edf0000 - 0x00007ffb8ee00000 	C:\Users\Cesde\.cursor\extensions\redhat.java-1.56.0-win32-x64\jre\21.0.12.1-win32-x86_64\bin\net.dll
0x00007ffbc8230000 - 0x00007ffbc835a000 	C:\WINDOWS\SYSTEM32\WINHTTP.dll
0x00007ffbcfb50000 - 0x00007ffbcfbbc000 	C:\WINDOWS\system32\mswsock.dll
0x00007ffb21620000 - 0x00007ffb21636000 	C:\Users\Cesde\.cursor\extensions\redhat.java-1.56.0-win32-x64\jre\21.0.12.1-win32-x86_64\bin\nio.dll
0x00007ffb80e80000 - 0x00007ffb80e90000 	C:\Users\Cesde\.cursor\extensions\redhat.java-1.56.0-win32-x64\jre\21.0.12.1-win32-x86_64\bin\verify.dll
0x00007ffb4dc70000 - 0x00007ffb4dc97000 	C:\Users\Cesde\.gradle\native\660c5614fbf4a5f2a75b1949f50a0caf5cd603558e7d8a26e50b933a0cfb79d1\windows-amd64\native-platform.dll
0x00007ffb4e820000 - 0x00007ffb4e897000 	C:\Users\Cesde\.gradle\native\0.2.8\x86_64-windows-gnu\gradle-fileevents.dll
0x00007ffbbd750000 - 0x00007ffbbd75a000 	C:\Users\Cesde\.cursor\extensions\redhat.java-1.56.0-win32-x64\jre\21.0.12.1-win32-x86_64\bin\management.dll
0x00007ffbb2de0000 - 0x00007ffbb2dec000 	C:\Users\Cesde\.cursor\extensions\redhat.java-1.56.0-win32-x64\jre\21.0.12.1-win32-x86_64\bin\management_ext.dll
0x00007ffbd3470000 - 0x00007ffbd3478000 	C:\WINDOWS\System32\PSAPI.DLL
0x00007ffbcf010000 - 0x00007ffbcf043000 	C:\WINDOWS\SYSTEM32\IPHLPAPI.DLL
0x00007ffbd1a00000 - 0x00007ffbd1a0a000 	C:\WINDOWS\System32\NSI.dll
0x00007ffbb21c0000 - 0x00007ffbb21c9000 	C:\Users\Cesde\.cursor\extensions\redhat.java-1.56.0-win32-x64\jre\21.0.12.1-win32-x86_64\bin\extnet.dll
0x00007ffbcff70000 - 0x00007ffbcff8b000 	C:\WINDOWS\SYSTEM32\CRYPTSP.dll
0x00007ffbcf510000 - 0x00007ffbcf549000 	C:\WINDOWS\system32\rsaenh.dll
0x00007ffbcfc00000 - 0x00007ffbcfc34000 	C:\WINDOWS\SYSTEM32\USERENV.dll
0x00007ffbd0810000 - 0x00007ffbd083a000 	C:\WINDOWS\SYSTEM32\bcrypt.dll
0x00007ffbcfdb0000 - 0x00007ffbcfdbc000 	C:\WINDOWS\SYSTEM32\CRYPTBASE.dll
0x00007ffb8da40000 - 0x00007ffb8da4e000 	C:\Users\Cesde\.cursor\extensions\redhat.java-1.56.0-win32-x64\jre\21.0.12.1-win32-x86_64\bin\sunmscapi.dll
0x00007ffbd12b0000 - 0x00007ffbd142e000 	C:\WINDOWS\System32\CRYPT32.dll
0x00007ffbd00e0000 - 0x00007ffbd0110000 	C:\WINDOWS\SYSTEM32\ncrypt.dll
0x00007ffbd0090000 - 0x00007ffbd00cf000 	C:\WINDOWS\SYSTEM32\NTASN1.dll
0x00007ffba2190000 - 0x00007ffba2198000 	C:\WINDOWS\system32\wshunix.dll

JVMTI agents:
C:\Users\Cesde\.gradle\wrapper\dists\gradle-9.4.1-bin\arn2x92ynaizyzdaamcbpbhtj\gradle-9.4.1\lib\agents\gradle-instrumentation-agent-9.4.1.jar path:C:\Users\Cesde\.cursor\extensions\redhat.java-1.56.0-win32-x64\jre\21.0.12.1-win32-x86_64\bin\instrument.dll, loaded, initialized, instrumentlib options:none

dbghelp: loaded successfully - version: 4.0.5 - missing functions: none
symbol engine: initialized successfully - sym options: 0x614 - pdb path: .;C:\Users\Cesde\.cursor\extensions\redhat.java-1.56.0-win32-x64\jre\21.0.12.1-win32-x86_64\bin;C:\WINDOWS\SYSTEM32;C:\WINDOWS\WinSxS\amd64_microsoft.windows.common-controls_6595b64144ccf1df_6.0.26100.9278_none_3e0d1ba8e3303201;C:\Users\Cesde\.cursor\extensions\redhat.java-1.56.0-win32-x64\jre\21.0.12.1-win32-x86_64\bin\server;C:\Users\Cesde\.gradle\native\660c5614fbf4a5f2a75b1949f50a0caf5cd603558e7d8a26e50b933a0cfb79d1\windows-amd64;C:\Users\Cesde\.gradle\native\0.2.8\x86_64-windows-gnu

VM Arguments:
jvm_args: --add-opens=java.base/java.lang=ALL-UNNAMED --add-opens=java.base/java.lang.invoke=ALL-UNNAMED --add-opens=java.base/java.util=ALL-UNNAMED --add-opens=java.prefs/java.util.prefs=ALL-UNNAMED --add-exports=jdk.compiler/com.sun.tools.javac.api=ALL-UNNAMED --add-exports=jdk.compiler/com.sun.tools.javac.util=ALL-UNNAMED --add-opens=java.base/java.util=ALL-UNNAMED --add-opens=java.prefs/java.util.prefs=ALL-UNNAMED --add-opens=java.base/java.nio.charset=ALL-UNNAMED --add-opens=java.base/java.net=ALL-UNNAMED --add-opens=java.base/java.util.concurrent=ALL-UNNAMED --add-opens=java.base/java.util.concurrent.atomic=ALL-UNNAMED --add-opens=java.xml/javax.xml.namespace=ALL-UNNAMED --add-opens=java.base/java.time=ALL-UNNAMED -Xmx2048m -Dfile.encoding=UTF-8 -Duser.country=CO -Duser.language=es -Duser.variant -javaagent:C:\Users\Cesde\.gradle\wrapper\dists\gradle-9.4.1-bin\arn2x92ynaizyzdaamcbpbhtj\gradle-9.4.1\lib\agents\gradle-instrumentation-agent-9.4.1.jar 
java_command: org.gradle.launcher.daemon.bootstrap.GradleDaemon 9.4.1
java_class_path (initial): C:\Users\Cesde\.gradle\wrapper\dists\gradle-9.4.1-bin\arn2x92ynaizyzdaamcbpbhtj\gradle-9.4.1\lib\gradle-daemon-main-9.4.1.jar
Launcher Type: SUN_STANDARD

[Global flags]
     intx CICompilerCount                          = 4                                         {product} {ergonomic}
     uint ConcGCThreads                            = 2                                         {product} {ergonomic}
     uint G1ConcRefinementThreads                  = 8                                         {product} {ergonomic}
   size_t G1HeapRegionSize                         = 1048576                                   {product} {ergonomic}
    uintx GCDrainStackTargetSize                   = 64                                        {product} {ergonomic}
   size_t InitialHeapSize                          = 264241152                                 {product} {ergonomic}
   size_t MarkStackSize                            = 4194304                                   {product} {ergonomic}
   size_t MaxHeapSize                              = 2147483648                                {product} {command line}
   size_t MaxNewSize                               = 1287651328                                {product} {ergonomic}
   size_t MinHeapDeltaBytes                        = 1048576                                   {product} {ergonomic}
   size_t MinHeapSize                              = 8388608                                   {product} {ergonomic}
    uintx NonNMethodCodeHeapSize                   = 5839372                                {pd product} {ergonomic}
    uintx NonProfiledCodeHeapSize                  = 122909434                              {pd product} {ergonomic}
    uintx ProfiledCodeHeapSize                     = 122909434                              {pd product} {ergonomic}
    uintx ReservedCodeCacheSize                    = 251658240                              {pd product} {ergonomic}
     bool SegmentedCodeCache                       = true                                      {product} {ergonomic}
   size_t SoftMaxHeapSize                          = 2147483648                             {manageable} {ergonomic}
     bool UseCompressedOops                        = true                           {product lp64_product} {ergonomic}
     bool UseG1GC                                  = true                                      {product} {ergonomic}
     bool UseLargePagesIndividualAllocation        = false                                  {pd product} {ergonomic}

Logging:
Log output configuration:
 #0: stdout all=warning uptime,level,tags foldmultilines=false
 #1: stderr all=off uptime,level,tags foldmultilines=false

Release file:
JAVA_VERSION="21.0.12.1" 
MODULES="java.base java.compiler java.datatransfer java.xml java.prefs java.desktop java.instrument java.logging java.management java.security.sasl java.naming java.rmi java.management.rmi java.net.http java.scripting java.security.jgss java.transaction.xa java.sql java.sql.rowset java.xml.crypto java.se java.smartcardio jdk.accessibility jdk.internal.jvmstat jdk.attach jdk.charsets jdk.internal.opt jdk.zipfs jdk.compiler jdk.crypto.ec jdk.crypto.cryptoki jdk.crypto.mscapi jdk.dynalink jdk.internal.ed jdk.editpad jdk.hotspot.agent jdk.httpserver jdk.internal.le jdk.internal.vm.ci jdk.internal.vm.compiler jdk.internal.vm.compiler.management jdk.jartool jdk.javadoc jdk.jcmd jdk.management jdk.management.agent jdk.jconsole jdk.jdeps jdk.jdwp.agent jdk.jdi jdk.jfr jdk.jshell jdk.jsobject jdk.jstatd jdk.localedata jdk.management.jfr jdk.naming.dns jdk.naming.rmi jdk.net jdk.nio.mapmode jdk.random jdk.sctp jdk.security.auth jdk.security.jgss jdk.unsupported jdk.unsupported.desktop jdk.xml.dom" 

Environment Variables:
PATH=C:\Program Files\Common Files\Oracle\Java\javapath;C:\WINDOWS\system32;C:\WINDOWS;C:\WINDOWS\System32\Wbem;C:\WINDOWS\System32\WindowsPowerShell\v1.0\;C:\WINDOWS\System32\OpenSSH\;C:\Program Files (x86)\Microsoft SQL Server\160\Tools\Binn\;C:\Program Files\Microsoft SQL Server\160\Tools\Binn\;C:\Program Files\Microsoft SQL Server\Client SDK\ODBC\170\Tools\Binn\;C:\Program Files\Microsoft SQL Server\160\DTS\Binn\;C:\Program Files\Git\cmd;C:\Program Files\Microsoft SQL Server\170\Tools\Binn\;C:\Program Files\dotnet\;C:\xampp\php;C:\ProgramData\ComposerSetup\bin;C:\Program Files\nodejs\;C:\ProgramData\chocolatey\bin;C:\Program Files\Docker\Docker\resources\bin;C:\Users\Cesde\AppData\Local\Microsoft\WindowsApps;C:\Users\Cesde\AppData\Local\GitHubDesktop\bin;C:\Users\Cesde\AppData\Local\Programs\Microsoft VS Code\bin;C:\Users\Cesde\AppData\Roaming\npm;C:\Users\Cesde\AppData\Local\Programs\cursor\resources\app\bin;C:\kotlinc\bin;
USERNAME=Cesde
OS=Windows_NT
PROCESSOR_IDENTIFIER=Intel64 Family 6 Model 140 Stepping 1, GenuineIntel
TMP=C:\Users\Cesde\AppData\Local\Temp
TEMP=C:\Users\Cesde\AppData\Local\Temp




Periodic native trim disabled

---------------  S Y S T E M  ---------------

OS:
 Windows 11 , 64 bit Build 26100 (10.0.26100.9444)
OS uptime: 0 days 0:15 hours
Hyper-V role detected

CPU: total 8 (initial active 8) (4 cores per cpu, 2 threads per core) family 6 model 140 stepping 1 microcode 0x86, cx8, cmov, fxsr, ht, mmx, 3dnowpref, sse, sse2, sse3, ssse3, sse4.1, sse4.2, popcnt, lzcnt, tsc, tscinvbit, avx, avx2, aes, erms, clmul, bmi1, bmi2, adx, avx512f, avx512dq, avx512cd, avx512bw, avx512vl, sha, fma, vzeroupper, avx512_vpopcntdq, avx512_vpclmulqdq, avx512_vaes, avx512_vnni, clflush, clflushopt, clwb, avx512_vbmi2, avx512_vbmi, hv, rdtscp, rdpid, fsrm, gfni, avx512_bitalg, f16c, cet_ibt, cet_ss, avx512_ifma
Processor Information for the first 8 processors :
  Max Mhz: 2803, Current Mhz: 2803, Mhz Limit: 2803

Memory: 4k page, system-wide physical 16082M (252M free)
TotalPageFile size 65234M (AvailPageFile size 3M)
current process WorkingSet (physical memory assigned to process): 171M, peak: 201M
current process commit charge ("private bytes"): 297M, peak: 419M

vm_info: OpenJDK 64-Bit Server VM (21.0.12.1+1-LTS) for windows-amd64 JRE (21.0.12.1+1-LTS), built on 2026-08-18T00:00:00Z by "admin" with MS VC++ 17.12 (VS2022)

END.
